###############################################################################
#
# IAR ELF Linker V7.30.1.7746/W32 for ARM                 12/Jun/2018  16:39:03
# Copyright 2007-2014 IAR Systems AB.
#
#    Output file  =  D:\Island\6.11稳定进环\Prj\IAR\Debug\Exe\VCAN_KL.out
#    Map file     =  D:\Island\6.11稳定进环\Prj\IAR\Debug\List\VCAN_KL.map
#    Command line =  
#        D:\Island\6.11稳定进环\Prj\IAR\Debug\Obj\beep.o
#        D:\Island\6.11稳定进环\Prj\IAR\Debug\Obj\delay.o
#        D:\Island\6.11稳定进环\Prj\IAR\Debug\Obj\dial_switch.o
#        D:\Island\6.11稳定进环\Prj\IAR\Debug\Obj\filter.o
#        D:\Island\6.11稳定进环\Prj\IAR\Debug\Obj\getspeed.o
#        D:\Island\6.11稳定进环\Lib\CMSIS\iar_cortexM0plusl_math.a
#        D:\Island\6.11稳定进环\Prj\IAR\Debug\Obj\image2.o
#        D:\Island\6.11稳定进环\Prj\IAR\Debug\Obj\image_process.o
#        D:\Island\6.11稳定进环\Prj\IAR\Debug\Obj\imu.o
#        D:\Island\6.11稳定进环\Prj\IAR\Debug\Obj\init.o
#        D:\Island\6.11稳定进环\Prj\IAR\Debug\Obj\ISR.o
#        D:\Island\6.11稳定进环\Prj\IAR\Debug\Obj\ISR_FUN.o
#        D:\Island\6.11稳定进环\Prj\IAR\Debug\Obj\LCD.o
#        D:\Island\6.11稳定进环\Prj\IAR\Debug\Obj\LED.o
#        D:\Island\6.11稳定进环\Prj\IAR\Debug\Obj\main.o
#        D:\Island\6.11稳定进环\Prj\IAR\Debug\Obj\misc.o
#        D:\Island\6.11稳定进环\Prj\IAR\Debug\Obj\MKL_adc.o
#        D:\Island\6.11稳定进环\Prj\IAR\Debug\Obj\MKL_conf.o
#        D:\Island\6.11稳定进环\Prj\IAR\Debug\Obj\MKL_dac.o
#        D:\Island\6.11稳定进环\Prj\IAR\Debug\Obj\MKL_dma.o
#        D:\Island\6.11稳定进环\Prj\IAR\Debug\Obj\MKL_flash.o
#        D:\Island\6.11稳定进环\Prj\IAR\Debug\Obj\MKL_gpio.o
#        D:\Island\6.11稳定进环\Prj\IAR\Debug\Obj\MKL_i2c.o
#        D:\Island\6.11稳定进环\Prj\IAR\Debug\Obj\MKL_it.o
#        D:\Island\6.11稳定进环\Prj\IAR\Debug\Obj\MKL_lptmr.o
#        D:\Island\6.11稳定进环\Prj\IAR\Debug\Obj\MKL_mcg.o
#        D:\Island\6.11稳定进环\Prj\IAR\Debug\Obj\MKL_PIT.o
#        D:\Island\6.11稳定进环\Prj\IAR\Debug\Obj\MKL_port.o
#        D:\Island\6.11稳定进环\Prj\IAR\Debug\Obj\MKL_spi.o
#        D:\Island\6.11稳定进环\Prj\IAR\Debug\Obj\MKL_SysTick.o
#        D:\Island\6.11稳定进环\Prj\IAR\Debug\Obj\MKL_TPM.o
#        D:\Island\6.11稳定进环\Prj\IAR\Debug\Obj\MKL_uart.o
#        D:\Island\6.11稳定进环\Prj\IAR\Debug\Obj\MKL_wdog.o
#        D:\Island\6.11稳定进环\Prj\IAR\Debug\Obj\mpu6050.o
#        D:\Island\6.11稳定进环\Prj\IAR\Debug\Obj\mpuiic.o
#        D:\Island\6.11稳定进环\Prj\IAR\Debug\Obj\mykey.o
#        D:\Island\6.11稳定进环\Prj\IAR\Debug\Obj\mymath.o
#        D:\Island\6.11稳定进环\Prj\IAR\Debug\Obj\myPWM.o
#        D:\Island\6.11稳定进环\Prj\IAR\Debug\Obj\OV7725.o
#        D:\Island\6.11稳定进环\Prj\IAR\Debug\Obj\pid.o
#        D:\Island\6.11稳定进环\Prj\IAR\Debug\Obj\SCCB.o
#        D:\Island\6.11稳定进环\Prj\IAR\Debug\Obj\startup_MKL.o
#        D:\Island\6.11稳定进环\Prj\IAR\Debug\Obj\system_MKL.o
#        D:\Island\6.11稳定进环\Prj\IAR\Debug\Obj\vectors.o -o
#        D:\Island\6.11稳定进环\Prj\IAR\Debug\Exe\VCAN_KL.out --map
#        D:\Island\6.11稳定进环\Prj\IAR\Debug\List\VCAN_KL.map --config
#        "D:\Island\6.11稳定进环\Prj\IAR\config files\256KB_Pflash.icf"
#        --semihosting --entry __iar_program_start --vfe
#
###############################################################################

*******************************************************************************
*** RUNTIME MODEL ATTRIBUTES
***

CppFlavor       = *
__SystemLibrary = DLib


*******************************************************************************
*** PLACEMENT SUMMARY
***

"A1":  place at 0x00000000 { ro section .intvec };
"A2":  place at 0x00000410 { ro section .noinit };
"P1":  place in [from 0x00000000 to 0x00040000] { ro, block CodeRelocate };
"P2":  place in [from 0x1fffe410 to 0x20006000] {
          rw, block CodeRelocateRam, block CSTACK, block HEAP };

  Section              Kind        Address    Size  Object
  -------              ----        -------    ----  ------
"A1":                                        0x410
  .intvec              const    0x00000000   0x410  vectors.o [1]
                              - 0x00000410   0x410

"P1", part 1 of 2:                             0x0
  .rodata              const    0x00000410     0x0  zero_init3.o [5]
  CodeRelocate                  0x00000410     0x0  <Block>

"A2":                                          0x8
  .noinit              ro code  0x00000410     0x8  startup_MKL.o [1]
                              - 0x00000418     0x8

"P1", part 2 of 2:                          0x85f4
  .text                ro code  0x00000418  0x1a9c  image_process.o [1]
  .text                ro code  0x00001eb4   0xb14  LCD.o [1]
  .text                ro code  0x000029c8    0xe0  I32DivModFast.o [5]
  .text                ro code  0x00002aa8    0x34  I32ToDbl.o [4]
  .text                ro code  0x00002adc    0xc2  DblDiv.o [4]
  .text                ro code  0x00002b9e    0x2a  zero_init3.o [5]
  .text                ro code  0x00002bc8    0x52  DblToI32.o [4]
  .text                ro code  0x00002c1a   0x184  DblMul.o [4]
  .text                ro code  0x00002d9e   0x1b4  DblAddSub.o [4]
  .text                ro code  0x00002f54    0x7e  mymath.o [1]
  .text                ro code  0x00002fd4    0xd4  MKL_gpio.o [1]
  .text                ro code  0x000030a8    0x64  MKL_SysTick.o [1]
  .text                ro code  0x0000310c     0x2  IntDivZer.o [5]
  .text                ro code  0x00003110    0xd8  MKL_port.o [1]
  .text                ro code  0x000031e8    0x54  MKL_conf.o [1]
  .text                ro code  0x0000323c    0x24  printf.o [3]
  .text                ro code  0x00003260   0x4f4  MKL_uart.o [1]
  .text                ro code  0x00003754   0xeea  xprintffull_nomb.o [3]
  .text                ro code  0x00004640    0x3a  FltToS32.o [4]
  .text                ro code  0x0000467a    0x14  strchr.o [5]
  .text                ro code  0x0000468e    0x10  strlen.o [5]
  .text                ro code  0x0000469e    0x18  memchr.o [5]
  .text                ro code  0x000046b6    0x6a  I64DivMod.o [5]
  .text                ro code  0x00004720    0x5c  ABImemcpy.o [5]
  .text                ro code  0x0000477c    0x44  xdnorm.o [4]
  .text                ro code  0x000047c0    0x32  DblCmpLe.o [4]
  .text                ro code  0x000047f2    0x32  DblCmpGe.o [4]
  .text                ro code  0x00004824   0x11c  xdscale.o [4]
  .text                ro code  0x00004940    0x68  localeconv.o [3]
  .text                ro code  0x000049a8    0x20  div.o [3]
  .text                ro code  0x000049c8     0x2  I64DivZer.o [5]
  .text                ro code  0x000049ca     0x2  xtls.o [3]
  .data_init                    0x000049cc   0xb6c  <Block>
    Initializer bytes  ro data  0x000049cc   0xb6c  <for .data-1>
  .text                ro code  0x00005538   0x6a4  ISR.o [1]
  .text                ro code  0x00005bdc    0x34  ABImemset.o [5]
  .text                ro code  0x00005c10   0x120  FltAddSub.o [4]
  .text                ro code  0x00005d30    0x88  beep.o [1]
  .text                ro code  0x00005db8    0x9c  getspeed.o [1]
  .text                ro code  0x00005e54   0x410  ISR_FUN.o [1]
  .text                ro code  0x00006264   0x200  MKL_adc.o [1]
  .text                ro code  0x00006464   0x4ac  MKL_TPM.o [1]
  .text                ro code  0x00006910    0x36  I32ToFlt.o [4]
  .text                ro code  0x00006948    0x32  FltToDbl.o [4]
  .text                ro code  0x0000697a    0x62  DblToFlt.o [4]
  .text                ro code  0x000069dc   0x122  pid.o [1]
  .text                ro code  0x00006afe    0xb4  FltMul.o [4]
  .text                ro code  0x00006bb4    0x26  FltCmpLe.o [4]
  .text                ro code  0x00006bdc   0x456  SCCB.o [1]
  .text                ro code  0x00007034   0x344  MKL_mcg.o [1]
  .text                ro code  0x00007378   0x308  init.o [1]
  .text                ro code  0x00007680    0x8c  MKL_PIT.o [1]
  .text                ro code  0x0000770c    0x50  misc.o [1]
  .text                ro code  0x0000775c   0x13c  dial_switch.o [1]
  .text                ro code  0x00007898    0x2c  LED.o [1]
  .text                ro code  0x000078c4    0x38  myPWM.o [1]
  .text                ro code  0x000078fc    0xc4  mykey.o [1]
  .text                ro code  0x000079c0   0x2e2  mpu6050.o [1]
  .text                ro code  0x00007ca4   0x230  OV7725.o [1]
  .text                ro code  0x00007ed4   0x230  mpuiic.o [1]
  .text                ro code  0x00008104   0x1e8  MKL_dma.o [1]
  .text                ro code  0x000082ec   0x1f0  main.o [1]
  .text                ro code  0x000084dc   0x184  system_MKL.o [1]
  .text                ro code  0x00008660    0x20  MKL_wdog.o [1]
  .rodata              const    0x00008680    0x3c  MKL_conf.o [1]
  .rodata              const    0x000086bc    0x34  MKL_SysTick.o [1]
  .rodata              const    0x000086f0    0x30  MKL_adc.o [1]
  .rodata              const    0x00008720    0x30  MKL_dma.o [1]
  .rodata              const    0x00008750    0x30  MKL_PIT.o [1]
  .rodata              const    0x00008780    0x30  MKL_TPM.o [1]
  .rodata              const    0x000087b0    0x2c  misc.o [1]
  .text                ro code  0x000087dc    0x28  data_init.o [5]
  .rodata              const    0x00008804    0x24  MKL_conf.o [1]
  .rodata              const    0x00008828    0x24  OV7725.o [1]
  .iar.init_table      const    0x0000884c    0x10  - Linker created -
  .rodata              const    0x0000885c    0x20  OV7725.o [1]
  .rodata              const    0x0000887c    0x20  OV7725.o [1]
  .text                ro code  0x0000889c    0x1a  cmain.o [5]
  .text                ro code  0x000088b6     0x4  low_level_init.o [3]
  .text                ro code  0x000088ba     0x8  exit.o [3]
  .text                ro code  0x000088c4     0xa  cexit.o [5]
  .text                ro code  0x000088d0    0x14  exit.o [6]
  .rodata              const    0x000088e4    0x18  OV7725.o [1]
  .rodata              const    0x000088fc    0x18  xprintffull_nomb.o [3]
  .text                ro code  0x00008914    0x16  xprout.o [3]
  .text                ro code  0x0000892c    0x10  putchar.o [3]
  .rodata              const    0x0000893c    0x14  OV7725.o [1]
  .rodata              const    0x00008950    0x10  OV7725.o [1]
  .text                ro code  0x00008960     0xc  cstartup_M.o [5]
  .rodata              const    0x0000896c     0x8  image_process.o [1]
  .rodata              const    0x00008974     0x8  image_process.o [1]
  .rodata              const    0x0000897c     0x8  ISR.o [1]
  Initializer bytes    ro data  0x00008984    0x88  <for P2 s0>
                              - 0x00008a0c  0x85f4

"P2":                                       0x68c8
  .data                         0x1fffe410   0xb6c  <Block>
    .data-1                     0x1fffe410   0xb6c  <Init block>
      .data            inited   0x1fffe410     0x4  beep.o [1]
      .data            inited   0x1fffe414     0x2  image_process.o [1]
      .data            inited   0x1fffe418     0x8  image_process.o [1]
      .data            inited   0x1fffe420    0x40  image_process.o [1]
      .data            inited   0x1fffe460     0x1  ISR.o [1]
      .data            inited   0x1fffe464   0x800  LCD.o [1]
      .data            inited   0x1fffec64     0x4  main.o [1]
      .data            inited   0x1fffec68     0x4  main.o [1]
      .data            inited   0x1fffec6c     0x2  main.o [1]
      .data            inited   0x1fffec6e     0x1  main.o [1]
      .data            inited   0x1fffec6f     0x1  main.o [1]
      .data            inited   0x1fffec70     0x1  main.o [1]
      .data            inited   0x1fffec71     0x1  main.o [1]
      .data            inited   0x1fffec74     0x4  main.o [1]
      .data            inited   0x1fffec78     0x4  main.o [1]
      .data            inited   0x1fffec7c     0x1  main.o [1]
      .data            inited   0x1fffec80     0x4  main.o [1]
      .data            inited   0x1fffec84     0x4  main.o [1]
      .data            inited   0x1fffec88     0x4  main.o [1]
      .data            inited   0x1fffec8c     0x4  main.o [1]
      .data            inited   0x1fffec90     0x2  main.o [1]
      .data            inited   0x1fffec92     0x2  main.o [1]
      .data            inited   0x1fffec94     0x2  main.o [1]
      .data            inited   0x1fffec98     0x4  MKL_adc.o [1]
      .data            inited   0x1fffec9c   0x1bc  MKL_conf.o [1]
      .data            inited   0x1fffee58    0x14  MKL_gpio.o [1]
      .data            inited   0x1fffee6c    0x34  MKL_mcg.o [1]
      .data            inited   0x1fffeea0     0x4  MKL_mcg.o [1]
      .data            inited   0x1fffeea4    0x14  MKL_port.o [1]
      .data            inited   0x1fffeeb8     0xc  MKL_TPM.o [1]
      .data            inited   0x1fffeec4     0xc  MKL_uart.o [1]
      .data            inited   0x1fffeed0     0x1  mykey.o [1]
      .data            inited   0x1fffeed1     0x1  OV7725.o [1]
      .data            inited   0x1fffeed2     0x1  OV7725.o [1]
      .data            inited   0x1fffeed4    0x64  OV7725.o [1]
      .data            inited   0x1fffef38     0x1  OV7725.o [1]
      .data            inited   0x1fffef3c    0x40  xfiles.o [3]
  .bss                          0x1fffef7c  0x5cd4  <Block>
    .bss               zero     0x1fffef7c   0x140  image_process.o [1]
    .bss               zero     0x1ffff0bc   0xe14  image_process.o [1]
    .bss               zero     0x1ffffed0    0x14  image_process.o [1]
    .bss               zero     0x1ffffee4     0x4  ISR.o [1]
    .bss               zero     0x1ffffee8     0x8  ISR.o [1]
    .bss               zero     0x1ffffef0     0x4  ISR.o [1]
    .bss               zero     0x1ffffef4     0x4  ISR.o [1]
    .bss               zero     0x1ffffef8     0x4  ISR.o [1]
    .bss               zero     0x1ffffefc     0x4  ISR_FUN.o [1]
    .bss               zero     0x1fffff00    0x14  ISR_FUN.o [1]
    .bss               zero     0x1fffff14    0x14  ISR_FUN.o [1]
    .bss               zero     0x1fffff28    0x28  ISR_FUN.o [1]
    .bss               zero     0x1fffff50     0x4  main.o [1]
    .bss               zero     0x1fffff54     0x4  main.o [1]
    .bss               zero     0x1fffff58     0x4  main.o [1]
    .bss               zero     0x1fffff5c     0x4  main.o [1]
    .bss               zero     0x1fffff60     0x4  main.o [1]
    .bss               zero     0x1fffff64     0x4  main.o [1]
    .bss               zero     0x1fffff68     0x4  main.o [1]
    .bss               zero     0x1fffff6c     0x4  main.o [1]
    .bss               zero     0x1fffff70    0x38  main.o [1]
    .bss               zero     0x1fffffa8    0x38  main.o [1]
    .bss               zero     0x1fffffe0    0x38  main.o [1]
    .bss               zero     0x20000018    0x38  main.o [1]
    .bss               zero     0x20000050     0x4  main.o [1]
    .bss               zero     0x20000054     0x4  main.o [1]
    .bss               zero     0x20000058     0x4  main.o [1]
    .bss               zero     0x2000005c     0x4  main.o [1]
    .bss               zero     0x20000060     0x4  main.o [1]
    .bss               zero     0x20000064    0x18  MKL_uart.o [1]
    .bss               zero     0x2000007c     0x4  MKL_wdog.o [1]
    .bss               zero     0x20000080  0x25a8  OV7725.o [1]
    .bss               zero     0x20002628  0x25a8  OV7725.o [1]
    .bss               zero     0x20004bd0     0x4  OV7725.o [1]
    .bss               zero     0x20004bd4     0x4  system_MKL.o [1]
    .bss               zero     0x20004bd8     0x4  system_MKL.o [1]
    .bss               zero     0x20004bdc     0x4  system_MKL.o [1]
    .bss               zero     0x20004be0     0x4  system_MKL.o [1]
    .bss               zero     0x20004be4    0x50  xfiles.o [3]
    .bss               zero     0x20004c34     0x2  LCD.o [1]
    .bss               zero     0x20004c36     0x2  main.o [1]
    .bss               zero     0x20004c38     0x2  main.o [1]
    .bss               zero     0x20004c3a     0x1  image_process.o [1]
    .bss               zero     0x20004c3b     0x1  image_process.o [1]
    .bss               zero     0x20004c3c     0x1  image_process.o [1]
    .bss               zero     0x20004c3d     0x1  image_process.o [1]
    .bss               zero     0x20004c3e     0x1  image_process.o [1]
    .bss               zero     0x20004c3f     0x1  image_process.o [1]
    .bss               zero     0x20004c40     0x1  ISR.o [1]
    .bss               zero     0x20004c41     0x1  ISR.o [1]
    .bss               zero     0x20004c42     0x1  ISR.o [1]
    .bss               zero     0x20004c43     0x1  ISR.o [1]
    .bss               zero     0x20004c44     0x1  ISR_FUN.o [1]
    .bss               zero     0x20004c45     0x1  ISR_FUN.o [1]
    .bss               zero     0x20004c46     0x1  main.o [1]
    .bss               zero     0x20004c47     0x1  main.o [1]
    .bss               zero     0x20004c48     0x1  main.o [1]
    .bss               zero     0x20004c49     0x1  main.o [1]
    .bss               zero     0x20004c4a     0x1  main.o [1]
    .bss               zero     0x20004c4b     0x1  main.o [1]
    .bss               zero     0x20004c4c     0x1  main.o [1]
    .bss               zero     0x20004c4d     0x1  main.o [1]
  CodeRelocateRam               0x20004c50     0x0  <Block>
  P2 s0                         0x20004c50    0x88  <Init block>
    __DLIB_PERTHREAD   inited   0x20004c50    0x88  localeconv.o [3]
                              - 0x20004cd8  0x68c8


*******************************************************************************
*** INIT TABLE
***

          Address     Size
          -------     ----
Zero (__iar_zero_init3)
    1 destination range, total size 0x5cd2:
          0x1fffef7c  0x5cd2



*******************************************************************************
*** MODULE SUMMARY
***

    Module              ro code  ro data  rw data
    ------              -------  -------  -------
D:\Island\6.11稳定进环\Prj\IAR\Debug\Obj: [1]
    ISR.o                 1 700        9       29
    ISR_FUN.o             1 040                86
    LCD.o                 2 836    2 051    2 050
    LED.o                    44
    MKL_PIT.o               140       48
    MKL_SysTick.o           100       52
    MKL_TPM.o             1 196       60       12
    MKL_adc.o               512       54        4
    MKL_conf.o               84      540      444
    MKL_dma.o               488       48
    MKL_gpio.o              212       20       20
    MKL_mcg.o               836       56       56
    MKL_port.o              216       20       20
    MKL_uart.o            1 268       12       36
    MKL_wdog.o               32                 4
    OV7725.o                560      264   19 387
    SCCB.o                1 110
    beep.o                  136        4        4
    dial_switch.o           316
    getspeed.o              156
    image_process.o       6 812       92    4 024
    init.o                  776
    main.o                  496       50      333
    misc.o                   80       44
    mpu6050.o               738
    mpuiic.o                560
    myPWM.o                  56
    mykey.o                 196        1        1
    mymath.o                126
    pid.o                   290
    startup_MKL.o             8
    system_MKL.o            388                16
    vectors.o                      1 040
    ---------------------------------------------
    Total:               23 508    4 465   26 526

command line: [2]
    ---------------------------------------------
    Total:

dl6M_tlf.a: [3]
    div.o                    32
    exit.o                    8
    localeconv.o            104      136      136
    low_level_init.o          4
    printf.o                 36
    putchar.o                16
    xfiles.o                          67      144
    xprintffull_nomb.o    3 818       24
    xprout.o                 22
    xtls.o                    2
    ---------------------------------------------
    Total:                4 042      227      280

m6M_tl.a: [4]
    DblAddSub.o             436
    DblCmpGe.o               50
    DblCmpLe.o               50
    DblDiv.o                194
    DblMul.o                388
    DblToFlt.o               98
    DblToI32.o               82
    FltAddSub.o             288
    FltCmpLe.o               38
    FltMul.o                180
    FltToDbl.o               50
    FltToS32.o               58
    I32ToDbl.o               52
    I32ToFlt.o               54
    xdnorm.o                 68
    xdscale.o               284
    ---------------------------------------------
    Total:                2 370

rt6M_tl.a: [5]
    ABImemcpy.o              92
    ABImemset.o              52
    I32DivModFast.o         224
    I64DivMod.o             106
    I64DivZer.o               2
    IntDivZer.o               2
    cexit.o                  10
    cmain.o                  26
    cstartup_M.o             12
    data_init.o              40
    memchr.o                 24
    strchr.o                 20
    strlen.o                 16
    zero_init3.o             42
    ---------------------------------------------
    Total:                  668

shb_l.a: [6]
    exit.o                   20
    ---------------------------------------------
    Total:                   20

    Gaps                     24                16
    Linker created                    16
-------------------------------------------------
    Grand Total:         30 632    4 708   26 822


*******************************************************************************
*** ENTRY LIST
***

Entry                      Address    Size  Type      Object
-----                      -------    ----  ----      ------
.bss$$Base              0x1fffef7c           --   Gb  - Linker created -
.bss$$Limit             0x20004c50           --   Gb  - Linker created -
.data$$Base             0x1fffe410           --   Gb  - Linker created -
.data$$Limit            0x1fffef7c           --   Gb  - Linker created -
.data_init$$Base        0x000049cc           --   Gb  - Linker created -
.data_init$$Limit       0x00005538           --   Gb  - Linker created -
?main                   0x0000889d          Code  Gb  cmain.o [5]
ADCN                    0x1fffec98     0x4  Data  Gb  MKL_adc.o [1]
ASSERT_FAILED_STR       0x00008804    0x24  Data  Gb  MKL_conf.o [1]
BEEP_Open_once          0x00005d43    0x2a  Code  Gb  beep.o [1]
Beep_ISR                0x00005d85    0x26  Code  Gb  beep.o [1]
Beep_Once               0x00005d6d    0x18  Code  Gb  beep.o [1]
Blue_Start_Flag         0x1fffec71     0x1  Data  Gb  main.o [1]
Brush_Color             0x20004c34     0x2  Data  Gb  LCD.o [1]
CenterlineToDiff        0x00000d33    0x22  Code  Gb  image_process.o [1]
CodeRelocate$$Base      0x00000410           --   Gb  - Linker created -
CodeRelocate$$Limit     0x00000410           --   Gb  - Linker created -
CodeRelocateRam$$Base   0x20004c50           --   Gb  - Linker created -
CodeRelocateRam$$Limit  0x20004c50           --   Gb  - Linker created -
Cross_Test              0x00000d55    0x3c  Code  Gb  image_process.o [1]
DIFF_DOWN               0x1fffec84     0x4  Data  Gb  main.o [1]
DIFF_PID_CHANGE_FLAG    0x20004c4c     0x1  Data  Gb  main.o [1]
DIFF_UP                 0x1fffec80     0x4  Data  Gb  main.o [1]
DMA0_IRQHandler         0x00005681    0x48  Code  Gb  ISR.o [1]
Diff_PID                0x1fffffe0    0x38  Data  Gb  main.o [1]
Diff_PID_Process        0x00006a6f    0x52  Code  Gb  pid.o [1]
Diff_PID_ave            0x1ffffefc     0x4  Data  Gb  ISR_FUN.o [1]
Diff_error              0x20000050     0x4  Data  Gb  main.o [1]
Disp_single_colour      0x000025ad    0x36  Code  Gb  LCD.o [1]
Duty_Motor1             0x1fffff68     0x4  Data  Gb  main.o [1]
Duty_Motor2             0x1fffff6c     0x4  Data  Gb  main.o [1]
Elec_Island             0x00000dcf    0x66  Code  Gb  image_process.o [1]
Font8x16                0x1fffe464   0x800  Data  Gb  LCD.o [1]
GPIOX                   0x1fffee58    0x14  Data  Gb  MKL_gpio.o [1]
Get_speed1              0x00005de9    0x34  Code  Gb  getspeed.o [1]
Get_speed2              0x00005e1d    0x34  Code  Gb  getspeed.o [1]
Gyro_Down               0x1fffec8c     0x4  Data  Gb  main.o [1]
Gyro_PID                0x20000018    0x38  Data  Gb  main.o [1]
Gyro_Up                 0x1fffec88     0x4  Data  Gb  main.o [1]
IICwriteBit             0x00007aad    0x48  Code  Gb  mpu6050.o [1]
IICwriteBits            0x00007af5    0x60  Code  Gb  mpu6050.o [1]
ImageData               0x1fffef7c   0x140  Data  Gb  image_process.o [1]
Image_Flag              0x1fffec7c     0x1  Data  Gb  main.o [1]
Image_Island_Test       0x00001759   0x314  Code  Gb  image_process.o [1]
Image_Island_Test_Beep  0x1fffe410     0x4  Data  Gb  beep.o [1]
Image_fire              0x20004bd0     0x4  Data  Gb  OV7725.o [1]
Image_fire_Memory1      0x20000080  0x25a8  Data  Gb  OV7725.o [1]
Image_fire_Memory2      0x20002628  0x25a8  Data  Gb  OV7725.o [1]
Image_hang              0x1ffff0bc   0xe14  Data  Gb  image_process.o [1]
Image_lie               0x1fffe418     0x8  Data  Gb  image_process.o [1]
In_Island               0x00000e51   0x284  Code  Gb  image_process.o [1]
In_Island_center        0x00001111   0x386  Code  Gb  image_process.o [1]
Island                  0x1fffe420    0x40  Data  Gb  image_process.o [1]
Island_Flag_Lock        0x20004c47     0x1  Data  Gb  main.o [1]
Island_process          0x00000db9    0x16  Code  Gb  image_process.o [1]
KEY_Scan                0x00007937    0x7e  Code  Gb  mykey.o [1]
Key_Start_Flag          0x20004c4b     0x1  Data  Gb  main.o [1]
Key_status              0x20004c48     0x1  Data  Gb  main.o [1]
LCD_DISPLAY_FLAG        0x1fffec6f     0x1  Data  Gb  main.o [1]
LCD_DrawBigPoint        0x00002991    0x38  Code  Gb  LCD.o [1]
LCD_DrawPoint           0x0000296d    0x24  Code  Gb  LCD.o [1]
LCD_Draw_Line           0x00002895    0xd8  Code  Gb  LCD.o [1]
LCD_PORT_init           0x00001eb5    0x2c  Code  Gb  LCD.o [1]
LCD_PutChar             0x000024fb    0x1e  Code  Gb  LCD.o [1]
LCD_PutChar8x16         0x00002551    0x56  Code  Gb  LCD.o [1]
LCD_PutString           0x00002519    0x38  Code  Gb  LCD.o [1]
LCD_Put_Int             0x000025e3   0x24a  Code  Gb  LCD.o [1]
LCD_SetPos              0x00002495    0x66  Code  Gb  LCD.o [1]
LCD_init                0x00001ee1   0x246  Code  Gb  LCD.o [1]
L_AD_Ave                0x1fffff50     0x4  Data  Gb  main.o [1]
LoadInt                 0x00003d13    0x68  Code  Lc  xprintffull_nomb.o [3]
MPU6050_setClockSource  0x00007b67    0x14  Code  Gb  mpu6050.o [1]
MPU6050_setDLPF         0x00007bd7    0x14  Code  Gb  mpu6050.o [1]
MPU6050_setFullScaleAccelRange
                        0x00007bb7    0x20  Code  Gb  mpu6050.o [1]
MPU6050_setFullScaleGyroRange
                        0x00007b97    0x20  Code  Gb  mpu6050.o [1]
MPU6050_setSleepEnabled
                        0x00007b55    0x12  Code  Gb  mpu6050.o [1]
MPU6050_set_SMPLRT_DIV  0x00007b7b    0x1c  Code  Gb  mpu6050.o [1]
MPU_IIC_Ack             0x00007fbf    0x3e  Code  Gb  mpuiic.o [1]
MPU_IIC_Init            0x00007ed5    0x18  Code  Gb  mpuiic.o [1]
MPU_IIC_NAck            0x00007ffd    0x3e  Code  Gb  mpuiic.o [1]
MPU_IIC_Read_Byte       0x00008097    0x60  Code  Gb  mpuiic.o [1]
MPU_IIC_Send_Byte       0x0000803b    0x5c  Code  Gb  mpuiic.o [1]
MPU_IIC_Start           0x00007eed    0x3e  Code  Gb  mpuiic.o [1]
MPU_IIC_Stop            0x00007f2b    0x3e  Code  Gb  mpuiic.o [1]
MPU_IIC_Wait_Ack        0x00007f69    0x56  Code  Gb  mpuiic.o [1]
MPU_Init                0x000079c1    0xec  Code  Gb  mpu6050.o [1]
MPU_Read_Byte           0x00007c65    0x3e  Code  Gb  mpu6050.o [1]
MPU_Read_Len            0x00007bf1    0x28  Code  Gb  mpu6050.o [1]
MPU_Write_Byte          0x00007c19    0x4c  Code  Gb  mpu6050.o [1]
MYADC_INIT              0x00006455    0x10  Code  Gb  MKL_adc.o [1]
Master_Speed            0x1fffec6c     0x2  Data  Gb  main.o [1]
Memory_use_Flag         0x1fffeed1     0x1  Data  Gb  OV7725.o [1]
Motor1                  0x1fffff58     0x4  Data  Gb  main.o [1]
Motor1_PID              0x1fffff70    0x38  Data  Gb  main.o [1]
Motor2                  0x1fffff5c     0x4  Data  Gb  main.o [1]
Motor2_PID              0x1fffffa8    0x38  Data  Gb  main.o [1]
Motor_enable_Flag       0x1fffec70     0x1  Data  Gb  main.o [1]
Motot1_Init             0x000078c5    0x1c  Code  Gb  myPWM.o [1]
Motot2_Init             0x000078e1    0x1c  Code  Gb  myPWM.o [1]
NVIC_DisableIRQ         0x00005547     0xe  Code  Lc  ISR.o [1]
NVIC_DisableIRQ         0x00007cb3     0xe  Code  Lc  OV7725.o [1]
NVIC_EnableIRQ          0x00007379     0xe  Code  Lc  init.o [1]
NVIC_EnableIRQ          0x00005539     0xe  Code  Lc  ISR.o [1]
NVIC_EnableIRQ          0x00003261     0xe  Code  Lc  MKL_uart.o [1]
NVIC_EnableIRQ          0x00007ca5     0xe  Code  Lc  OV7725.o [1]
Out_Island              0x000015eb   0x13e  Code  Gb  image_process.o [1]
Out_Island_Test         0x00001b61   0x34c  Code  Gb  image_process.o [1]
Ov7725_Init             0x00007da5    0x12  Code  Gb  OV7725.o [1]
Ov7725_exti_Init        0x00007cc1    0xc6  Code  Gb  OV7725.o [1]
Ov7725_reg_Init         0x00007db7    0xc4  Code  Gb  OV7725.o [1]
PID_Init                0x00006ac1    0x3e  Code  Gb  pid.o [1]
PID_process             0x000069dd    0x92  Code  Gb  pid.o [1]
PIT_IRQHandler          0x0000598d   0x1d2  Code  Gb  ISR.o [1]
PORTX                   0x1fffeea4    0x14  Data  Gb  MKL_port.o [1]
Parameters_init_CAR     0x00007451   0x19c  Code  Gb  init.o [1]
R_AD_Ave                0x1fffff54     0x4  Data  Gb  main.o [1]
Reduct_Flag             0x20004c4a     0x1  Data  Gb  main.o [1]
Region$$Table$$Base     0x0000884c           --   Gb  - Linker created -
Region$$Table$$Limit    0x0000885c           --   Gb  - Linker created -
Reset_Handler           0x00000411          Code  Gb  startup_MKL.o [1]
Road_Status_Flag        0x20004c46     0x1  Data  Gb  main.o [1]
SCCB_Ack                0x00006d1b    0x4e  Code  Lc  SCCB.o [1]
SCCB_GPIO_init          0x00006bf5    0x28  Code  Gb  SCCB.o [1]
SCCB_NoAck              0x00006d69    0x50  Code  Lc  SCCB.o [1]
SCCB_ReadByte           0x00006fad    0x86  Code  Gb  SCCB.o [1]
SCCB_ReceiveByte        0x00006ec1    0x8e  Code  Lc  SCCB.o [1]
SCCB_SendByte           0x00006e4b    0x6e  Code  Lc  SCCB.o [1]
SCCB_Start              0x00006c1d    0xba  Code  Lc  SCCB.o [1]
SCCB_Stop               0x00006cd7    0x44  Code  Lc  SCCB.o [1]
SCCB_WaitAck            0x00006db9    0x92  Code  Lc  SCCB.o [1]
SCCB_WriteByte          0x00006f65    0x48  Code  Gb  SCCB.o [1]
SCCB_delay              0x00006bdd    0x18  Code  Lc  SCCB.o [1]
SCI_Send_Datas          0x0000366d    0xda  Code  Gb  MKL_uart.o [1]
Send_Image_to_LCD       0x00002839    0x56  Code  Gb  LCD.o [1]
Slow_Flag               0x20004c49     0x1  Data  Gb  main.o [1]
Speed_Control           0x00005e55    0x98  Code  Gb  ISR_FUN.o [1]
Speed_L_sum             0x1fffff60     0x4  Data  Gb  main.o [1]
Speed_R_sum             0x1fffff64     0x4  Data  Gb  main.o [1]
Speed_goal1             0x1fffec64     0x4  Data  Gb  main.o [1]
Speed_goal1_TEMP        0x1fffec74     0x4  Data  Gb  main.o [1]
Speed_goal2             0x1fffec68     0x4  Data  Gb  main.o [1]
Speed_goal2_TEMP        0x1fffec78     0x4  Data  Gb  main.o [1]
Speed_max_to_min_diff   0x20004c4d     0x1  Data  Gb  main.o [1]
Speed_output            0x00005f0d   0x2d4  Code  Gb  ISR_FUN.o [1]
Speed_stand             0x20004c36     0x2  Data  Gb  main.o [1]
Start_line_cnt          0x20004c3c     0x1  Data  Gb  image_process.o [1]
Start_line_delay        0x1fffe414     0x2  Data  Gb  image_process.o [1]
Start_line_flag         0x20004c3b     0x1  Data  Gb  image_process.o [1]
Stay_Island             0x000014a9   0x142  Code  Gb  image_process.o [1]
Switch_Status           0x20004c38     0x2  Data  Gb  main.o [1]
System_Init             0x00007387    0xc0  Code  Gb  init.o [1]
TPMN                    0x1fffeeb8     0xc  Data  Gb  MKL_TPM.o [1]
Test_Far_Lie            0x00001a7d    0xdc  Code  Gb  image_process.o [1]
TimeCnt_Start_Reduct_Flag
                        0x1fffe460     0x1  Data  Gb  ISR.o [1]
Time_1ms                0x20000058     0x4  Data  Gb  main.o [1]
UARTN                   0x1fffeec4     0xc  Data  Gb  MKL_uart.o [1]
USART1_IRQHandler       0x00005711   0x22e  Code  Gb  ISR.o [1]
VSYNC_IRQ               0x000055c9    0xb8  Code  Gb  ISR.o [1]
_GenldFullNoMb          0x00004335   0x2d6  Code  Lc  xprintffull_nomb.o [3]
_LdtobFullNoMb          0x00003ead   0x474  Code  Lc  xprintffull_nomb.o [3]
_LitobFullNoMb          0x00003d7b   0x12e  Code  Lc  xprintffull_nomb.o [3]
_Locale_aeabi_lconv     0x20004ca0    0x38  Data  Gb  localeconv.o [3]
_Locale_lconv           0x20004c50    0x50  Data  Gb  localeconv.o [3]
_PrintfFullNoMb         0x00003755   0x5be  Code  Gb  xprintffull_nomb.o [3]
_Prout                  0x00008915    0x16  Code  Gb  xprout.o [3]
_PutcharsFullNoMb       0x0000460f    0x30  Code  Lc  xprintffull_nomb.o [3]
__BOOT_STACK_ADDRESS {Abs}
                        0x20005ff8           --   Gb  command line/config [2]
__VECTOR_RAM {Abs}      0x1fffe000           --   Gb  command line/config [2]
__VECTOR_TABLE {Abs}    0x00000000           --   Gb  command line/config [2]
__aeabi_cdcmple         0x000047c1          Code  Gb  DblCmpLe.o [4]
__aeabi_cdrcmple        0x000047f3          Code  Gb  DblCmpGe.o [4]
__aeabi_cfcmple         0x00006bb5          Code  Gb  FltCmpLe.o [4]
__aeabi_d2f             0x0000697b          Code  Gb  DblToFlt.o [4]
__aeabi_d2iz            0x00002bc9          Code  Gb  DblToI32.o [4]
__aeabi_d2uiz           0x00002bed          Code  Gb  DblToI32.o [4]
__aeabi_dadd            0x00002d9f          Code  Gb  DblAddSub.o [4]
__aeabi_ddiv            0x00002add          Code  Gb  DblDiv.o [4]
__aeabi_dmul            0x00002c1b          Code  Gb  DblMul.o [4]
__aeabi_dsub            0x00002e65          Code  Gb  DblAddSub.o [4]
__aeabi_f2d             0x00006949          Code  Gb  FltToDbl.o [4]
__aeabi_f2iz            0x00004641          Code  Gb  FltToS32.o [4]
__aeabi_fadd            0x00005c11          Code  Gb  FltAddSub.o [4]
__aeabi_fmul            0x00006aff          Code  Gb  FltMul.o [4]
__aeabi_fsub            0x00005c81          Code  Gb  FltAddSub.o [4]
__aeabi_i2d             0x00002aa9          Code  Gb  I32ToDbl.o [4]
__aeabi_i2f             0x00006911          Code  Gb  I32ToFlt.o [4]
__aeabi_idiv            0x000029f5          Code  Gb  I32DivModFast.o [5]
__aeabi_idiv0           0x0000310d          Code  Gb  IntDivZer.o [5]
__aeabi_idivmod         0x000029f5          Code  Gb  I32DivModFast.o [5]
__aeabi_ldiv0           0x000049c9          Code  Gb  I64DivZer.o [5]
__aeabi_memclr4         0x00005c0d          Code  Gb  ABImemset.o [5]
__aeabi_memclr8         0x00005c0d          Code  Gb  ABImemset.o [5]
__aeabi_memcpy          0x00004721          Code  Gb  ABImemcpy.o [5]
__aeabi_ui2d            0x00002abd          Code  Gb  I32ToDbl.o [4]
__aeabi_ui2f            0x00006929          Code  Gb  I32ToFlt.o [4]
__aeabi_uidiv           0x000029fb          Code  Gb  I32DivModFast.o [5]
__aeabi_uidivmod        0x000029fb          Code  Gb  I32DivModFast.o [5]
__aeabi_uldivmod        0x000046b7          Code  Gb  I64DivMod.o [5]
__cmain                 0x0000889d          Code  Gb  cmain.o [5]
__exit                  0x000088d1    0x14  Code  Gb  exit.o [6]
__iar_Dnorm             0x0000477d    0x44  Code  Gb  xdnorm.o [4]
__iar_Dscale            0x00004825   0x11c  Code  Gb  xdscale.o [4]
__iar_Locale_lconv_init
                        0x00004941    0x32  Code  Gb  localeconv.o [3]
__iar_Memchr            0x0000469f    0x18  Code  Gb  memchr.o [5]
__iar_Memset4_word      0x00005bdd          Code  Gb  ABImemset.o [5]
__iar_Stdout            0x1fffef3c    0x40  Data  Gb  xfiles.o [3]
__iar_Strchr            0x0000467b    0x14  Code  Gb  strchr.o [5]
__iar_d2uiz             0x00002bf1          Code  Gb  DblToI32.o [4]
__iar_data_init3        0x000087dd    0x28  Code  Gb  data_init.o [5]
__iar_dlib_perthread_access
                        0x000049cb     0x2  Code  Gb  xtls.o [3]
__iar_program_start     0x00008961          Code  Gb  cstartup_M.o [5]
__iar_ui2d              0x00002ac1          Code  Gb  I32ToDbl.o [4]
__iar_ui2f              0x0000692d          Code  Gb  I32ToFlt.o [4]
__iar_zero_init3        0x00002b9f    0x2a  Code  Gb  zero_init3.o [5]
__low_level_init        0x000088b7     0x4  Code  Gb  low_level_init.o [3]
__vector_table          0x00000000   0x410  Data  Gb  vectors.o [1]
_call_main              0x000088a9          Code  Gb  cmain.o [5]
_exit                   0x000088c5          Code  Gb  cexit.o [5]
_main                   0x000088b3          Code  Gb  cmain.o [5]
adc_init                0x00006265   0x138  Code  Gb  MKL_adc.o [1]
adc_once                0x0000639d    0x5a  Code  Gb  MKL_adc.o [1]
adc_start               0x000063f7    0x4c  Code  Lc  MKL_adc.o [1]
assert_failed           0x000031e9    0x12  Code  Gb  MKL_conf.o [1]
bus_clk_khz             0x20004be0     0x4  Data  Gb  system_MKL.o [1]
button_timeout          0x1fffec6e     0x1  Data  Gb  main.o [1]
cfgnum                  0x1fffef38     0x1  Data  Gb  OV7725.o [1]
clk_out_init            0x0000855f    0x24  Code  Gb  system_MKL.o [1]
common_startup          0x00008583    0x92  Code  Gb  system_MKL.o [1]
core_clk_khz            0x20004bd8     0x4  Data  Gb  system_MKL.o [1]
core_clk_mhz            0x20004bdc     0x4  Data  Gb  system_MKL.o [1]
default_isr             0x00003211    0x1c  Code  Gb  MKL_conf.o [1]
dial_switch_Init        0x0000775d    0x94  Code  Gb  dial_switch.o [1]
dial_switch_Scan        0x000077f1    0xa2  Code  Gb  dial_switch.o [1]
diff_done_flag          0x20004c3a     0x1  Data  Gb  image_process.o [1]
div                     0x000049a9    0x20  Code  Gb  div.o [3]
dma_portx2buff_init     0x00008105   0x1e8  Code  Gb  MKL_dma.o [1]
dma_repeat              0x00005555    0x74  Code  Lc  ISR.o [1]
double_AD               0x00000d95    0x1e  Code  Gb  image_process.o [1]
exit                    0x000088bb     0x8  Code  Gb  exit.o [3]
fputc                   0x000031fb    0x14  Code  Gb  MKL_conf.o [1]
get_black_line          0x00000719   0x334  Code  Gb  image_process.o [1]
get_three_lie           0x00000a75   0x2be  Code  Gb  image_process.o [1]
getspeed1_init          0x00005db9    0x18  Code  Gb  getspeed.o [1]
getspeed2_init          0x00005dd1    0x18  Code  Gb  getspeed.o [1]
gpio_init               0x00002fd5    0xce  Code  Gb  MKL_gpio.o [1]
image_process           0x00000419   0x292  Code  Gb  image_process.o [1]
img_flag                0x1fffeed2     0x1  Data  Gb  OV7725.o [1]
localeconv              0x00004973    0x18  Code  Gb  localeconv.o [3]
main                    0x000082ed   0x1f0  Code  Gb  main.o [1]
mcg_cfg                 0x1fffee6c    0x34  Data  Gb  MKL_mcg.o [1]
mcg_div                 0x1fffeea0     0x4  Data  Gb  MKL_mcg.o [1]
mcg_div_count           0x00007035   0x222  Code  Gb  MKL_mcg.o [1]
min_u8_index            0x00002f55    0x30  Code  Gb  mymath.o [1]
myBEEP_Init             0x00005d31    0x12  Code  Gb  beep.o [1]
myKEY_Init              0x000078fd    0x3a  Code  Gb  mykey.o [1]
myLED_Init              0x00007899    0x2c  Code  Gb  LED.o [1]
obuf                    0x20004be4    0x50  Data  Lc  xfiles.o [3]
ov7725_get_img          0x00007d87    0x1e  Code  Gb  OV7725.o [1]
ov7727_reg              0x1fffeed4    0x64  Data  Gb  OV7725.o [1]
pit_init                0x00007681    0x7a  Code  Gb  MKL_PIT.o [1]
pll_clk_mhz             0x20004bd4     0x4  Data  Gb  system_MKL.o [1]
pll_init                0x00007265    0xc6  Code  Gb  MKL_mcg.o [1]
port_init               0x00003111    0x50  Code  Gb  MKL_port.o [1]
port_init_NoALT         0x00003161    0x7a  Code  Gb  MKL_port.o [1]
power_s16               0x00002f85    0x1a  Code  Gb  mymath.o [1]
printf                  0x0000323d    0x24  Code  Gb  printf.o [3]
putchar                 0x0000892d    0x10  Code  Gb  putchar.o [3]
road_filter_flag        0x20004c3d     0x1  Data  Gb  image_process.o [1]
set_vector_handler      0x0000772d    0x24  Code  Gb  misc.o [1]
stand_AD                0x1fffec94     0x2  Data  Gb  main.o [1]
stand_AD_L              0x1fffec90     0x2  Data  Gb  main.o [1]
stand_AD_R              0x1fffec92     0x2  Data  Gb  main.o [1]
stand_d                 0x20000060     0x4  Data  Gb  main.o [1]
stand_half_k            0x20000054     0x4  Data  Gb  main.o [1]
stand_p                 0x2000005c     0x4  Data  Gb  main.o [1]
start                   0x000084dd    0x18  Code  Gb  system_MKL.o [1]
start_check             0x0000320f     0x2  Code  Gb  MKL_conf.o [1]
strlen                  0x0000468f    0x10  Code  Gb  strlen.o [5]
sum_point               0x00002f9f    0x34  Code  Gb  mymath.o [1]
sysinit                 0x000084f5    0x6a  Code  Gb  system_MKL.o [1]
systick_delay           0x000030a9    0x38  Code  Gb  MKL_SysTick.o [1]
systick_delay_ms        0x000030e1    0x18  Code  Gb  MKL_SysTick.o [1]
tpm_port_mux            0x00006465    0xf4  Code  Gb  MKL_TPM.o [1]
tpm_pulse_clean         0x000068cf    0x10  Code  Gb  MKL_TPM.o [1]
tpm_pulse_get           0x000068df    0x10  Code  Gb  MKL_TPM.o [1]
tpm_pulse_init          0x000067d5    0xfa  Code  Gb  MKL_TPM.o [1]
tpm_pwm_duty            0x000066d5    0xe4  Code  Gb  MKL_TPM.o [1]
tpm_pwm_init            0x00006559   0x178  Code  Gb  MKL_TPM.o [1]
uart_init               0x0000326f   0x2c0  Code  Gb  MKL_uart.o [1]
uart_putchar            0x000035e9    0x34  Code  Gb  MKL_uart.o [1]
uart_querychar          0x0000353d    0x42  Code  Gb  MKL_uart.o [1]
uart_querystr           0x0000358d    0x4a  Code  Gb  MKL_uart.o [1]
uart_rx_irq_en          0x00003629    0x2c  Code  Gb  MKL_uart.o [1]
vector_str              0x1fffec9c   0x1bc  Data  Gb  MKL_conf.o [1]
wdog_cfg                0x2000007c     0x4  Data  Lc  MKL_wdog.o [1]
wdog_disable            0x00008661    0x16  Code  Gb  MKL_wdog.o [1]
write_command           0x00002131   0x1a4  Code  Gb  LCD.o [1]
write_data              0x000022d5   0x1a4  Code  Gb  LCD.o [1]
write_vtor              0x0000770d    0x20  Code  Gb  misc.o [1]
write_word              0x0000247d    0x18  Code  Gb  LCD.o [1]


[1] = D:\Island\6.11稳定进环\Prj\IAR\Debug\Obj
[2] = command line
[3] = dl6M_tlf.a
[4] = m6M_tl.a
[5] = rt6M_tl.a
[6] = shb_l.a

  30 632 bytes of readonly  code memory
   4 708 bytes of readonly  data memory
  26 822 bytes of readwrite data memory

Errors: none
Warnings: none
