###############################################################################
#
# IAR ELF Linker V7.30.1.7746/W32 for ARM                 27/Jun/2018  19:12:49
# Copyright 2007-2014 IAR Systems AB.
#
#    Output file  =  D:\Island\6.13稳定进出环\Prj\IAR\Debug\Exe\VCAN_KL.out
#    Map file     =  D:\Island\6.13稳定进出环\Prj\IAR\Debug\List\VCAN_KL.map
#    Command line =  
#        D:\Island\6.13稳定进出环\Prj\IAR\Debug\Obj\beep.o
#        D:\Island\6.13稳定进出环\Prj\IAR\Debug\Obj\delay.o
#        D:\Island\6.13稳定进出环\Prj\IAR\Debug\Obj\dial_switch.o
#        D:\Island\6.13稳定进出环\Prj\IAR\Debug\Obj\filter.o
#        D:\Island\6.13稳定进出环\Prj\IAR\Debug\Obj\getspeed.o
#        D:\Island\6.13稳定进出环\Lib\CMSIS\iar_cortexM0plusl_math.a
#        D:\Island\6.13稳定进出环\Prj\IAR\Debug\Obj\image2.o
#        D:\Island\6.13稳定进出环\Prj\IAR\Debug\Obj\image_process.o
#        D:\Island\6.13稳定进出环\Prj\IAR\Debug\Obj\imu.o
#        D:\Island\6.13稳定进出环\Prj\IAR\Debug\Obj\init.o
#        D:\Island\6.13稳定进出环\Prj\IAR\Debug\Obj\ISR.o
#        D:\Island\6.13稳定进出环\Prj\IAR\Debug\Obj\ISR_FUN.o
#        D:\Island\6.13稳定进出环\Prj\IAR\Debug\Obj\LCD.o
#        D:\Island\6.13稳定进出环\Prj\IAR\Debug\Obj\LED.o
#        D:\Island\6.13稳定进出环\Prj\IAR\Debug\Obj\main.o
#        D:\Island\6.13稳定进出环\Prj\IAR\Debug\Obj\misc.o
#        D:\Island\6.13稳定进出环\Prj\IAR\Debug\Obj\MKL_adc.o
#        D:\Island\6.13稳定进出环\Prj\IAR\Debug\Obj\MKL_conf.o
#        D:\Island\6.13稳定进出环\Prj\IAR\Debug\Obj\MKL_dac.o
#        D:\Island\6.13稳定进出环\Prj\IAR\Debug\Obj\MKL_dma.o
#        D:\Island\6.13稳定进出环\Prj\IAR\Debug\Obj\MKL_flash.o
#        D:\Island\6.13稳定进出环\Prj\IAR\Debug\Obj\MKL_gpio.o
#        D:\Island\6.13稳定进出环\Prj\IAR\Debug\Obj\MKL_i2c.o
#        D:\Island\6.13稳定进出环\Prj\IAR\Debug\Obj\MKL_it.o
#        D:\Island\6.13稳定进出环\Prj\IAR\Debug\Obj\MKL_lptmr.o
#        D:\Island\6.13稳定进出环\Prj\IAR\Debug\Obj\MKL_mcg.o
#        D:\Island\6.13稳定进出环\Prj\IAR\Debug\Obj\MKL_PIT.o
#        D:\Island\6.13稳定进出环\Prj\IAR\Debug\Obj\MKL_port.o
#        D:\Island\6.13稳定进出环\Prj\IAR\Debug\Obj\MKL_spi.o
#        D:\Island\6.13稳定进出环\Prj\IAR\Debug\Obj\MKL_SysTick.o
#        D:\Island\6.13稳定进出环\Prj\IAR\Debug\Obj\MKL_TPM.o
#        D:\Island\6.13稳定进出环\Prj\IAR\Debug\Obj\MKL_uart.o
#        D:\Island\6.13稳定进出环\Prj\IAR\Debug\Obj\MKL_wdog.o
#        D:\Island\6.13稳定进出环\Prj\IAR\Debug\Obj\mpu6050.o
#        D:\Island\6.13稳定进出环\Prj\IAR\Debug\Obj\mpuiic.o
#        D:\Island\6.13稳定进出环\Prj\IAR\Debug\Obj\mykey.o
#        D:\Island\6.13稳定进出环\Prj\IAR\Debug\Obj\mymath.o
#        D:\Island\6.13稳定进出环\Prj\IAR\Debug\Obj\myPWM.o
#        D:\Island\6.13稳定进出环\Prj\IAR\Debug\Obj\OV7725.o
#        D:\Island\6.13稳定进出环\Prj\IAR\Debug\Obj\pid.o
#        D:\Island\6.13稳定进出环\Prj\IAR\Debug\Obj\SCCB.o
#        D:\Island\6.13稳定进出环\Prj\IAR\Debug\Obj\startup_MKL.o
#        D:\Island\6.13稳定进出环\Prj\IAR\Debug\Obj\system_MKL.o
#        D:\Island\6.13稳定进出环\Prj\IAR\Debug\Obj\vectors.o -o
#        D:\Island\6.13稳定进出环\Prj\IAR\Debug\Exe\VCAN_KL.out --map
#        D:\Island\6.13稳定进出环\Prj\IAR\Debug\List\VCAN_KL.map --config
#        "D:\Island\6.13稳定进出环\Prj\IAR\config files\256KB_Pflash.icf"
#        --semihosting --entry __iar_program_start --vfe
#
###############################################################################

*******************************************************************************
*** RUNTIME MODEL ATTRIBUTES
***

CppFlavor       = *
__SystemLibrary = DLib


*******************************************************************************
*** PLACEMENT SUMMARY
***

"A1":  place at 0x00000000 { ro section .intvec };
"A2":  place at 0x00000410 { ro section .noinit };
"P1":  place in [from 0x00000000 to 0x00040000] { ro, block CodeRelocate };
"P2":  place in [from 0x1fffe410 to 0x20006000] {
          rw, block CodeRelocateRam, block CSTACK, block HEAP };

  Section              Kind        Address    Size  Object
  -------              ----        -------    ----  ------
"A1":                                        0x410
  .intvec              const    0x00000000   0x410  vectors.o [1]
                              - 0x00000410   0x410

"P1", part 1 of 2:                             0x0
  .rodata              const    0x00000410     0x0  zero_init3.o [5]
  CodeRelocate                  0x00000410     0x0  <Block>

"A2":                                          0x8
  .noinit              ro code  0x00000410     0x8  startup_MKL.o [1]
                              - 0x00000418     0x8

"P1", part 2 of 2:                          0xa04c
  .text                ro code  0x00000418  0x3580  image_process.o [1]
  .text                ro code  0x00003998   0xb14  LCD.o [1]
  .text                ro code  0x000044ac    0xe0  I32DivModFast.o [5]
  .text                ro code  0x0000458c    0x34  I32ToDbl.o [4]
  .text                ro code  0x000045c0    0xc2  DblDiv.o [4]
  .text                ro code  0x00004682    0x2a  zero_init3.o [5]
  .text                ro code  0x000046ac    0x52  DblToI32.o [4]
  .text                ro code  0x000046fe   0x184  DblMul.o [4]
  .text                ro code  0x00004882   0x1b4  DblAddSub.o [4]
  .text                ro code  0x00004a38    0x36  I32ToFlt.o [4]
  .text                ro code  0x00004a70    0x38  filter.o [1]
  .text                ro code  0x00004aa8    0x3a  FltToS32.o [4]
  .text                ro code  0x00004ae4    0x7e  mymath.o [1]
  .text                ro code  0x00004b64    0x88  beep.o [1]
  .text                ro code  0x00004bec    0xd4  MKL_gpio.o [1]
  .text                ro code  0x00004cc0    0x64  MKL_SysTick.o [1]
  .text                ro code  0x00004d24     0x2  IntDivZer.o [5]
  .text                ro code  0x00004d26    0xb4  FltMul.o [4]
  .text                ro code  0x00004dda   0x120  FltAddSub.o [4]
  .text                ro code  0x00004efc    0xd8  MKL_port.o [1]
  .text                ro code  0x00004fd4    0x54  MKL_conf.o [1]
  .text                ro code  0x00005028    0x24  printf.o [3]
  .text                ro code  0x0000504c   0x40c  MKL_uart.o [1]
  .text                ro code  0x00005458   0xeea  xprintffull_nomb.o [3]
  .text                ro code  0x00006342    0x14  strchr.o [5]
  .text                ro code  0x00006356    0x10  strlen.o [5]
  .text                ro code  0x00006366    0x18  memchr.o [5]
  .text                ro code  0x0000637e    0x6a  I64DivMod.o [5]
  .text                ro code  0x000063e8    0x5c  ABImemcpy.o [5]
  .text                ro code  0x00006444    0x44  xdnorm.o [4]
  .text                ro code  0x00006488    0x32  DblCmpLe.o [4]
  .text                ro code  0x000064ba    0x32  DblCmpGe.o [4]
  .text                ro code  0x000064ec   0x11c  xdscale.o [4]
  .text                ro code  0x00006608    0x68  localeconv.o [3]
  .text                ro code  0x00006670    0x20  div.o [3]
  .text                ro code  0x00006690     0x2  I64DivZer.o [5]
  .text                ro code  0x00006692     0x2  xtls.o [3]
  .data_init                    0x00006694   0xb94  <Block>
    Initializer bytes  ro data  0x00006694   0xb94  <for .data-1>
  .text                ro code  0x00007228   0x71c  ISR.o [1]
  .text                ro code  0x00007944    0x34  ABImemset.o [5]
  .text                ro code  0x00007978    0x9c  getspeed.o [1]
  .text                ro code  0x00007a14   0x384  ISR_FUN.o [1]
  .text                ro code  0x00007d98   0x200  MKL_adc.o [1]
  .text                ro code  0x00007f98   0x4ac  MKL_TPM.o [1]
  .text                ro code  0x00008444    0x32  FltToDbl.o [4]
  .text                ro code  0x00008476    0x62  DblToFlt.o [4]
  .text                ro code  0x000084d8   0x122  pid.o [1]
  .text                ro code  0x000085fc    0x26  FltCmpLe.o [4]
  .text                ro code  0x00008624   0x456  SCCB.o [1]
  .text                ro code  0x00008a7c   0x344  MKL_mcg.o [1]
  .text                ro code  0x00008dc0   0x308  init.o [1]
  .text                ro code  0x000090c8    0x8c  MKL_PIT.o [1]
  .text                ro code  0x00009154    0x50  misc.o [1]
  .text                ro code  0x000091a4   0x13c  dial_switch.o [1]
  .text                ro code  0x000092e0    0x2c  LED.o [1]
  .text                ro code  0x0000930c    0x38  myPWM.o [1]
  .text                ro code  0x00009344    0xc4  mykey.o [1]
  .text                ro code  0x00009408   0x2e2  mpu6050.o [1]
  .text                ro code  0x000096ec   0x230  OV7725.o [1]
  .text                ro code  0x0000991c   0x230  mpuiic.o [1]
  .text                ro code  0x00009b4c   0x1e8  MKL_dma.o [1]
  .text                ro code  0x00009d34   0x204  main.o [1]
  .text                ro code  0x00009f38   0x184  system_MKL.o [1]
  .text                ro code  0x0000a0bc    0x20  MKL_wdog.o [1]
  .rodata              const    0x0000a0dc    0x3c  MKL_conf.o [1]
  .rodata              const    0x0000a118    0x34  MKL_SysTick.o [1]
  .rodata              const    0x0000a14c    0x30  MKL_dma.o [1]
  .rodata              const    0x0000a17c    0x30  MKL_PIT.o [1]
  .rodata              const    0x0000a1ac    0x30  MKL_TPM.o [1]
  .rodata              const    0x0000a1dc    0x2c  misc.o [1]
  .rodata              const    0x0000a208    0x2c  MKL_adc.o [1]
  .text                ro code  0x0000a234    0x28  data_init.o [5]
  .rodata              const    0x0000a25c    0x24  MKL_conf.o [1]
  .rodata              const    0x0000a280    0x24  OV7725.o [1]
  .iar.init_table      const    0x0000a2a4    0x10  - Linker created -
  .rodata              const    0x0000a2b4    0x20  OV7725.o [1]
  .rodata              const    0x0000a2d4    0x20  OV7725.o [1]
  .text                ro code  0x0000a2f4    0x1a  cmain.o [5]
  .text                ro code  0x0000a30e     0x4  low_level_init.o [3]
  .text                ro code  0x0000a312     0x8  exit.o [3]
  .text                ro code  0x0000a31c     0xa  cexit.o [5]
  .text                ro code  0x0000a328    0x14  exit.o [6]
  .rodata              const    0x0000a33c    0x18  OV7725.o [1]
  .rodata              const    0x0000a354    0x18  xprintffull_nomb.o [3]
  .text                ro code  0x0000a36c    0x16  xprout.o [3]
  .text                ro code  0x0000a384    0x10  putchar.o [3]
  .rodata              const    0x0000a394    0x14  OV7725.o [1]
  .rodata              const    0x0000a3a8    0x10  OV7725.o [1]
  .text                ro code  0x0000a3b8     0xc  cstartup_M.o [5]
  .rodata              const    0x0000a3c4     0x8  image_process.o [1]
  .rodata              const    0x0000a3cc     0x8  image_process.o [1]
  .rodata              const    0x0000a3d4     0x8  ISR.o [1]
  Initializer bytes    ro data  0x0000a3dc    0x88  <for P2 s0>
                              - 0x0000a464  0xa04c

"P2":                                       0x68f0
  .data                         0x1fffe410   0xb94  <Block>
    .data-1                     0x1fffe410   0xb94  <Init block>
      .data            inited   0x1fffe410     0x4  beep.o [1]
      .data            inited   0x1fffe414     0x2  image_process.o [1]
      .data            inited   0x1fffe418    0x14  image_process.o [1]
      .data            inited   0x1fffe42c     0x8  image_process.o [1]
      .data            inited   0x1fffe434    0x48  image_process.o [1]
      .data            inited   0x1fffe47c     0xc  image_process.o [1]
      .data            inited   0x1fffe488     0x1  ISR.o [1]
      .data            inited   0x1fffe48c   0x800  LCD.o [1]
      .data            inited   0x1fffec8c     0x4  main.o [1]
      .data            inited   0x1fffec90     0x4  main.o [1]
      .data            inited   0x1fffec94     0x2  main.o [1]
      .data            inited   0x1fffec96     0x1  main.o [1]
      .data            inited   0x1fffec97     0x1  main.o [1]
      .data            inited   0x1fffec98     0x1  main.o [1]
      .data            inited   0x1fffec99     0x1  main.o [1]
      .data            inited   0x1fffec9c     0x4  main.o [1]
      .data            inited   0x1fffeca0     0x4  main.o [1]
      .data            inited   0x1fffeca4     0x1  main.o [1]
      .data            inited   0x1fffeca8     0x4  main.o [1]
      .data            inited   0x1fffecac     0x4  main.o [1]
      .data            inited   0x1fffecb0     0x4  main.o [1]
      .data            inited   0x1fffecb4     0x4  main.o [1]
      .data            inited   0x1fffecb8     0x2  main.o [1]
      .data            inited   0x1fffecba     0x2  main.o [1]
      .data            inited   0x1fffecbc     0x2  main.o [1]
      .data            inited   0x1fffecc0     0x4  MKL_adc.o [1]
      .data            inited   0x1fffecc4   0x1bc  MKL_conf.o [1]
      .data            inited   0x1fffee80    0x14  MKL_gpio.o [1]
      .data            inited   0x1fffee94    0x34  MKL_mcg.o [1]
      .data            inited   0x1fffeec8     0x4  MKL_mcg.o [1]
      .data            inited   0x1fffeecc    0x14  MKL_port.o [1]
      .data            inited   0x1fffeee0     0xc  MKL_TPM.o [1]
      .data            inited   0x1fffeeec     0xc  MKL_uart.o [1]
      .data            inited   0x1fffeef8     0x1  mykey.o [1]
      .data            inited   0x1fffeef9     0x1  OV7725.o [1]
      .data            inited   0x1fffeefa     0x1  OV7725.o [1]
      .data            inited   0x1fffeefc    0x64  OV7725.o [1]
      .data            inited   0x1fffef60     0x1  OV7725.o [1]
      .data            inited   0x1fffef64    0x40  xfiles.o [3]
  .bss                          0x1fffefa4  0x5cd4  <Block>
    .bss               zero     0x1fffefa4   0x140  image_process.o [1]
    .bss               zero     0x1ffff0e4   0xe14  image_process.o [1]
    .bss               zero     0x1ffffef8    0x14  image_process.o [1]
    .bss               zero     0x1fffff0c    0x14  image_process.o [1]
    .bss               zero     0x1fffff20     0x4  ISR.o [1]
    .bss               zero     0x1fffff24     0x8  ISR.o [1]
    .bss               zero     0x1fffff2c     0x4  ISR.o [1]
    .bss               zero     0x1fffff30     0x4  ISR.o [1]
    .bss               zero     0x1fffff34     0x4  ISR.o [1]
    .bss               zero     0x1fffff38     0x4  ISR_FUN.o [1]
    .bss               zero     0x1fffff3c    0x14  ISR_FUN.o [1]
    .bss               zero     0x1fffff50    0x14  ISR_FUN.o [1]
    .bss               zero     0x1fffff64    0x28  ISR_FUN.o [1]
    .bss               zero     0x1fffff8c     0x4  main.o [1]
    .bss               zero     0x1fffff90     0x4  main.o [1]
    .bss               zero     0x1fffff94     0x4  main.o [1]
    .bss               zero     0x1fffff98     0x4  main.o [1]
    .bss               zero     0x1fffff9c     0x4  main.o [1]
    .bss               zero     0x1fffffa0     0x4  main.o [1]
    .bss               zero     0x1fffffa4     0x4  main.o [1]
    .bss               zero     0x1fffffa8     0x4  main.o [1]
    .bss               zero     0x1fffffac    0x38  main.o [1]
    .bss               zero     0x1fffffe4    0x38  main.o [1]
    .bss               zero     0x2000001c    0x38  main.o [1]
    .bss               zero     0x20000054    0x38  main.o [1]
    .bss               zero     0x2000008c     0x4  main.o [1]
    .bss               zero     0x20000090     0x4  main.o [1]
    .bss               zero     0x20000094     0x4  main.o [1]
    .bss               zero     0x20000098     0x4  main.o [1]
    .bss               zero     0x2000009c     0x4  main.o [1]
    .bss               zero     0x200000a0     0x4  main.o [1]
    .bss               zero     0x200000a4     0x4  MKL_wdog.o [1]
    .bss               zero     0x200000a8  0x25a8  OV7725.o [1]
    .bss               zero     0x20002650  0x25a8  OV7725.o [1]
    .bss               zero     0x20004bf8     0x4  OV7725.o [1]
    .bss               zero     0x20004bfc     0x4  system_MKL.o [1]
    .bss               zero     0x20004c00     0x4  system_MKL.o [1]
    .bss               zero     0x20004c04     0x4  system_MKL.o [1]
    .bss               zero     0x20004c08     0x4  system_MKL.o [1]
    .bss               zero     0x20004c0c    0x50  xfiles.o [3]
    .bss               zero     0x20004c5c     0x2  LCD.o [1]
    .bss               zero     0x20004c5e     0x2  main.o [1]
    .bss               zero     0x20004c60     0x2  main.o [1]
    .bss               zero     0x20004c62     0x1  image_process.o [1]
    .bss               zero     0x20004c63     0x1  image_process.o [1]
    .bss               zero     0x20004c64     0x1  image_process.o [1]
    .bss               zero     0x20004c65     0x1  image_process.o [1]
    .bss               zero     0x20004c66     0x1  image_process.o [1]
    .bss               zero     0x20004c67     0x1  image_process.o [1]
    .bss               zero     0x20004c68     0x1  image_process.o [1]
    .bss               zero     0x20004c69     0x1  ISR.o [1]
    .bss               zero     0x20004c6a     0x1  ISR.o [1]
    .bss               zero     0x20004c6b     0x1  ISR.o [1]
    .bss               zero     0x20004c6c     0x1  ISR.o [1]
    .bss               zero     0x20004c6d     0x1  ISR_FUN.o [1]
    .bss               zero     0x20004c6e     0x1  ISR_FUN.o [1]
    .bss               zero     0x20004c6f     0x1  main.o [1]
    .bss               zero     0x20004c70     0x1  main.o [1]
    .bss               zero     0x20004c71     0x1  main.o [1]
    .bss               zero     0x20004c72     0x1  main.o [1]
    .bss               zero     0x20004c73     0x1  main.o [1]
    .bss               zero     0x20004c74     0x1  main.o [1]
    .bss               zero     0x20004c75     0x1  main.o [1]
  CodeRelocateRam               0x20004c78     0x0  <Block>
  P2 s0                         0x20004c78    0x88  <Init block>
    __DLIB_PERTHREAD   inited   0x20004c78    0x88  localeconv.o [3]
                              - 0x20004d00  0x68f0


*******************************************************************************
*** INIT TABLE
***

          Address     Size
          -------     ----
Zero (__iar_zero_init3)
    1 destination range, total size 0x5cd2:
          0x1fffefa4  0x5cd2



*******************************************************************************
*** MODULE SUMMARY
***

    Module              ro code  ro data  rw data
    ------              -------  -------  -------
D:\Island\6.13稳定进出环\Prj\IAR\Debug\Obj: [1]
    ISR.o                 1 820        9       29
    ISR_FUN.o               900                86
    LCD.o                 2 836    2 051    2 050
    LED.o                    44
    MKL_PIT.o               140       48
    MKL_SysTick.o           100       52
    MKL_TPM.o             1 196       60       12
    MKL_adc.o               512       50        4
    MKL_conf.o               84      540      444
    MKL_dma.o               488       48
    MKL_gpio.o              212       20       20
    MKL_mcg.o               836       56       56
    MKL_port.o              216       20       20
    MKL_uart.o            1 036       12       12
    MKL_wdog.o               32                 4
    OV7725.o                560      264   19 387
    SCCB.o                1 110
    beep.o                  136        4        4
    dial_switch.o           316
    filter.o                 56
    getspeed.o              156
    image_process.o      13 696      132    4 085
    init.o                  776
    main.o                  516       50      336
    misc.o                   80       44
    mpu6050.o               738
    mpuiic.o                560
    myPWM.o                  56
    mykey.o                 196        1        1
    mymath.o                126
    pid.o                   290
    startup_MKL.o             8
    system_MKL.o            388                16
    vectors.o                      1 040
    ---------------------------------------------
    Total:               30 216    4 501   26 566

command line: [2]
    ---------------------------------------------
    Total:

dl6M_tlf.a: [3]
    div.o                    32
    exit.o                    8
    localeconv.o            104      136      136
    low_level_init.o          4
    printf.o                 36
    putchar.o                16
    xfiles.o                          67      144
    xprintffull_nomb.o    3 818       24
    xprout.o                 22
    xtls.o                    2
    ---------------------------------------------
    Total:                4 042      227      280

m6M_tl.a: [4]
    DblAddSub.o             436
    DblCmpGe.o               50
    DblCmpLe.o               50
    DblDiv.o                194
    DblMul.o                388
    DblToFlt.o               98
    DblToI32.o               82
    FltAddSub.o             288
    FltCmpLe.o               38
    FltMul.o                180
    FltToDbl.o               50
    FltToS32.o               58
    I32ToDbl.o               52
    I32ToFlt.o               54
    xdnorm.o                 68
    xdscale.o               284
    ---------------------------------------------
    Total:                2 370

rt6M_tl.a: [5]
    ABImemcpy.o              92
    ABImemset.o              52
    I32DivModFast.o         224
    I64DivMod.o             106
    I64DivZer.o               2
    IntDivZer.o               2
    cexit.o                  10
    cmain.o                  26
    cstartup_M.o             12
    data_init.o              40
    memchr.o                 24
    strchr.o                 20
    strlen.o                 16
    zero_init3.o             42
    ---------------------------------------------
    Total:                  668

shb_l.a: [6]
    exit.o                   20
    ---------------------------------------------
    Total:                   20

    Gaps                     24                16
    Linker created                    16
-------------------------------------------------
    Grand Total:         37 340    4 744   26 862


*******************************************************************************
*** ENTRY LIST
***

Entry                      Address    Size  Type      Object
-----                      -------    ----  ----      ------
.bss$$Base              0x1fffefa4           --   Gb  - Linker created -
.bss$$Limit             0x20004c78           --   Gb  - Linker created -
.data$$Base             0x1fffe410           --   Gb  - Linker created -
.data$$Limit            0x1fffefa4           --   Gb  - Linker created -
.data_init$$Base        0x00006694           --   Gb  - Linker created -
.data_init$$Limit       0x00007228           --   Gb  - Linker created -
?main                   0x0000a2f5          Code  Gb  cmain.o [5]
ADCN                    0x1fffecc0     0x4  Data  Gb  MKL_adc.o [1]
ASSERT_FAILED_STR       0x0000a25c    0x24  Data  Gb  MKL_conf.o [1]
BEEP_Open_once          0x00004b77    0x2a  Code  Gb  beep.o [1]
Beep_ISR                0x00004bb9    0x26  Code  Gb  beep.o [1]
Beep_Once               0x00004ba1    0x18  Code  Gb  beep.o [1]
Blue_Start_Flag         0x1fffec99     0x1  Data  Gb  main.o [1]
Brush_Color             0x20004c5c     0x2  Data  Gb  LCD.o [1]
Center_Filter           0x1fffe418    0x14  Data  Gb  image_process.o [1]
CenterlineToDiff        0x00000cb9    0x56  Code  Gb  image_process.o [1]
CodeRelocate$$Base      0x00000410           --   Gb  - Linker created -
CodeRelocate$$Limit     0x00000410           --   Gb  - Linker created -
CodeRelocateRam$$Base   0x20004c78           --   Gb  - Linker created -
CodeRelocateRam$$Limit  0x20004c78           --   Gb  - Linker created -
Cross                   0x1fffe47c     0xc  Data  Gb  image_process.o [1]
Cross_center_test       0x00003241   0x348  Code  Gb  image_process.o [1]
Cross_curve_test        0x00002ce5   0x558  Code  Gb  image_process.o [1]
Cross_pre_test          0x00003595   0x348  Code  Gb  image_process.o [1]
Cross_process           0x000028a1    0x26  Code  Gb  image_process.o [1]
DIFF_DOWN               0x1fffecac     0x4  Data  Gb  main.o [1]
DIFF_PID_CHANGE_FLAG    0x20004c73     0x1  Data  Gb  main.o [1]
DIFF_UP                 0x1fffeca8     0x4  Data  Gb  main.o [1]
DMA0_IRQHandler         0x00007371    0x48  Code  Gb  ISR.o [1]
Diff_PID                0x2000001c    0x38  Data  Gb  main.o [1]
Diff_PID_Process        0x0000856b    0x52  Code  Gb  pid.o [1]
Diff_PID_ave            0x1fffff38     0x4  Data  Gb  ISR_FUN.o [1]
Diff_error              0x2000008c     0x4  Data  Gb  main.o [1]
Disp_single_colour      0x00004091    0x36  Code  Gb  LCD.o [1]
Duty_Motor1             0x1fffffa4     0x4  Data  Gb  main.o [1]
Duty_Motor2             0x1fffffa8     0x4  Data  Gb  main.o [1]
Elec_Island             0x00000da3    0x84  Code  Gb  image_process.o [1]
Font8x16                0x1fffe48c   0x800  Data  Gb  LCD.o [1]
GPIOX                   0x1fffee80    0x14  Data  Gb  MKL_gpio.o [1]
Get_speed1              0x000079a9    0x34  Code  Gb  getspeed.o [1]
Get_speed2              0x000079dd    0x34  Code  Gb  getspeed.o [1]
Gyro_Down               0x1fffecb4     0x4  Data  Gb  main.o [1]
Gyro_PID                0x20000054    0x38  Data  Gb  main.o [1]
Gyro_Up                 0x1fffecb0     0x4  Data  Gb  main.o [1]
IICwriteBit             0x000094f5    0x48  Code  Gb  mpu6050.o [1]
IICwriteBits            0x0000953d    0x60  Code  Gb  mpu6050.o [1]
ImageData               0x1fffefa4   0x140  Data  Gb  image_process.o [1]
Image_Flag              0x1fffeca4     0x1  Data  Gb  main.o [1]
Image_Island_Test       0x00001931   0x398  Code  Gb  image_process.o [1]
Image_Island_Test_Beep  0x1fffe410     0x4  Data  Gb  beep.o [1]
Image_fire              0x20004bf8     0x4  Data  Gb  OV7725.o [1]
Image_fire_Memory1      0x200000a8  0x25a8  Data  Gb  OV7725.o [1]
Image_fire_Memory2      0x20002650  0x25a8  Data  Gb  OV7725.o [1]
Image_hang              0x1ffff0e4   0xe14  Data  Gb  image_process.o [1]
Image_lie               0x1fffe42c     0x8  Data  Gb  image_process.o [1]
In_Cross                0x00002905   0x3ac  Code  Gb  image_process.o [1]
In_Cross_test           0x000028c7    0x34  Code  Gb  image_process.o [1]
In_Island               0x00000e5d   0x31a  Code  Gb  image_process.o [1]
In_Island_center        0x000011ad   0x29c  Code  Gb  image_process.o [1]
Island                  0x1fffe434    0x48  Data  Gb  image_process.o [1]
Island_process          0x00000d89    0x1a  Code  Gb  image_process.o [1]
KEY_Scan                0x0000937f    0x7e  Code  Gb  mykey.o [1]
Key_Start_Flag          0x20004c72     0x1  Data  Gb  main.o [1]
Key_status              0x20004c6f     0x1  Data  Gb  main.o [1]
LCD_DISPLAY_FLAG        0x1fffec97     0x1  Data  Gb  main.o [1]
LCD_DrawBigPoint        0x00004475    0x38  Code  Gb  LCD.o [1]
LCD_DrawPoint           0x00004451    0x24  Code  Gb  LCD.o [1]
LCD_Draw_Line           0x00004379    0xd8  Code  Gb  LCD.o [1]
LCD_PORT_init           0x00003999    0x2c  Code  Gb  LCD.o [1]
LCD_PutChar             0x00003fdf    0x1e  Code  Gb  LCD.o [1]
LCD_PutChar8x16         0x00004035    0x56  Code  Gb  LCD.o [1]
LCD_PutString           0x00003ffd    0x38  Code  Gb  LCD.o [1]
LCD_Put_Int             0x000040c7   0x24a  Code  Gb  LCD.o [1]
LCD_SetPos              0x00003f79    0x66  Code  Gb  LCD.o [1]
LCD_init                0x000039c5   0x246  Code  Gb  LCD.o [1]
L_AD_Ave                0x1fffff8c     0x4  Data  Gb  main.o [1]
LoadInt                 0x00005a17    0x68  Code  Lc  xprintffull_nomb.o [3]
MPU6050_setClockSource  0x000095af    0x14  Code  Gb  mpu6050.o [1]
MPU6050_setDLPF         0x0000961f    0x14  Code  Gb  mpu6050.o [1]
MPU6050_setFullScaleAccelRange
                        0x000095ff    0x20  Code  Gb  mpu6050.o [1]
MPU6050_setFullScaleGyroRange
                        0x000095df    0x20  Code  Gb  mpu6050.o [1]
MPU6050_setSleepEnabled
                        0x0000959d    0x12  Code  Gb  mpu6050.o [1]
MPU6050_set_SMPLRT_DIV  0x000095c3    0x1c  Code  Gb  mpu6050.o [1]
MPU_IIC_Ack             0x00009a07    0x3e  Code  Gb  mpuiic.o [1]
MPU_IIC_Init            0x0000991d    0x18  Code  Gb  mpuiic.o [1]
MPU_IIC_NAck            0x00009a45    0x3e  Code  Gb  mpuiic.o [1]
MPU_IIC_Read_Byte       0x00009adf    0x60  Code  Gb  mpuiic.o [1]
MPU_IIC_Send_Byte       0x00009a83    0x5c  Code  Gb  mpuiic.o [1]
MPU_IIC_Start           0x00009935    0x3e  Code  Gb  mpuiic.o [1]
MPU_IIC_Stop            0x00009973    0x3e  Code  Gb  mpuiic.o [1]
MPU_IIC_Wait_Ack        0x000099b1    0x56  Code  Gb  mpuiic.o [1]
MPU_Init                0x00009409    0xec  Code  Gb  mpu6050.o [1]
MPU_Read_Byte           0x000096ad    0x3e  Code  Gb  mpu6050.o [1]
MPU_Read_Len            0x00009639    0x28  Code  Gb  mpu6050.o [1]
MPU_Write_Byte          0x00009661    0x4c  Code  Gb  mpu6050.o [1]
MYADC_INIT              0x00007f89    0x10  Code  Gb  MKL_adc.o [1]
Master_Speed            0x1fffec94     0x2  Data  Gb  main.o [1]
Memory_use_Flag         0x1fffeef9     0x1  Data  Gb  OV7725.o [1]
Motor1                  0x1fffff94     0x4  Data  Gb  main.o [1]
Motor1_PID              0x1fffffac    0x38  Data  Gb  main.o [1]
Motor2                  0x1fffff98     0x4  Data  Gb  main.o [1]
Motor2_PID              0x1fffffe4    0x38  Data  Gb  main.o [1]
Motor_enable_Flag       0x1fffec98     0x1  Data  Gb  main.o [1]
Motot1_Init             0x0000930d    0x1c  Code  Gb  myPWM.o [1]
Motot2_Init             0x00009329    0x1c  Code  Gb  myPWM.o [1]
NVIC_DisableIRQ         0x00007237     0xe  Code  Lc  ISR.o [1]
NVIC_DisableIRQ         0x000096fb     0xe  Code  Lc  OV7725.o [1]
NVIC_EnableIRQ          0x00008dc1     0xe  Code  Lc  init.o [1]
NVIC_EnableIRQ          0x00007229     0xe  Code  Lc  ISR.o [1]
NVIC_EnableIRQ          0x0000504d     0xe  Code  Lc  MKL_uart.o [1]
NVIC_EnableIRQ          0x000096ed     0xe  Code  Lc  OV7725.o [1]
Out_Island              0x00001551   0x3ac  Code  Gb  image_process.o [1]
Out_Island_Test         0x00001db1   0x346  Code  Gb  image_process.o [1]
Ov7725_Init             0x000097ed    0x12  Code  Gb  OV7725.o [1]
Ov7725_exti_Init        0x00009709    0xc6  Code  Gb  OV7725.o [1]
Ov7725_reg_Init         0x000097ff    0xc4  Code  Gb  OV7725.o [1]
PID_Init                0x000085bd    0x3e  Code  Gb  pid.o [1]
PID_process             0x000084d9    0x92  Code  Gb  pid.o [1]
PIT_IRQHandler          0x00007681   0x22e  Code  Gb  ISR.o [1]
PORTX                   0x1fffeecc    0x14  Data  Gb  MKL_port.o [1]
Parameters_init_CAR     0x00008e99   0x19c  Code  Gb  init.o [1]
R_AD_Ave                0x1fffff90     0x4  Data  Gb  main.o [1]
Reduct_Flag             0x20004c71     0x1  Data  Gb  main.o [1]
Region$$Table$$Base     0x0000a2a4           --   Gb  - Linker created -
Region$$Table$$Limit    0x0000a2b4           --   Gb  - Linker created -
Reset_Handler           0x00000411          Code  Gb  startup_MKL.o [1]
SCCB_Ack                0x00008763    0x4e  Code  Lc  SCCB.o [1]
SCCB_GPIO_init          0x0000863d    0x28  Code  Gb  SCCB.o [1]
SCCB_NoAck              0x000087b1    0x50  Code  Lc  SCCB.o [1]
SCCB_ReadByte           0x000089f5    0x86  Code  Gb  SCCB.o [1]
SCCB_ReceiveByte        0x00008909    0x8e  Code  Lc  SCCB.o [1]
SCCB_SendByte           0x00008893    0x6e  Code  Lc  SCCB.o [1]
SCCB_Start              0x00008665    0xba  Code  Lc  SCCB.o [1]
SCCB_Stop               0x0000871f    0x44  Code  Lc  SCCB.o [1]
SCCB_WaitAck            0x00008801    0x92  Code  Lc  SCCB.o [1]
SCCB_WriteByte          0x000089ad    0x48  Code  Gb  SCCB.o [1]
SCCB_delay              0x00008625    0x18  Code  Lc  SCCB.o [1]
Send_Image_to_LCD       0x0000431d    0x56  Code  Gb  LCD.o [1]
Slow_Flag               0x20004c70     0x1  Data  Gb  main.o [1]
Speed_Control           0x00007a15    0x98  Code  Gb  ISR_FUN.o [1]
Speed_L_sum             0x1fffff9c     0x4  Data  Gb  main.o [1]
Speed_R_sum             0x1fffffa0     0x4  Data  Gb  main.o [1]
Speed_goal1             0x1fffec8c     0x4  Data  Gb  main.o [1]
Speed_goal1_TEMP        0x1fffec9c     0x4  Data  Gb  main.o [1]
Speed_goal2             0x1fffec90     0x4  Data  Gb  main.o [1]
Speed_goal2_TEMP        0x1fffeca0     0x4  Data  Gb  main.o [1]
Speed_output            0x00007ac9   0x25c  Code  Gb  ISR_FUN.o [1]
Speed_stand             0x20004c5e     0x2  Data  Gb  main.o [1]
Start_line_cnt          0x20004c64     0x1  Data  Gb  image_process.o [1]
Start_line_delay        0x1fffe414     0x2  Data  Gb  image_process.o [1]
Start_line_flag         0x20004c63     0x1  Data  Gb  image_process.o [1]
Stay2Out_test           0x00002101   0x33e  Code  Gb  image_process.o [1]
Stay_Island             0x0000145d    0xd4  Code  Gb  image_process.o [1]
Str_Cross               0x000038e1    0x96  Code  Gb  image_process.o [1]
Str_Cross_Test          0x00000d0f    0x50  Code  Gb  image_process.o [1]
Switch_Status           0x20004c60     0x2  Data  Gb  main.o [1]
System_Init             0x00008dcf    0xc0  Code  Gb  init.o [1]
TPMN                    0x1fffeee0     0xc  Data  Gb  MKL_TPM.o [1]
Test_Far_Lie            0x00001cd1    0xdc  Code  Gb  image_process.o [1]
TimeCnt_Start_Reduct_Flag
                        0x1fffe488     0x1  Data  Gb  ISR.o [1]
Time_1ms                0x20000094     0x4  Data  Gb  main.o [1]
UARTN                   0x1fffeeec     0xc  Data  Gb  MKL_uart.o [1]
USART1_IRQHandler       0x00007401   0x22e  Code  Gb  ISR.o [1]
VSYNC_IRQ               0x000072b9    0xb8  Code  Gb  ISR.o [1]
Wait_Next_Island        0x00002449    0xba  Code  Gb  image_process.o [1]
Wait_Next_center        0x00002511   0x388  Code  Gb  image_process.o [1]
_1000ms_cnt             0x200000a0     0x4  Data  Gb  main.o [1]
_GenldFullNoMb          0x00006039   0x2d6  Code  Lc  xprintffull_nomb.o [3]
_LdtobFullNoMb          0x00005bb1   0x474  Code  Lc  xprintffull_nomb.o [3]
_LitobFullNoMb          0x00005a7f   0x12e  Code  Lc  xprintffull_nomb.o [3]
_Locale_aeabi_lconv     0x20004cc8    0x38  Data  Gb  localeconv.o [3]
_Locale_lconv           0x20004c78    0x50  Data  Gb  localeconv.o [3]
_PrintfFullNoMb         0x00005459   0x5be  Code  Gb  xprintffull_nomb.o [3]
_Prout                  0x0000a36d    0x16  Code  Gb  xprout.o [3]
_PutcharsFullNoMb       0x00006313    0x30  Code  Lc  xprintffull_nomb.o [3]
__BOOT_STACK_ADDRESS {Abs}
                        0x20005ff8           --   Gb  command line/config [2]
__VECTOR_RAM {Abs}      0x1fffe000           --   Gb  command line/config [2]
__VECTOR_TABLE {Abs}    0x00000000           --   Gb  command line/config [2]
__aeabi_cdcmple         0x00006489          Code  Gb  DblCmpLe.o [4]
__aeabi_cdrcmple        0x000064bb          Code  Gb  DblCmpGe.o [4]
__aeabi_cfcmple         0x000085fd          Code  Gb  FltCmpLe.o [4]
__aeabi_d2f             0x00008477          Code  Gb  DblToFlt.o [4]
__aeabi_d2iz            0x000046ad          Code  Gb  DblToI32.o [4]
__aeabi_d2uiz           0x000046d1          Code  Gb  DblToI32.o [4]
__aeabi_dadd            0x00004883          Code  Gb  DblAddSub.o [4]
__aeabi_ddiv            0x000045c1          Code  Gb  DblDiv.o [4]
__aeabi_dmul            0x000046ff          Code  Gb  DblMul.o [4]
__aeabi_dsub            0x00004949          Code  Gb  DblAddSub.o [4]
__aeabi_f2d             0x00008445          Code  Gb  FltToDbl.o [4]
__aeabi_f2iz            0x00004aa9          Code  Gb  FltToS32.o [4]
__aeabi_fadd            0x00004ddb          Code  Gb  FltAddSub.o [4]
__aeabi_fmul            0x00004d27          Code  Gb  FltMul.o [4]
__aeabi_fsub            0x00004e4b          Code  Gb  FltAddSub.o [4]
__aeabi_i2d             0x0000458d          Code  Gb  I32ToDbl.o [4]
__aeabi_i2f             0x00004a39          Code  Gb  I32ToFlt.o [4]
__aeabi_idiv            0x000044d9          Code  Gb  I32DivModFast.o [5]
__aeabi_idiv0           0x00004d25          Code  Gb  IntDivZer.o [5]
__aeabi_idivmod         0x000044d9          Code  Gb  I32DivModFast.o [5]
__aeabi_ldiv0           0x00006691          Code  Gb  I64DivZer.o [5]
__aeabi_memclr4         0x00007975          Code  Gb  ABImemset.o [5]
__aeabi_memclr8         0x00007975          Code  Gb  ABImemset.o [5]
__aeabi_memcpy          0x000063e9          Code  Gb  ABImemcpy.o [5]
__aeabi_ui2d            0x000045a1          Code  Gb  I32ToDbl.o [4]
__aeabi_ui2f            0x00004a51          Code  Gb  I32ToFlt.o [4]
__aeabi_uidiv           0x000044df          Code  Gb  I32DivModFast.o [5]
__aeabi_uidivmod        0x000044df          Code  Gb  I32DivModFast.o [5]
__aeabi_uldivmod        0x0000637f          Code  Gb  I64DivMod.o [5]
__cmain                 0x0000a2f5          Code  Gb  cmain.o [5]
__exit                  0x0000a329    0x14  Code  Gb  exit.o [6]
__iar_Dnorm             0x00006445    0x44  Code  Gb  xdnorm.o [4]
__iar_Dscale            0x000064ed   0x11c  Code  Gb  xdscale.o [4]
__iar_Locale_lconv_init
                        0x00006609    0x32  Code  Gb  localeconv.o [3]
__iar_Memchr            0x00006367    0x18  Code  Gb  memchr.o [5]
__iar_Memset4_word      0x00007945          Code  Gb  ABImemset.o [5]
__iar_Stdout            0x1fffef64    0x40  Data  Gb  xfiles.o [3]
__iar_Strchr            0x00006343    0x14  Code  Gb  strchr.o [5]
__iar_d2uiz             0x000046d5          Code  Gb  DblToI32.o [4]
__iar_data_init3        0x0000a235    0x28  Code  Gb  data_init.o [5]
__iar_dlib_perthread_access
                        0x00006693     0x2  Code  Gb  xtls.o [3]
__iar_program_start     0x0000a3b9          Code  Gb  cstartup_M.o [5]
__iar_ui2d              0x000045a5          Code  Gb  I32ToDbl.o [4]
__iar_ui2f              0x00004a55          Code  Gb  I32ToFlt.o [4]
__iar_zero_init3        0x00004683    0x2a  Code  Gb  zero_init3.o [5]
__low_level_init        0x0000a30f     0x4  Code  Gb  low_level_init.o [3]
__vector_table          0x00000000   0x410  Data  Gb  vectors.o [1]
_call_main              0x0000a301          Code  Gb  cmain.o [5]
_exit                   0x0000a31d          Code  Gb  cexit.o [5]
_main                   0x0000a30b          Code  Gb  cmain.o [5]
adc_init                0x00007d99   0x138  Code  Gb  MKL_adc.o [1]
adc_once                0x00007ed1    0x5a  Code  Gb  MKL_adc.o [1]
adc_start               0x00007f2b    0x4c  Code  Lc  MKL_adc.o [1]
assert_failed           0x00004fd5    0x12  Code  Gb  MKL_conf.o [1]
bus_clk_khz             0x20004c08     0x4  Data  Gb  system_MKL.o [1]
button_timeout          0x1fffec96     0x1  Data  Gb  main.o [1]
cfgnum                  0x1fffef60     0x1  Data  Gb  OV7725.o [1]
clk_out_init            0x00009fbb    0x24  Code  Gb  system_MKL.o [1]
common_startup          0x00009fdf    0x92  Code  Gb  system_MKL.o [1]
core_clk_khz            0x20004c00     0x4  Data  Gb  system_MKL.o [1]
core_clk_mhz            0x20004c04     0x4  Data  Gb  system_MKL.o [1]
default_isr             0x00004ffd    0x1c  Code  Gb  MKL_conf.o [1]
dial_switch_Init        0x000091a5    0x94  Code  Gb  dial_switch.o [1]
dial_switch_Scan        0x00009239    0xa2  Code  Gb  dial_switch.o [1]
diff_done_flag          0x20004c62     0x1  Data  Gb  image_process.o [1]
div                     0x00006671    0x20  Code  Gb  div.o [3]
dma_portx2buff_init     0x00009b4d   0x1e8  Code  Gb  MKL_dma.o [1]
dma_repeat              0x00007245    0x74  Code  Lc  ISR.o [1]
double_AD               0x00000d65    0x1e  Code  Gb  image_process.o [1]
exit                    0x0000a313     0x8  Code  Gb  exit.o [3]
filter_1st              0x00004a71    0x38  Code  Gb  filter.o [1]
fputc                   0x00004fe7    0x14  Code  Gb  MKL_conf.o [1]
get_black_line          0x000006e9   0x33a  Code  Gb  image_process.o [1]
get_three_lie           0x00000a39   0x270  Code  Gb  image_process.o [1]
getspeed1_init          0x00007979    0x18  Code  Gb  getspeed.o [1]
getspeed2_init          0x00007991    0x18  Code  Gb  getspeed.o [1]
gpio_init               0x00004bed    0xce  Code  Gb  MKL_gpio.o [1]
image_process           0x00000419   0x266  Code  Gb  image_process.o [1]
image_run_times         0x20004c74     0x1  Data  Gb  main.o [1]
img_flag                0x1fffeefa     0x1  Data  Gb  OV7725.o [1]
localeconv              0x0000663b    0x18  Code  Gb  localeconv.o [3]
main                    0x00009d35   0x204  Code  Gb  main.o [1]
mcg_cfg                 0x1fffee94    0x34  Data  Gb  MKL_mcg.o [1]
mcg_div                 0x1fffeec8     0x4  Data  Gb  MKL_mcg.o [1]
mcg_div_count           0x00008a7d   0x222  Code  Gb  MKL_mcg.o [1]
min_u8_index            0x00004ae5    0x30  Code  Gb  mymath.o [1]
myBEEP_Init             0x00004b65    0x12  Code  Gb  beep.o [1]
myKEY_Init              0x00009345    0x3a  Code  Gb  mykey.o [1]
myLED_Init              0x000092e1    0x2c  Code  Gb  LED.o [1]
obuf                    0x20004c0c    0x50  Data  Lc  xfiles.o [3]
ov7725_get_img          0x000097cf    0x1e  Code  Gb  OV7725.o [1]
ov7727_reg              0x1fffeefc    0x64  Data  Gb  OV7725.o [1]
pit_init                0x000090c9    0x7a  Code  Gb  MKL_PIT.o [1]
pll_clk_mhz             0x20004bfc     0x4  Data  Gb  system_MKL.o [1]
pll_init                0x00008cad    0xc6  Code  Gb  MKL_mcg.o [1]
port_init               0x00004efd    0x50  Code  Gb  MKL_port.o [1]
port_init_NoALT         0x00004f4d    0x7a  Code  Gb  MKL_port.o [1]
power_s16               0x00004b15    0x1a  Code  Gb  mymath.o [1]
printf                  0x00005029    0x24  Code  Gb  printf.o [3]
putchar                 0x0000a385    0x10  Code  Gb  putchar.o [3]
road_filter_flag        0x20004c65     0x1  Data  Gb  image_process.o [1]
set_vector_handler      0x00009175    0x24  Code  Gb  misc.o [1]
stand_AD                0x1fffecbc     0x2  Data  Gb  main.o [1]
stand_AD_L              0x1fffecb8     0x2  Data  Gb  main.o [1]
stand_AD_R              0x1fffecba     0x2  Data  Gb  main.o [1]
stand_d                 0x2000009c     0x4  Data  Gb  main.o [1]
stand_half_k            0x20000090     0x4  Data  Gb  main.o [1]
stand_p                 0x20000098     0x4  Data  Gb  main.o [1]
start                   0x00009f39    0x18  Code  Gb  system_MKL.o [1]
start_check             0x00004ffb     0x2  Code  Gb  MKL_conf.o [1]
strlen                  0x00006357    0x10  Code  Gb  strlen.o [5]
sum_point               0x00004b2f    0x34  Code  Gb  mymath.o [1]
sysinit                 0x00009f51    0x6a  Code  Gb  system_MKL.o [1]
systick_delay           0x00004cc1    0x38  Code  Gb  MKL_SysTick.o [1]
systick_delay_ms        0x00004cf9    0x18  Code  Gb  MKL_SysTick.o [1]
tanzhen                 0x20004c75     0x1  Data  Gb  main.o [1]
tpm_port_mux            0x00007f99    0xf4  Code  Gb  MKL_TPM.o [1]
tpm_pulse_clean         0x00008403    0x10  Code  Gb  MKL_TPM.o [1]
tpm_pulse_get           0x00008413    0x10  Code  Gb  MKL_TPM.o [1]
tpm_pulse_init          0x00008309    0xfa  Code  Gb  MKL_TPM.o [1]
tpm_pwm_duty            0x00008209    0xe4  Code  Gb  MKL_TPM.o [1]
tpm_pwm_init            0x0000808d   0x178  Code  Gb  MKL_TPM.o [1]
uart_init               0x0000505b   0x2c0  Code  Gb  MKL_uart.o [1]
uart_putchar            0x000053d5    0x34  Code  Gb  MKL_uart.o [1]
uart_querychar          0x00005329    0x42  Code  Gb  MKL_uart.o [1]
uart_querystr           0x00005379    0x4a  Code  Gb  MKL_uart.o [1]
uart_rx_irq_en          0x00005415    0x2c  Code  Gb  MKL_uart.o [1]
vector_str              0x1fffecc4   0x1bc  Data  Gb  MKL_conf.o [1]
wdog_cfg                0x200000a4     0x4  Data  Lc  MKL_wdog.o [1]
wdog_disable            0x0000a0bd    0x16  Code  Gb  MKL_wdog.o [1]
write_command           0x00003c15   0x1a4  Code  Gb  LCD.o [1]
write_data              0x00003db9   0x1a4  Code  Gb  LCD.o [1]
write_vtor              0x00009155    0x20  Code  Gb  misc.o [1]
write_word              0x00003f61    0x18  Code  Gb  LCD.o [1]


[1] = D:\Island\6.13稳定进出环\Prj\IAR\Debug\Obj
[2] = command line
[3] = dl6M_tlf.a
[4] = m6M_tl.a
[5] = rt6M_tl.a
[6] = shb_l.a

  37 340 bytes of readonly  code memory
   4 744 bytes of readonly  data memory
  26 862 bytes of readwrite data memory

Errors: none
Warnings: none
