###############################################################################
#
# IAR ELF Linker V7.30.1.7746/W32 for ARM                 22/Jun/2018  15:48:12
# Copyright 2007-2014 IAR Systems AB.
#
#    Output file  =  D:\Island\6.13稳定进出环\Prj\IAR\Debug\Exe\VCAN_KL.out
#    Map file     =  D:\Island\6.13稳定进出环\Prj\IAR\Debug\List\VCAN_KL.map
#    Command line =  
#        D:\Island\6.13稳定进出环\Prj\IAR\Debug\Obj\beep.o
#        D:\Island\6.13稳定进出环\Prj\IAR\Debug\Obj\delay.o
#        D:\Island\6.13稳定进出环\Prj\IAR\Debug\Obj\dial_switch.o
#        D:\Island\6.13稳定进出环\Prj\IAR\Debug\Obj\filter.o
#        D:\Island\6.13稳定进出环\Prj\IAR\Debug\Obj\getspeed.o
#        D:\Island\6.13稳定进出环\Lib\CMSIS\iar_cortexM0plusl_math.a
#        D:\Island\6.13稳定进出环\Prj\IAR\Debug\Obj\image2.o
#        D:\Island\6.13稳定进出环\Prj\IAR\Debug\Obj\image_process.o
#        D:\Island\6.13稳定进出环\Prj\IAR\Debug\Obj\imu.o
#        D:\Island\6.13稳定进出环\Prj\IAR\Debug\Obj\init.o
#        D:\Island\6.13稳定进出环\Prj\IAR\Debug\Obj\ISR.o
#        D:\Island\6.13稳定进出环\Prj\IAR\Debug\Obj\ISR_FUN.o
#        D:\Island\6.13稳定进出环\Prj\IAR\Debug\Obj\LCD.o
#        D:\Island\6.13稳定进出环\Prj\IAR\Debug\Obj\LED.o
#        D:\Island\6.13稳定进出环\Prj\IAR\Debug\Obj\main.o
#        D:\Island\6.13稳定进出环\Prj\IAR\Debug\Obj\misc.o
#        D:\Island\6.13稳定进出环\Prj\IAR\Debug\Obj\MKL_adc.o
#        D:\Island\6.13稳定进出环\Prj\IAR\Debug\Obj\MKL_conf.o
#        D:\Island\6.13稳定进出环\Prj\IAR\Debug\Obj\MKL_dac.o
#        D:\Island\6.13稳定进出环\Prj\IAR\Debug\Obj\MKL_dma.o
#        D:\Island\6.13稳定进出环\Prj\IAR\Debug\Obj\MKL_flash.o
#        D:\Island\6.13稳定进出环\Prj\IAR\Debug\Obj\MKL_gpio.o
#        D:\Island\6.13稳定进出环\Prj\IAR\Debug\Obj\MKL_i2c.o
#        D:\Island\6.13稳定进出环\Prj\IAR\Debug\Obj\MKL_it.o
#        D:\Island\6.13稳定进出环\Prj\IAR\Debug\Obj\MKL_lptmr.o
#        D:\Island\6.13稳定进出环\Prj\IAR\Debug\Obj\MKL_mcg.o
#        D:\Island\6.13稳定进出环\Prj\IAR\Debug\Obj\MKL_PIT.o
#        D:\Island\6.13稳定进出环\Prj\IAR\Debug\Obj\MKL_port.o
#        D:\Island\6.13稳定进出环\Prj\IAR\Debug\Obj\MKL_spi.o
#        D:\Island\6.13稳定进出环\Prj\IAR\Debug\Obj\MKL_SysTick.o
#        D:\Island\6.13稳定进出环\Prj\IAR\Debug\Obj\MKL_TPM.o
#        D:\Island\6.13稳定进出环\Prj\IAR\Debug\Obj\MKL_uart.o
#        D:\Island\6.13稳定进出环\Prj\IAR\Debug\Obj\MKL_wdog.o
#        D:\Island\6.13稳定进出环\Prj\IAR\Debug\Obj\mpu6050.o
#        D:\Island\6.13稳定进出环\Prj\IAR\Debug\Obj\mpuiic.o
#        D:\Island\6.13稳定进出环\Prj\IAR\Debug\Obj\mykey.o
#        D:\Island\6.13稳定进出环\Prj\IAR\Debug\Obj\mymath.o
#        D:\Island\6.13稳定进出环\Prj\IAR\Debug\Obj\myPWM.o
#        D:\Island\6.13稳定进出环\Prj\IAR\Debug\Obj\OV7725.o
#        D:\Island\6.13稳定进出环\Prj\IAR\Debug\Obj\pid.o
#        D:\Island\6.13稳定进出环\Prj\IAR\Debug\Obj\SCCB.o
#        D:\Island\6.13稳定进出环\Prj\IAR\Debug\Obj\startup_MKL.o
#        D:\Island\6.13稳定进出环\Prj\IAR\Debug\Obj\system_MKL.o
#        D:\Island\6.13稳定进出环\Prj\IAR\Debug\Obj\vectors.o -o
#        D:\Island\6.13稳定进出环\Prj\IAR\Debug\Exe\VCAN_KL.out --map
#        D:\Island\6.13稳定进出环\Prj\IAR\Debug\List\VCAN_KL.map --config
#        "D:\Island\6.13稳定进出环\Prj\IAR\config files\256KB_Pflash.icf"
#        --semihosting --entry __iar_program_start --vfe
#
###############################################################################

*******************************************************************************
*** RUNTIME MODEL ATTRIBUTES
***

CppFlavor       = *
__SystemLibrary = DLib


*******************************************************************************
*** PLACEMENT SUMMARY
***

"A1":  place at 0x00000000 { ro section .intvec };
"A2":  place at 0x00000410 { ro section .noinit };
"P1":  place in [from 0x00000000 to 0x00040000] { ro, block CodeRelocate };
"P2":  place in [from 0x1fffe410 to 0x20006000] {
          rw, block CodeRelocateRam, block CSTACK, block HEAP };

  Section              Kind        Address    Size  Object
  -------              ----        -------    ----  ------
"A1":                                        0x410
  .intvec              const    0x00000000   0x410  vectors.o [1]
                              - 0x00000410   0x410

"P1", part 1 of 2:                             0x0
  .rodata              const    0x00000410     0x0  zero_init3.o [5]
  CodeRelocate                  0x00000410     0x0  <Block>

"A2":                                          0x8
  .noinit              ro code  0x00000410     0x8  startup_MKL.o [1]
                              - 0x00000418     0x8

"P1", part 2 of 2:                          0x997c
  .text                ro code  0x00000418  0x2e2c  image_process.o [1]
  .text                ro code  0x00003244   0xb14  LCD.o [1]
  .text                ro code  0x00003d58    0xe0  I32DivModFast.o [5]
  .text                ro code  0x00003e38    0x34  I32ToDbl.o [4]
  .text                ro code  0x00003e6c    0xc2  DblDiv.o [4]
  .text                ro code  0x00003f2e    0x2a  zero_init3.o [5]
  .text                ro code  0x00003f58    0x52  DblToI32.o [4]
  .text                ro code  0x00003faa   0x184  DblMul.o [4]
  .text                ro code  0x0000412e   0x1b4  DblAddSub.o [4]
  .text                ro code  0x000042e4    0xbe  mymath.o [1]
  .text                ro code  0x000043a4    0x88  beep.o [1]
  .text                ro code  0x0000442c    0xd4  MKL_gpio.o [1]
  .text                ro code  0x00004500    0x64  MKL_SysTick.o [1]
  .text                ro code  0x00004564     0x2  IntDivZer.o [5]
  .text                ro code  0x00004568    0xd8  MKL_port.o [1]
  .text                ro code  0x00004640    0x54  MKL_conf.o [1]
  .text                ro code  0x00004694    0x24  printf.o [3]
  .text                ro code  0x000046b8   0x4f4  MKL_uart.o [1]
  .text                ro code  0x00004bac   0xeea  xprintffull_nomb.o [3]
  .text                ro code  0x00005a98    0x3a  FltToS32.o [4]
  .text                ro code  0x00005ad2    0x14  strchr.o [5]
  .text                ro code  0x00005ae6    0x10  strlen.o [5]
  .text                ro code  0x00005af6    0x18  memchr.o [5]
  .text                ro code  0x00005b0e    0x6a  I64DivMod.o [5]
  .text                ro code  0x00005b78    0x5c  ABImemcpy.o [5]
  .text                ro code  0x00005bd4    0x44  xdnorm.o [4]
  .text                ro code  0x00005c18    0x32  DblCmpLe.o [4]
  .text                ro code  0x00005c4a    0x32  DblCmpGe.o [4]
  .text                ro code  0x00005c7c   0x11c  xdscale.o [4]
  .text                ro code  0x00005d98    0x68  localeconv.o [3]
  .text                ro code  0x00005e00    0x20  div.o [3]
  .text                ro code  0x00005e20     0x2  I64DivZer.o [5]
  .text                ro code  0x00005e22     0x2  xtls.o [3]
  .data_init                    0x00005e24   0xb74  <Block>
    Initializer bytes  ro data  0x00005e24   0xb74  <for .data-1>
  .text                ro code  0x00006998   0x6e4  ISR.o [1]
  .text                ro code  0x0000707c    0x34  ABImemset.o [5]
  .text                ro code  0x000070b0   0x120  FltAddSub.o [4]
  .text                ro code  0x000071d0    0x9c  getspeed.o [1]
  .text                ro code  0x0000726c   0x384  ISR_FUN.o [1]
  .text                ro code  0x000075f0   0x200  MKL_adc.o [1]
  .text                ro code  0x000077f0   0x4ac  MKL_TPM.o [1]
  .text                ro code  0x00007c9c    0x36  I32ToFlt.o [4]
  .text                ro code  0x00007cd4    0x32  FltToDbl.o [4]
  .text                ro code  0x00007d06    0x62  DblToFlt.o [4]
  .text                ro code  0x00007d68   0x122  pid.o [1]
  .text                ro code  0x00007e8a    0xb4  FltMul.o [4]
  .text                ro code  0x00007f40    0x26  FltCmpLe.o [4]
  .text                ro code  0x00007f68   0x456  SCCB.o [1]
  .text                ro code  0x000083c0   0x344  MKL_mcg.o [1]
  .text                ro code  0x00008704   0x308  init.o [1]
  .text                ro code  0x00008a0c    0x8c  MKL_PIT.o [1]
  .text                ro code  0x00008a98    0x50  misc.o [1]
  .text                ro code  0x00008ae8   0x13c  dial_switch.o [1]
  .text                ro code  0x00008c24    0x2c  LED.o [1]
  .text                ro code  0x00008c50    0x38  myPWM.o [1]
  .text                ro code  0x00008c88    0xc4  mykey.o [1]
  .text                ro code  0x00008d4c   0x2e2  mpu6050.o [1]
  .text                ro code  0x00009030   0x230  OV7725.o [1]
  .text                ro code  0x00009260   0x230  mpuiic.o [1]
  .text                ro code  0x00009490   0x1e8  MKL_dma.o [1]
  .text                ro code  0x00009678   0x1f0  main.o [1]
  .text                ro code  0x00009868   0x184  system_MKL.o [1]
  .text                ro code  0x000099ec    0x20  MKL_wdog.o [1]
  .rodata              const    0x00009a0c    0x3c  MKL_conf.o [1]
  .rodata              const    0x00009a48    0x34  MKL_SysTick.o [1]
  .rodata              const    0x00009a7c    0x30  MKL_dma.o [1]
  .rodata              const    0x00009aac    0x30  MKL_PIT.o [1]
  .rodata              const    0x00009adc    0x30  MKL_TPM.o [1]
  .rodata              const    0x00009b0c    0x2c  misc.o [1]
  .rodata              const    0x00009b38    0x2c  MKL_adc.o [1]
  .text                ro code  0x00009b64    0x28  data_init.o [5]
  .rodata              const    0x00009b8c    0x24  MKL_conf.o [1]
  .rodata              const    0x00009bb0    0x24  OV7725.o [1]
  .iar.init_table      const    0x00009bd4    0x10  - Linker created -
  .rodata              const    0x00009be4    0x20  OV7725.o [1]
  .rodata              const    0x00009c04    0x20  OV7725.o [1]
  .text                ro code  0x00009c24    0x1a  cmain.o [5]
  .text                ro code  0x00009c3e     0x4  low_level_init.o [3]
  .text                ro code  0x00009c42     0x8  exit.o [3]
  .text                ro code  0x00009c4c     0xa  cexit.o [5]
  .text                ro code  0x00009c58    0x14  exit.o [6]
  .rodata              const    0x00009c6c    0x18  OV7725.o [1]
  .rodata              const    0x00009c84    0x18  xprintffull_nomb.o [3]
  .text                ro code  0x00009c9c    0x16  xprout.o [3]
  .text                ro code  0x00009cb4    0x10  putchar.o [3]
  .rodata              const    0x00009cc4    0x14  OV7725.o [1]
  .rodata              const    0x00009cd8    0x10  OV7725.o [1]
  .text                ro code  0x00009ce8     0xc  cstartup_M.o [5]
  .rodata              const    0x00009cf4     0x8  image_process.o [1]
  .rodata              const    0x00009cfc     0x8  image_process.o [1]
  .rodata              const    0x00009d04     0x8  ISR.o [1]
  Initializer bytes    ro data  0x00009d0c    0x88  <for P2 s0>
                              - 0x00009d94  0x997c

"P2":                                       0x68e8
  .data                         0x1fffe410   0xb74  <Block>
    .data-1                     0x1fffe410   0xb74  <Init block>
      .data            inited   0x1fffe410     0x4  beep.o [1]
      .data            inited   0x1fffe414     0x2  image_process.o [1]
      .data            inited   0x1fffe418     0x8  image_process.o [1]
      .data            inited   0x1fffe420    0x48  image_process.o [1]
      .data            inited   0x1fffe468     0x1  ISR.o [1]
      .data            inited   0x1fffe46c   0x800  LCD.o [1]
      .data            inited   0x1fffec6c     0x4  main.o [1]
      .data            inited   0x1fffec70     0x4  main.o [1]
      .data            inited   0x1fffec74     0x2  main.o [1]
      .data            inited   0x1fffec76     0x1  main.o [1]
      .data            inited   0x1fffec77     0x1  main.o [1]
      .data            inited   0x1fffec78     0x1  main.o [1]
      .data            inited   0x1fffec79     0x1  main.o [1]
      .data            inited   0x1fffec7c     0x4  main.o [1]
      .data            inited   0x1fffec80     0x4  main.o [1]
      .data            inited   0x1fffec84     0x1  main.o [1]
      .data            inited   0x1fffec88     0x4  main.o [1]
      .data            inited   0x1fffec8c     0x4  main.o [1]
      .data            inited   0x1fffec90     0x4  main.o [1]
      .data            inited   0x1fffec94     0x4  main.o [1]
      .data            inited   0x1fffec98     0x2  main.o [1]
      .data            inited   0x1fffec9a     0x2  main.o [1]
      .data            inited   0x1fffec9c     0x2  main.o [1]
      .data            inited   0x1fffeca0     0x4  MKL_adc.o [1]
      .data            inited   0x1fffeca4   0x1bc  MKL_conf.o [1]
      .data            inited   0x1fffee60    0x14  MKL_gpio.o [1]
      .data            inited   0x1fffee74    0x34  MKL_mcg.o [1]
      .data            inited   0x1fffeea8     0x4  MKL_mcg.o [1]
      .data            inited   0x1fffeeac    0x14  MKL_port.o [1]
      .data            inited   0x1fffeec0     0xc  MKL_TPM.o [1]
      .data            inited   0x1fffeecc     0xc  MKL_uart.o [1]
      .data            inited   0x1fffeed8     0x1  mykey.o [1]
      .data            inited   0x1fffeed9     0x1  OV7725.o [1]
      .data            inited   0x1fffeeda     0x1  OV7725.o [1]
      .data            inited   0x1fffeedc    0x64  OV7725.o [1]
      .data            inited   0x1fffef40     0x1  OV7725.o [1]
      .data            inited   0x1fffef44    0x40  xfiles.o [3]
  .bss                          0x1fffef84  0x5cec  <Block>
    .bss               zero     0x1fffef84   0x140  image_process.o [1]
    .bss               zero     0x1ffff0c4   0xe14  image_process.o [1]
    .bss               zero     0x1ffffed8     0x8  image_process.o [1]
    .bss               zero     0x1ffffee0    0x14  image_process.o [1]
    .bss               zero     0x1ffffef4    0x14  image_process.o [1]
    .bss               zero     0x1fffff08     0x4  ISR.o [1]
    .bss               zero     0x1fffff0c     0x8  ISR.o [1]
    .bss               zero     0x1fffff14     0x4  ISR.o [1]
    .bss               zero     0x1fffff18     0x4  ISR.o [1]
    .bss               zero     0x1fffff1c     0x4  ISR.o [1]
    .bss               zero     0x1fffff20     0x4  ISR_FUN.o [1]
    .bss               zero     0x1fffff24    0x14  ISR_FUN.o [1]
    .bss               zero     0x1fffff38    0x14  ISR_FUN.o [1]
    .bss               zero     0x1fffff4c    0x28  ISR_FUN.o [1]
    .bss               zero     0x1fffff74     0x4  main.o [1]
    .bss               zero     0x1fffff78     0x4  main.o [1]
    .bss               zero     0x1fffff7c     0x4  main.o [1]
    .bss               zero     0x1fffff80     0x4  main.o [1]
    .bss               zero     0x1fffff84     0x4  main.o [1]
    .bss               zero     0x1fffff88     0x4  main.o [1]
    .bss               zero     0x1fffff8c     0x4  main.o [1]
    .bss               zero     0x1fffff90     0x4  main.o [1]
    .bss               zero     0x1fffff94    0x38  main.o [1]
    .bss               zero     0x1fffffcc    0x38  main.o [1]
    .bss               zero     0x20000004    0x38  main.o [1]
    .bss               zero     0x2000003c    0x38  main.o [1]
    .bss               zero     0x20000074     0x4  main.o [1]
    .bss               zero     0x20000078     0x4  main.o [1]
    .bss               zero     0x2000007c     0x4  main.o [1]
    .bss               zero     0x20000080     0x4  main.o [1]
    .bss               zero     0x20000084     0x4  main.o [1]
    .bss               zero     0x20000088    0x18  MKL_uart.o [1]
    .bss               zero     0x200000a0     0x4  MKL_wdog.o [1]
    .bss               zero     0x200000a4  0x25a8  OV7725.o [1]
    .bss               zero     0x2000264c  0x25a8  OV7725.o [1]
    .bss               zero     0x20004bf4     0x4  OV7725.o [1]
    .bss               zero     0x20004bf8     0x4  system_MKL.o [1]
    .bss               zero     0x20004bfc     0x4  system_MKL.o [1]
    .bss               zero     0x20004c00     0x4  system_MKL.o [1]
    .bss               zero     0x20004c04     0x4  system_MKL.o [1]
    .bss               zero     0x20004c08    0x50  xfiles.o [3]
    .bss               zero     0x20004c58     0x2  LCD.o [1]
    .bss               zero     0x20004c5a     0x2  main.o [1]
    .bss               zero     0x20004c5c     0x2  main.o [1]
    .bss               zero     0x20004c5e     0x1  image_process.o [1]
    .bss               zero     0x20004c5f     0x1  image_process.o [1]
    .bss               zero     0x20004c60     0x1  image_process.o [1]
    .bss               zero     0x20004c61     0x1  image_process.o [1]
    .bss               zero     0x20004c62     0x1  image_process.o [1]
    .bss               zero     0x20004c63     0x1  image_process.o [1]
    .bss               zero     0x20004c64     0x1  image_process.o [1]
    .bss               zero     0x20004c65     0x1  ISR.o [1]
    .bss               zero     0x20004c66     0x1  ISR.o [1]
    .bss               zero     0x20004c67     0x1  ISR.o [1]
    .bss               zero     0x20004c68     0x1  ISR.o [1]
    .bss               zero     0x20004c69     0x1  ISR_FUN.o [1]
    .bss               zero     0x20004c6a     0x1  ISR_FUN.o [1]
    .bss               zero     0x20004c6b     0x1  main.o [1]
    .bss               zero     0x20004c6c     0x1  main.o [1]
    .bss               zero     0x20004c6d     0x1  main.o [1]
    .bss               zero     0x20004c6e     0x1  main.o [1]
    .bss               zero     0x20004c6f     0x1  main.o [1]
  CodeRelocateRam               0x20004c70     0x0  <Block>
  P2 s0                         0x20004c70    0x88  <Init block>
    __DLIB_PERTHREAD   inited   0x20004c70    0x88  localeconv.o [3]
                              - 0x20004cf8  0x68e8


*******************************************************************************
*** INIT TABLE
***

          Address     Size
          -------     ----
Zero (__iar_zero_init3)
    1 destination range, total size 0x5cec:
          0x1fffef84  0x5cec



*******************************************************************************
*** MODULE SUMMARY
***

    Module              ro code  ro data  rw data
    ------              -------  -------  -------
D:\Island\6.13稳定进出环\Prj\IAR\Debug\Obj: [1]
    ISR.o                 1 764        9       29
    ISR_FUN.o               900                86
    LCD.o                 2 836    2 051    2 050
    LED.o                    44
    MKL_PIT.o               140       48
    MKL_SysTick.o           100       52
    MKL_TPM.o             1 196       60       12
    MKL_adc.o               512       50        4
    MKL_conf.o               84      540      444
    MKL_dma.o               488       48
    MKL_gpio.o              212       20       20
    MKL_mcg.o               836       56       56
    MKL_port.o              216       20       20
    MKL_uart.o            1 268       12       36
    MKL_wdog.o               32                 4
    OV7725.o                560      264   19 387
    SCCB.o                1 110
    beep.o                  136        4        4
    dial_switch.o           316
    getspeed.o              156
    image_process.o      11 820      100    4 061
    init.o                  776
    main.o                  496       50      330
    misc.o                   80       44
    mpu6050.o               738
    mpuiic.o                560
    myPWM.o                  56
    mykey.o                 196        1        1
    mymath.o                190
    pid.o                   290
    startup_MKL.o             8
    system_MKL.o            388                16
    vectors.o                      1 040
    ---------------------------------------------
    Total:               28 504    4 469   26 560

command line: [2]
    ---------------------------------------------
    Total:

dl6M_tlf.a: [3]
    div.o                    32
    exit.o                    8
    localeconv.o            104      136      136
    low_level_init.o          4
    printf.o                 36
    putchar.o                16
    xfiles.o                          67      144
    xprintffull_nomb.o    3 818       24
    xprout.o                 22
    xtls.o                    2
    ---------------------------------------------
    Total:                4 042      227      280

m6M_tl.a: [4]
    DblAddSub.o             436
    DblCmpGe.o               50
    DblCmpLe.o               50
    DblDiv.o                194
    DblMul.o                388
    DblToFlt.o               98
    DblToI32.o               82
    FltAddSub.o             288
    FltCmpLe.o               38
    FltMul.o                180
    FltToDbl.o               50
    FltToS32.o               58
    I32ToDbl.o               52
    I32ToFlt.o               54
    xdnorm.o                 68
    xdscale.o               284
    ---------------------------------------------
    Total:                2 370

rt6M_tl.a: [5]
    ABImemcpy.o              92
    ABImemset.o              52
    I32DivModFast.o         224
    I64DivMod.o             106
    I64DivZer.o               2
    IntDivZer.o               2
    cexit.o                  10
    cmain.o                  26
    cstartup_M.o             12
    data_init.o              40
    memchr.o                 24
    strchr.o                 20
    strlen.o                 16
    zero_init3.o             42
    ---------------------------------------------
    Total:                  668

shb_l.a: [6]
    exit.o                   20
    ---------------------------------------------
    Total:                   20

    Gaps                     24                16
    Linker created                    16
-------------------------------------------------
    Grand Total:         35 628    4 712   26 856


*******************************************************************************
*** ENTRY LIST
***

Entry                      Address    Size  Type      Object
-----                      -------    ----  ----      ------
.bss$$Base              0x1fffef84           --   Gb  - Linker created -
.bss$$Limit             0x20004c70           --   Gb  - Linker created -
.data$$Base             0x1fffe410           --   Gb  - Linker created -
.data$$Limit            0x1fffef84           --   Gb  - Linker created -
.data_init$$Base        0x00005e24           --   Gb  - Linker created -
.data_init$$Limit       0x00006998           --   Gb  - Linker created -
?main                   0x00009c25          Code  Gb  cmain.o [5]
ADCN                    0x1fffeca0     0x4  Data  Gb  MKL_adc.o [1]
ASSERT_FAILED_STR       0x00009b8c    0x24  Data  Gb  MKL_conf.o [1]
BEEP_Open_once          0x000043b7    0x2a  Code  Gb  beep.o [1]
Beep_ISR                0x000043f9    0x26  Code  Gb  beep.o [1]
Beep_Once               0x000043e1    0x18  Code  Gb  beep.o [1]
Blue_Start_Flag         0x1fffec79     0x1  Data  Gb  main.o [1]
Brush_Color             0x20004c58     0x2  Data  Gb  LCD.o [1]
CenterlineToDiff        0x00000cb1    0x22  Code  Gb  image_process.o [1]
CodeRelocate$$Base      0x00000410           --   Gb  - Linker created -
CodeRelocate$$Limit     0x00000410           --   Gb  - Linker created -
CodeRelocateRam$$Base   0x20004c70           --   Gb  - Linker created -
CodeRelocateRam$$Limit  0x20004c70           --   Gb  - Linker created -
Cross                   0x1ffffed8     0x8  Data  Gb  image_process.o [1]
Cross_Test              0x00000cdd    0x4c  Code  Gb  image_process.o [1]
Cross_center_test       0x00002e59   0x348  Code  Gb  image_process.o [1]
Cross_curve_test        0x00002c89   0x1c8  Code  Gb  image_process.o [1]
Cross_process           0x0000285d    0x20  Code  Gb  image_process.o [1]
DIFF_DOWN               0x1fffec8c     0x4  Data  Gb  main.o [1]
DIFF_PID_CHANGE_FLAG    0x20004c6f     0x1  Data  Gb  main.o [1]
DIFF_UP                 0x1fffec88     0x4  Data  Gb  main.o [1]
DMA0_IRQHandler         0x00006ae1    0x48  Code  Gb  ISR.o [1]
Diff_PID                0x20000004    0x38  Data  Gb  main.o [1]
Diff_PID_Process        0x00007dfb    0x52  Code  Gb  pid.o [1]
Diff_PID_ave            0x1fffff20     0x4  Data  Gb  ISR_FUN.o [1]
Diff_error              0x20000074     0x4  Data  Gb  main.o [1]
Disp_single_colour      0x0000393d    0x36  Code  Gb  LCD.o [1]
Duty_Motor1             0x1fffff8c     0x4  Data  Gb  main.o [1]
Duty_Motor2             0x1fffff90     0x4  Data  Gb  main.o [1]
Elec_Island             0x00000d6b    0x84  Code  Gb  image_process.o [1]
Font8x16                0x1fffe46c   0x800  Data  Gb  LCD.o [1]
GPIOX                   0x1fffee60    0x14  Data  Gb  MKL_gpio.o [1]
Get_speed1              0x00007201    0x34  Code  Gb  getspeed.o [1]
Get_speed2              0x00007235    0x34  Code  Gb  getspeed.o [1]
Gyro_Down               0x1fffec94     0x4  Data  Gb  main.o [1]
Gyro_PID                0x2000003c    0x38  Data  Gb  main.o [1]
Gyro_Up                 0x1fffec90     0x4  Data  Gb  main.o [1]
IICwriteBit             0x00008e39    0x48  Code  Gb  mpu6050.o [1]
IICwriteBits            0x00008e81    0x60  Code  Gb  mpu6050.o [1]
ImageData               0x1fffef84   0x140  Data  Gb  image_process.o [1]
Image_Flag              0x1fffec84     0x1  Data  Gb  main.o [1]
Image_Island_Test       0x00001969   0x314  Code  Gb  image_process.o [1]
Image_Island_Test_Beep  0x1fffe410     0x4  Data  Gb  beep.o [1]
Image_fire              0x20004bf4     0x4  Data  Gb  OV7725.o [1]
Image_fire_Memory1      0x200000a4  0x25a8  Data  Gb  OV7725.o [1]
Image_fire_Memory2      0x2000264c  0x25a8  Data  Gb  OV7725.o [1]
Image_hang              0x1ffff0c4   0xe14  Data  Gb  image_process.o [1]
Image_lie               0x1fffe418     0x8  Data  Gb  image_process.o [1]
In_Cross                0x000028ad   0x3ac  Code  Gb  image_process.o [1]
In_Cross_test           0x00002881    0x22  Code  Gb  image_process.o [1]
In_Island               0x00000e19   0x2aa  Code  Gb  image_process.o [1]
In_Island_center        0x00001101   0x388  Code  Gb  image_process.o [1]
Island                  0x1fffe420    0x48  Data  Gb  image_process.o [1]
Island_process          0x00000d51    0x1a  Code  Gb  image_process.o [1]
KEY_Scan                0x00008cc3    0x7e  Code  Gb  mykey.o [1]
Key_Start_Flag          0x20004c6e     0x1  Data  Gb  main.o [1]
Key_status              0x20004c6b     0x1  Data  Gb  main.o [1]
LCD_DISPLAY_FLAG        0x1fffec77     0x1  Data  Gb  main.o [1]
LCD_DrawBigPoint        0x00003d21    0x38  Code  Gb  LCD.o [1]
LCD_DrawPoint           0x00003cfd    0x24  Code  Gb  LCD.o [1]
LCD_Draw_Line           0x00003c25    0xd8  Code  Gb  LCD.o [1]
LCD_PORT_init           0x00003245    0x2c  Code  Gb  LCD.o [1]
LCD_PutChar             0x0000388b    0x1e  Code  Gb  LCD.o [1]
LCD_PutChar8x16         0x000038e1    0x56  Code  Gb  LCD.o [1]
LCD_PutString           0x000038a9    0x38  Code  Gb  LCD.o [1]
LCD_Put_Int             0x00003973   0x24a  Code  Gb  LCD.o [1]
LCD_SetPos              0x00003825    0x66  Code  Gb  LCD.o [1]
LCD_init                0x00003271   0x246  Code  Gb  LCD.o [1]
L_AD_Ave                0x1fffff74     0x4  Data  Gb  main.o [1]
LoadInt                 0x0000516b    0x68  Code  Lc  xprintffull_nomb.o [3]
MPU6050_setClockSource  0x00008ef3    0x14  Code  Gb  mpu6050.o [1]
MPU6050_setDLPF         0x00008f63    0x14  Code  Gb  mpu6050.o [1]
MPU6050_setFullScaleAccelRange
                        0x00008f43    0x20  Code  Gb  mpu6050.o [1]
MPU6050_setFullScaleGyroRange
                        0x00008f23    0x20  Code  Gb  mpu6050.o [1]
MPU6050_setSleepEnabled
                        0x00008ee1    0x12  Code  Gb  mpu6050.o [1]
MPU6050_set_SMPLRT_DIV  0x00008f07    0x1c  Code  Gb  mpu6050.o [1]
MPU_IIC_Ack             0x0000934b    0x3e  Code  Gb  mpuiic.o [1]
MPU_IIC_Init            0x00009261    0x18  Code  Gb  mpuiic.o [1]
MPU_IIC_NAck            0x00009389    0x3e  Code  Gb  mpuiic.o [1]
MPU_IIC_Read_Byte       0x00009423    0x60  Code  Gb  mpuiic.o [1]
MPU_IIC_Send_Byte       0x000093c7    0x5c  Code  Gb  mpuiic.o [1]
MPU_IIC_Start           0x00009279    0x3e  Code  Gb  mpuiic.o [1]
MPU_IIC_Stop            0x000092b7    0x3e  Code  Gb  mpuiic.o [1]
MPU_IIC_Wait_Ack        0x000092f5    0x56  Code  Gb  mpuiic.o [1]
MPU_Init                0x00008d4d    0xec  Code  Gb  mpu6050.o [1]
MPU_Read_Byte           0x00008ff1    0x3e  Code  Gb  mpu6050.o [1]
MPU_Read_Len            0x00008f7d    0x28  Code  Gb  mpu6050.o [1]
MPU_Write_Byte          0x00008fa5    0x4c  Code  Gb  mpu6050.o [1]
MYADC_INIT              0x000077e1    0x10  Code  Gb  MKL_adc.o [1]
Master_Speed            0x1fffec74     0x2  Data  Gb  main.o [1]
Memory_use_Flag         0x1fffeed9     0x1  Data  Gb  OV7725.o [1]
Motor1                  0x1fffff7c     0x4  Data  Gb  main.o [1]
Motor1_PID              0x1fffff94    0x38  Data  Gb  main.o [1]
Motor2                  0x1fffff80     0x4  Data  Gb  main.o [1]
Motor2_PID              0x1fffffcc    0x38  Data  Gb  main.o [1]
Motor_enable_Flag       0x1fffec78     0x1  Data  Gb  main.o [1]
Motot1_Init             0x00008c51    0x1c  Code  Gb  myPWM.o [1]
Motot2_Init             0x00008c6d    0x1c  Code  Gb  myPWM.o [1]
NVIC_DisableIRQ         0x000069a7     0xe  Code  Lc  ISR.o [1]
NVIC_DisableIRQ         0x0000903f     0xe  Code  Lc  OV7725.o [1]
NVIC_EnableIRQ          0x00008705     0xe  Code  Lc  init.o [1]
NVIC_EnableIRQ          0x00006999     0xe  Code  Lc  ISR.o [1]
NVIC_EnableIRQ          0x000046b9     0xe  Code  Lc  MKL_uart.o [1]
NVIC_EnableIRQ          0x00009031     0xe  Code  Lc  OV7725.o [1]
Out_Cross_test          0x000031a9    0x82  Code  Gb  image_process.o [1]
Out_Island              0x00001589   0x3ac  Code  Gb  image_process.o [1]
Out_Island_Test         0x00001d71   0x346  Code  Gb  image_process.o [1]
Ov7725_Init             0x00009131    0x12  Code  Gb  OV7725.o [1]
Ov7725_exti_Init        0x0000904d    0xc6  Code  Gb  OV7725.o [1]
Ov7725_reg_Init         0x00009143    0xc4  Code  Gb  OV7725.o [1]
PID_Init                0x00007e4d    0x3e  Code  Gb  pid.o [1]
PID_process             0x00007d69    0x92  Code  Gb  pid.o [1]
PIT_IRQHandler          0x00006df1   0x204  Code  Gb  ISR.o [1]
PORTX                   0x1fffeeac    0x14  Data  Gb  MKL_port.o [1]
Parameters_init_CAR     0x000087dd   0x19c  Code  Gb  init.o [1]
R_AD_Ave                0x1fffff78     0x4  Data  Gb  main.o [1]
Reduct_Flag             0x20004c6d     0x1  Data  Gb  main.o [1]
Region$$Table$$Base     0x00009bd4           --   Gb  - Linker created -
Region$$Table$$Limit    0x00009be4           --   Gb  - Linker created -
Reset_Handler           0x00000411          Code  Gb  startup_MKL.o [1]
SCCB_Ack                0x000080a7    0x4e  Code  Lc  SCCB.o [1]
SCCB_GPIO_init          0x00007f81    0x28  Code  Gb  SCCB.o [1]
SCCB_NoAck              0x000080f5    0x50  Code  Lc  SCCB.o [1]
SCCB_ReadByte           0x00008339    0x86  Code  Gb  SCCB.o [1]
SCCB_ReceiveByte        0x0000824d    0x8e  Code  Lc  SCCB.o [1]
SCCB_SendByte           0x000081d7    0x6e  Code  Lc  SCCB.o [1]
SCCB_Start              0x00007fa9    0xba  Code  Lc  SCCB.o [1]
SCCB_Stop               0x00008063    0x44  Code  Lc  SCCB.o [1]
SCCB_WaitAck            0x00008145    0x92  Code  Lc  SCCB.o [1]
SCCB_WriteByte          0x000082f1    0x48  Code  Gb  SCCB.o [1]
SCCB_delay              0x00007f69    0x18  Code  Lc  SCCB.o [1]
SCI_Send_Datas          0x00004ac5    0xda  Code  Gb  MKL_uart.o [1]
Send_Image_to_LCD       0x00003bc9    0x56  Code  Gb  LCD.o [1]
Slow_Flag               0x20004c6c     0x1  Data  Gb  main.o [1]
Speed_Control           0x0000726d    0x98  Code  Gb  ISR_FUN.o [1]
Speed_L_sum             0x1fffff84     0x4  Data  Gb  main.o [1]
Speed_R_sum             0x1fffff88     0x4  Data  Gb  main.o [1]
Speed_goal1             0x1fffec6c     0x4  Data  Gb  main.o [1]
Speed_goal1_TEMP        0x1fffec7c     0x4  Data  Gb  main.o [1]
Speed_goal2             0x1fffec70     0x4  Data  Gb  main.o [1]
Speed_goal2_TEMP        0x1fffec80     0x4  Data  Gb  main.o [1]
Speed_output            0x00007321   0x25c  Code  Gb  ISR_FUN.o [1]
Speed_stand             0x20004c5a     0x2  Data  Gb  main.o [1]
Start_line_cnt          0x20004c60     0x1  Data  Gb  image_process.o [1]
Start_line_delay        0x1fffe414     0x2  Data  Gb  image_process.o [1]
Start_line_flag         0x20004c5f     0x1  Data  Gb  image_process.o [1]
Stay2Out_test           0x000020c1   0x33e  Code  Gb  image_process.o [1]
Stay_Island             0x00001495    0xd4  Code  Gb  image_process.o [1]
Switch_Status           0x20004c5c     0x2  Data  Gb  main.o [1]
System_Init             0x00008713    0xc0  Code  Gb  init.o [1]
TPMN                    0x1fffeec0     0xc  Data  Gb  MKL_TPM.o [1]
Test_Far_Lie            0x00001c8d    0xdc  Code  Gb  image_process.o [1]
TimeCnt_Start_Reduct_Flag
                        0x1fffe468     0x1  Data  Gb  ISR.o [1]
Time_1ms                0x2000007c     0x4  Data  Gb  main.o [1]
UARTN                   0x1fffeecc     0xc  Data  Gb  MKL_uart.o [1]
USART1_IRQHandler       0x00006b71   0x22e  Code  Gb  ISR.o [1]
VSYNC_IRQ               0x00006a29    0xb8  Code  Gb  ISR.o [1]
Wait_Next_Island        0x00002409    0xba  Code  Gb  image_process.o [1]
Wait_Next_center        0x000024d1   0x388  Code  Gb  image_process.o [1]
_GenldFullNoMb          0x0000578d   0x2d6  Code  Lc  xprintffull_nomb.o [3]
_LdtobFullNoMb          0x00005305   0x474  Code  Lc  xprintffull_nomb.o [3]
_LitobFullNoMb          0x000051d3   0x12e  Code  Lc  xprintffull_nomb.o [3]
_Locale_aeabi_lconv     0x20004cc0    0x38  Data  Gb  localeconv.o [3]
_Locale_lconv           0x20004c70    0x50  Data  Gb  localeconv.o [3]
_PrintfFullNoMb         0x00004bad   0x5be  Code  Gb  xprintffull_nomb.o [3]
_Prout                  0x00009c9d    0x16  Code  Gb  xprout.o [3]
_PutcharsFullNoMb       0x00005a67    0x30  Code  Lc  xprintffull_nomb.o [3]
__BOOT_STACK_ADDRESS {Abs}
                        0x20005ff8           --   Gb  command line/config [2]
__VECTOR_RAM {Abs}      0x1fffe000           --   Gb  command line/config [2]
__VECTOR_TABLE {Abs}    0x00000000           --   Gb  command line/config [2]
__aeabi_cdcmple         0x00005c19          Code  Gb  DblCmpLe.o [4]
__aeabi_cdrcmple        0x00005c4b          Code  Gb  DblCmpGe.o [4]
__aeabi_cfcmple         0x00007f41          Code  Gb  FltCmpLe.o [4]
__aeabi_d2f             0x00007d07          Code  Gb  DblToFlt.o [4]
__aeabi_d2iz            0x00003f59          Code  Gb  DblToI32.o [4]
__aeabi_d2uiz           0x00003f7d          Code  Gb  DblToI32.o [4]
__aeabi_dadd            0x0000412f          Code  Gb  DblAddSub.o [4]
__aeabi_ddiv            0x00003e6d          Code  Gb  DblDiv.o [4]
__aeabi_dmul            0x00003fab          Code  Gb  DblMul.o [4]
__aeabi_dsub            0x000041f5          Code  Gb  DblAddSub.o [4]
__aeabi_f2d             0x00007cd5          Code  Gb  FltToDbl.o [4]
__aeabi_f2iz            0x00005a99          Code  Gb  FltToS32.o [4]
__aeabi_fadd            0x000070b1          Code  Gb  FltAddSub.o [4]
__aeabi_fmul            0x00007e8b          Code  Gb  FltMul.o [4]
__aeabi_fsub            0x00007121          Code  Gb  FltAddSub.o [4]
__aeabi_i2d             0x00003e39          Code  Gb  I32ToDbl.o [4]
__aeabi_i2f             0x00007c9d          Code  Gb  I32ToFlt.o [4]
__aeabi_idiv            0x00003d85          Code  Gb  I32DivModFast.o [5]
__aeabi_idiv0           0x00004565          Code  Gb  IntDivZer.o [5]
__aeabi_idivmod         0x00003d85          Code  Gb  I32DivModFast.o [5]
__aeabi_ldiv0           0x00005e21          Code  Gb  I64DivZer.o [5]
__aeabi_memclr4         0x000070ad          Code  Gb  ABImemset.o [5]
__aeabi_memclr8         0x000070ad          Code  Gb  ABImemset.o [5]
__aeabi_memcpy          0x00005b79          Code  Gb  ABImemcpy.o [5]
__aeabi_ui2d            0x00003e4d          Code  Gb  I32ToDbl.o [4]
__aeabi_ui2f            0x00007cb5          Code  Gb  I32ToFlt.o [4]
__aeabi_uidiv           0x00003d8b          Code  Gb  I32DivModFast.o [5]
__aeabi_uidivmod        0x00003d8b          Code  Gb  I32DivModFast.o [5]
__aeabi_uldivmod        0x00005b0f          Code  Gb  I64DivMod.o [5]
__cmain                 0x00009c25          Code  Gb  cmain.o [5]
__exit                  0x00009c59    0x14  Code  Gb  exit.o [6]
__iar_Dnorm             0x00005bd5    0x44  Code  Gb  xdnorm.o [4]
__iar_Dscale            0x00005c7d   0x11c  Code  Gb  xdscale.o [4]
__iar_Locale_lconv_init
                        0x00005d99    0x32  Code  Gb  localeconv.o [3]
__iar_Memchr            0x00005af7    0x18  Code  Gb  memchr.o [5]
__iar_Memset4_word      0x0000707d          Code  Gb  ABImemset.o [5]
__iar_Stdout            0x1fffef44    0x40  Data  Gb  xfiles.o [3]
__iar_Strchr            0x00005ad3    0x14  Code  Gb  strchr.o [5]
__iar_d2uiz             0x00003f81          Code  Gb  DblToI32.o [4]
__iar_data_init3        0x00009b65    0x28  Code  Gb  data_init.o [5]
__iar_dlib_perthread_access
                        0x00005e23     0x2  Code  Gb  xtls.o [3]
__iar_program_start     0x00009ce9          Code  Gb  cstartup_M.o [5]
__iar_ui2d              0x00003e51          Code  Gb  I32ToDbl.o [4]
__iar_ui2f              0x00007cb9          Code  Gb  I32ToFlt.o [4]
__iar_zero_init3        0x00003f2f    0x2a  Code  Gb  zero_init3.o [5]
__low_level_init        0x00009c3f     0x4  Code  Gb  low_level_init.o [3]
__vector_table          0x00000000   0x410  Data  Gb  vectors.o [1]
_call_main              0x00009c31          Code  Gb  cmain.o [5]
_exit                   0x00009c4d          Code  Gb  cexit.o [5]
_main                   0x00009c3b          Code  Gb  cmain.o [5]
adc_init                0x000075f1   0x138  Code  Gb  MKL_adc.o [1]
adc_once                0x00007729    0x5a  Code  Gb  MKL_adc.o [1]
adc_start               0x00007783    0x4c  Code  Lc  MKL_adc.o [1]
assert_failed           0x00004641    0x12  Code  Gb  MKL_conf.o [1]
bus_clk_khz             0x20004c04     0x4  Data  Gb  system_MKL.o [1]
button_timeout          0x1fffec76     0x1  Data  Gb  main.o [1]
cfgnum                  0x1fffef40     0x1  Data  Gb  OV7725.o [1]
clk_out_init            0x000098eb    0x24  Code  Gb  system_MKL.o [1]
common_startup          0x0000990f    0x92  Code  Gb  system_MKL.o [1]
core_clk_khz            0x20004bfc     0x4  Data  Gb  system_MKL.o [1]
core_clk_mhz            0x20004c00     0x4  Data  Gb  system_MKL.o [1]
default_isr             0x00004669    0x1c  Code  Gb  MKL_conf.o [1]
dial_switch_Init        0x00008ae9    0x94  Code  Gb  dial_switch.o [1]
dial_switch_Scan        0x00008b7d    0xa2  Code  Gb  dial_switch.o [1]
diff_done_flag          0x20004c5e     0x1  Data  Gb  image_process.o [1]
div                     0x00005e01    0x20  Code  Gb  div.o [3]
dma_portx2buff_init     0x00009491   0x1e8  Code  Gb  MKL_dma.o [1]
dma_repeat              0x000069b5    0x74  Code  Lc  ISR.o [1]
double_AD               0x00000d29    0x1e  Code  Gb  image_process.o [1]
exit                    0x00009c43     0x8  Code  Gb  exit.o [3]
fputc                   0x00004653    0x14  Code  Gb  MKL_conf.o [1]
get_black_line          0x000006e9   0x33a  Code  Gb  image_process.o [1]
get_three_lie           0x00000a39   0x270  Code  Gb  image_process.o [1]
getspeed1_init          0x000071d1    0x18  Code  Gb  getspeed.o [1]
getspeed2_init          0x000071e9    0x18  Code  Gb  getspeed.o [1]
gpio_init               0x0000442d    0xce  Code  Gb  MKL_gpio.o [1]
image_process           0x00000419   0x266  Code  Gb  image_process.o [1]
img_flag                0x1fffeeda     0x1  Data  Gb  OV7725.o [1]
localeconv              0x00005dcb    0x18  Code  Gb  localeconv.o [3]
main                    0x00009679   0x1f0  Code  Gb  main.o [1]
mcg_cfg                 0x1fffee74    0x34  Data  Gb  MKL_mcg.o [1]
mcg_div                 0x1fffeea8     0x4  Data  Gb  MKL_mcg.o [1]
mcg_div_count           0x000083c1   0x222  Code  Gb  MKL_mcg.o [1]
min_u8_index            0x000042e5    0x30  Code  Gb  mymath.o [1]
myBEEP_Init             0x000043a5    0x12  Code  Gb  beep.o [1]
myKEY_Init              0x00008c89    0x3a  Code  Gb  mykey.o [1]
myLED_Init              0x00008c25    0x2c  Code  Gb  LED.o [1]
obuf                    0x20004c08    0x50  Data  Lc  xfiles.o [3]
ov7725_get_img          0x00009113    0x1e  Code  Gb  OV7725.o [1]
ov7727_reg              0x1fffeedc    0x64  Data  Gb  OV7725.o [1]
pit_init                0x00008a0d    0x7a  Code  Gb  MKL_PIT.o [1]
pll_clk_mhz             0x20004bf8     0x4  Data  Gb  system_MKL.o [1]
pll_init                0x000085f1    0xc6  Code  Gb  MKL_mcg.o [1]
port_init               0x00004569    0x50  Code  Gb  MKL_port.o [1]
port_init_NoALT         0x000045b9    0x7a  Code  Gb  MKL_port.o [1]
power_s16               0x00004315    0x1a  Code  Gb  mymath.o [1]
printf                  0x00004695    0x24  Code  Gb  printf.o [3]
putchar                 0x00009cb5    0x10  Code  Gb  putchar.o [3]
road_filter_flag        0x20004c61     0x1  Data  Gb  image_process.o [1]
set_vector_handler      0x00008ab9    0x24  Code  Gb  misc.o [1]
stand_AD                0x1fffec9c     0x2  Data  Gb  main.o [1]
stand_AD_L              0x1fffec98     0x2  Data  Gb  main.o [1]
stand_AD_R              0x1fffec9a     0x2  Data  Gb  main.o [1]
stand_d                 0x20000084     0x4  Data  Gb  main.o [1]
stand_half_k            0x20000078     0x4  Data  Gb  main.o [1]
stand_p                 0x20000080     0x4  Data  Gb  main.o [1]
start                   0x00009869    0x18  Code  Gb  system_MKL.o [1]
start_check             0x00004667     0x2  Code  Gb  MKL_conf.o [1]
strlen                  0x00005ae7    0x10  Code  Gb  strlen.o [5]
sum_point               0x0000436f    0x34  Code  Gb  mymath.o [1]
sum_s16                 0x0000432f    0x22  Code  Gb  mymath.o [1]
sum_u8                  0x00004351    0x1e  Code  Gb  mymath.o [1]
sysinit                 0x00009881    0x6a  Code  Gb  system_MKL.o [1]
systick_delay           0x00004501    0x38  Code  Gb  MKL_SysTick.o [1]
systick_delay_ms        0x00004539    0x18  Code  Gb  MKL_SysTick.o [1]
tpm_port_mux            0x000077f1    0xf4  Code  Gb  MKL_TPM.o [1]
tpm_pulse_clean         0x00007c5b    0x10  Code  Gb  MKL_TPM.o [1]
tpm_pulse_get           0x00007c6b    0x10  Code  Gb  MKL_TPM.o [1]
tpm_pulse_init          0x00007b61    0xfa  Code  Gb  MKL_TPM.o [1]
tpm_pwm_duty            0x00007a61    0xe4  Code  Gb  MKL_TPM.o [1]
tpm_pwm_init            0x000078e5   0x178  Code  Gb  MKL_TPM.o [1]
uart_init               0x000046c7   0x2c0  Code  Gb  MKL_uart.o [1]
uart_putchar            0x00004a41    0x34  Code  Gb  MKL_uart.o [1]
uart_querychar          0x00004995    0x42  Code  Gb  MKL_uart.o [1]
uart_querystr           0x000049e5    0x4a  Code  Gb  MKL_uart.o [1]
uart_rx_irq_en          0x00004a81    0x2c  Code  Gb  MKL_uart.o [1]
vector_str              0x1fffeca4   0x1bc  Data  Gb  MKL_conf.o [1]
wdog_cfg                0x200000a0     0x4  Data  Lc  MKL_wdog.o [1]
wdog_disable            0x000099ed    0x16  Code  Gb  MKL_wdog.o [1]
write_command           0x000034c1   0x1a4  Code  Gb  LCD.o [1]
write_data              0x00003665   0x1a4  Code  Gb  LCD.o [1]
write_vtor              0x00008a99    0x20  Code  Gb  misc.o [1]
write_word              0x0000380d    0x18  Code  Gb  LCD.o [1]


[1] = D:\Island\6.13稳定进出环\Prj\IAR\Debug\Obj
[2] = command line
[3] = dl6M_tlf.a
[4] = m6M_tl.a
[5] = rt6M_tl.a
[6] = shb_l.a

  35 628 bytes of readonly  code memory
   4 712 bytes of readonly  data memory
  26 856 bytes of readwrite data memory

Errors: none
Warnings: none
