###############################################################################
#
# IAR ELF Linker V7.30.1.7746/W32 for ARM                 27/Jun/2018  13:09:54
# Copyright 2007-2014 IAR Systems AB.
#
#    Output file  =  D:\Island\6.13稳定进出环\Prj\IAR\Debug\Exe\VCAN_KL.out
#    Map file     =  D:\Island\6.13稳定进出环\Prj\IAR\Debug\List\VCAN_KL.map
#    Command line =  
#        D:\Island\6.13稳定进出环\Prj\IAR\Debug\Obj\beep.o
#        D:\Island\6.13稳定进出环\Prj\IAR\Debug\Obj\delay.o
#        D:\Island\6.13稳定进出环\Prj\IAR\Debug\Obj\dial_switch.o
#        D:\Island\6.13稳定进出环\Prj\IAR\Debug\Obj\filter.o
#        D:\Island\6.13稳定进出环\Prj\IAR\Debug\Obj\getspeed.o
#        D:\Island\6.13稳定进出环\Lib\CMSIS\iar_cortexM0plusl_math.a
#        D:\Island\6.13稳定进出环\Prj\IAR\Debug\Obj\image2.o
#        D:\Island\6.13稳定进出环\Prj\IAR\Debug\Obj\image_process.o
#        D:\Island\6.13稳定进出环\Prj\IAR\Debug\Obj\imu.o
#        D:\Island\6.13稳定进出环\Prj\IAR\Debug\Obj\init.o
#        D:\Island\6.13稳定进出环\Prj\IAR\Debug\Obj\ISR.o
#        D:\Island\6.13稳定进出环\Prj\IAR\Debug\Obj\ISR_FUN.o
#        D:\Island\6.13稳定进出环\Prj\IAR\Debug\Obj\LCD.o
#        D:\Island\6.13稳定进出环\Prj\IAR\Debug\Obj\LED.o
#        D:\Island\6.13稳定进出环\Prj\IAR\Debug\Obj\main.o
#        D:\Island\6.13稳定进出环\Prj\IAR\Debug\Obj\misc.o
#        D:\Island\6.13稳定进出环\Prj\IAR\Debug\Obj\MKL_adc.o
#        D:\Island\6.13稳定进出环\Prj\IAR\Debug\Obj\MKL_conf.o
#        D:\Island\6.13稳定进出环\Prj\IAR\Debug\Obj\MKL_dac.o
#        D:\Island\6.13稳定进出环\Prj\IAR\Debug\Obj\MKL_dma.o
#        D:\Island\6.13稳定进出环\Prj\IAR\Debug\Obj\MKL_flash.o
#        D:\Island\6.13稳定进出环\Prj\IAR\Debug\Obj\MKL_gpio.o
#        D:\Island\6.13稳定进出环\Prj\IAR\Debug\Obj\MKL_i2c.o
#        D:\Island\6.13稳定进出环\Prj\IAR\Debug\Obj\MKL_it.o
#        D:\Island\6.13稳定进出环\Prj\IAR\Debug\Obj\MKL_lptmr.o
#        D:\Island\6.13稳定进出环\Prj\IAR\Debug\Obj\MKL_mcg.o
#        D:\Island\6.13稳定进出环\Prj\IAR\Debug\Obj\MKL_PIT.o
#        D:\Island\6.13稳定进出环\Prj\IAR\Debug\Obj\MKL_port.o
#        D:\Island\6.13稳定进出环\Prj\IAR\Debug\Obj\MKL_spi.o
#        D:\Island\6.13稳定进出环\Prj\IAR\Debug\Obj\MKL_SysTick.o
#        D:\Island\6.13稳定进出环\Prj\IAR\Debug\Obj\MKL_TPM.o
#        D:\Island\6.13稳定进出环\Prj\IAR\Debug\Obj\MKL_uart.o
#        D:\Island\6.13稳定进出环\Prj\IAR\Debug\Obj\MKL_wdog.o
#        D:\Island\6.13稳定进出环\Prj\IAR\Debug\Obj\mpu6050.o
#        D:\Island\6.13稳定进出环\Prj\IAR\Debug\Obj\mpuiic.o
#        D:\Island\6.13稳定进出环\Prj\IAR\Debug\Obj\mykey.o
#        D:\Island\6.13稳定进出环\Prj\IAR\Debug\Obj\mymath.o
#        D:\Island\6.13稳定进出环\Prj\IAR\Debug\Obj\myPWM.o
#        D:\Island\6.13稳定进出环\Prj\IAR\Debug\Obj\OV7725.o
#        D:\Island\6.13稳定进出环\Prj\IAR\Debug\Obj\pid.o
#        D:\Island\6.13稳定进出环\Prj\IAR\Debug\Obj\SCCB.o
#        D:\Island\6.13稳定进出环\Prj\IAR\Debug\Obj\startup_MKL.o
#        D:\Island\6.13稳定进出环\Prj\IAR\Debug\Obj\system_MKL.o
#        D:\Island\6.13稳定进出环\Prj\IAR\Debug\Obj\vectors.o -o
#        D:\Island\6.13稳定进出环\Prj\IAR\Debug\Exe\VCAN_KL.out --map
#        D:\Island\6.13稳定进出环\Prj\IAR\Debug\List\VCAN_KL.map --config
#        "D:\Island\6.13稳定进出环\Prj\IAR\config files\256KB_Pflash.icf"
#        --semihosting --entry __iar_program_start --vfe
#
###############################################################################

*******************************************************************************
*** RUNTIME MODEL ATTRIBUTES
***

CppFlavor       = *
__SystemLibrary = DLib


*******************************************************************************
*** PLACEMENT SUMMARY
***

"A1":  place at 0x00000000 { ro section .intvec };
"A2":  place at 0x00000410 { ro section .noinit };
"P1":  place in [from 0x00000000 to 0x00040000] { ro, block CodeRelocate };
"P2":  place in [from 0x1fffe410 to 0x20006000] {
          rw, block CodeRelocateRam, block CSTACK, block HEAP };

  Section              Kind        Address    Size  Object
  -------              ----        -------    ----  ------
"A1":                                        0x410
  .intvec              const    0x00000000   0x410  vectors.o [1]
                              - 0x00000410   0x410

"P1", part 1 of 2:                             0x0
  .rodata              const    0x00000410     0x0  zero_init3.o [5]
  CodeRelocate                  0x00000410     0x0  <Block>

"A2":                                          0x8
  .noinit              ro code  0x00000410     0x8  startup_MKL.o [1]
                              - 0x00000418     0x8

"P1", part 2 of 2:                          0x8e44
  .text                ro code  0x00000418  0x2404  image_process.o [1]
  .text                ro code  0x0000281c   0xb14  LCD.o [1]
  .text                ro code  0x00003330    0xe0  I32DivModFast.o [5]
  .text                ro code  0x00003410    0x34  I32ToDbl.o [4]
  .text                ro code  0x00003444    0xc2  DblDiv.o [4]
  .text                ro code  0x00003506    0x2a  zero_init3.o [5]
  .text                ro code  0x00003530    0x52  DblToI32.o [4]
  .text                ro code  0x00003582   0x184  DblMul.o [4]
  .text                ro code  0x00003706   0x1b4  DblAddSub.o [4]
  .text                ro code  0x000038bc    0x4a  mymath.o [1]
  .text                ro code  0x00003908    0xd4  MKL_gpio.o [1]
  .text                ro code  0x000039dc    0x64  MKL_SysTick.o [1]
  .text                ro code  0x00003a40     0x2  IntDivZer.o [5]
  .text                ro code  0x00003a44    0xd8  MKL_port.o [1]
  .text                ro code  0x00003b1c    0x54  MKL_conf.o [1]
  .text                ro code  0x00003b70    0x24  printf.o [3]
  .text                ro code  0x00003b94   0x40c  MKL_uart.o [1]
  .text                ro code  0x00003fa0   0xeea  xprintffull_nomb.o [3]
  .text                ro code  0x00004e8a    0x14  strchr.o [5]
  .text                ro code  0x00004e9e    0x10  strlen.o [5]
  .text                ro code  0x00004eae    0x18  memchr.o [5]
  .text                ro code  0x00004ec6    0x6a  I64DivMod.o [5]
  .text                ro code  0x00004f30    0x5c  ABImemcpy.o [5]
  .text                ro code  0x00004f8c    0x44  xdnorm.o [4]
  .text                ro code  0x00004fd0    0x32  DblCmpLe.o [4]
  .text                ro code  0x00005002    0x32  DblCmpGe.o [4]
  .text                ro code  0x00005034   0x11c  xdscale.o [4]
  .text                ro code  0x00005150    0x68  localeconv.o [3]
  .text                ro code  0x000051b8    0x20  div.o [3]
  .text                ro code  0x000051d8     0x2  I64DivZer.o [5]
  .text                ro code  0x000051da     0x2  xtls.o [3]
  .data_init                    0x000051dc   0xb74  <Block>
    Initializer bytes  ro data  0x000051dc   0xb74  <for .data-1>
  .text                ro code  0x00005d50   0x71c  ISR.o [1]
  .text                ro code  0x0000646c    0x34  ABImemset.o [5]
  .text                ro code  0x000064a0    0x3a  FltToS32.o [4]
  .text                ro code  0x000064da   0x120  FltAddSub.o [4]
  .text                ro code  0x000065fc    0x88  beep.o [1]
  .text                ro code  0x00006684    0x9c  getspeed.o [1]
  .text                ro code  0x00006720   0x384  ISR_FUN.o [1]
  .text                ro code  0x00006aa4   0x200  MKL_adc.o [1]
  .text                ro code  0x00006ca4   0x4ac  MKL_TPM.o [1]
  .text                ro code  0x00007150    0x36  I32ToFlt.o [4]
  .text                ro code  0x00007188    0x32  FltToDbl.o [4]
  .text                ro code  0x000071ba    0x62  DblToFlt.o [4]
  .text                ro code  0x0000721c   0x122  pid.o [1]
  .text                ro code  0x0000733e    0xb4  FltMul.o [4]
  .text                ro code  0x000073f4    0x26  FltCmpLe.o [4]
  .text                ro code  0x0000741c   0x456  SCCB.o [1]
  .text                ro code  0x00007874   0x344  MKL_mcg.o [1]
  .text                ro code  0x00007bb8   0x308  init.o [1]
  .text                ro code  0x00007ec0    0x8c  MKL_PIT.o [1]
  .text                ro code  0x00007f4c    0x50  misc.o [1]
  .text                ro code  0x00007f9c   0x13c  dial_switch.o [1]
  .text                ro code  0x000080d8    0x2c  LED.o [1]
  .text                ro code  0x00008104    0x38  myPWM.o [1]
  .text                ro code  0x0000813c    0xc4  mykey.o [1]
  .text                ro code  0x00008200   0x2e2  mpu6050.o [1]
  .text                ro code  0x000084e4   0x230  OV7725.o [1]
  .text                ro code  0x00008714   0x230  mpuiic.o [1]
  .text                ro code  0x00008944   0x1e8  MKL_dma.o [1]
  .text                ro code  0x00008b2c   0x204  main.o [1]
  .text                ro code  0x00008d30   0x184  system_MKL.o [1]
  .text                ro code  0x00008eb4    0x20  MKL_wdog.o [1]
  .rodata              const    0x00008ed4    0x3c  MKL_conf.o [1]
  .rodata              const    0x00008f10    0x34  MKL_SysTick.o [1]
  .rodata              const    0x00008f44    0x30  MKL_dma.o [1]
  .rodata              const    0x00008f74    0x30  MKL_PIT.o [1]
  .rodata              const    0x00008fa4    0x30  MKL_TPM.o [1]
  .rodata              const    0x00008fd4    0x2c  misc.o [1]
  .rodata              const    0x00009000    0x2c  MKL_adc.o [1]
  .text                ro code  0x0000902c    0x28  data_init.o [5]
  .rodata              const    0x00009054    0x24  MKL_conf.o [1]
  .rodata              const    0x00009078    0x24  OV7725.o [1]
  .iar.init_table      const    0x0000909c    0x10  - Linker created -
  .rodata              const    0x000090ac    0x20  OV7725.o [1]
  .rodata              const    0x000090cc    0x20  OV7725.o [1]
  .text                ro code  0x000090ec    0x1a  cmain.o [5]
  .text                ro code  0x00009106     0x4  low_level_init.o [3]
  .text                ro code  0x0000910a     0x8  exit.o [3]
  .text                ro code  0x00009114     0xa  cexit.o [5]
  .text                ro code  0x00009120    0x14  exit.o [6]
  .rodata              const    0x00009134    0x18  OV7725.o [1]
  .rodata              const    0x0000914c    0x18  xprintffull_nomb.o [3]
  .text                ro code  0x00009164    0x16  xprout.o [3]
  .text                ro code  0x0000917c    0x10  putchar.o [3]
  .rodata              const    0x0000918c    0x14  OV7725.o [1]
  .rodata              const    0x000091a0    0x10  OV7725.o [1]
  .text                ro code  0x000091b0     0xc  cstartup_M.o [5]
  .rodata              const    0x000091bc     0x8  image_process.o [1]
  .rodata              const    0x000091c4     0x8  image_process.o [1]
  .rodata              const    0x000091cc     0x8  ISR.o [1]
  Initializer bytes    ro data  0x000091d4    0x88  <for P2 s0>
                              - 0x0000925c  0x8e44

"P2":                                       0x68bc
  .data                         0x1fffe410   0xb74  <Block>
    .data-1                     0x1fffe410   0xb74  <Init block>
      .data            inited   0x1fffe410     0x4  beep.o [1]
      .data            inited   0x1fffe414     0x2  image_process.o [1]
      .data            inited   0x1fffe418     0x8  image_process.o [1]
      .data            inited   0x1fffe420    0x48  image_process.o [1]
      .data            inited   0x1fffe468     0x1  ISR.o [1]
      .data            inited   0x1fffe46c   0x800  LCD.o [1]
      .data            inited   0x1fffec6c     0x4  main.o [1]
      .data            inited   0x1fffec70     0x4  main.o [1]
      .data            inited   0x1fffec74     0x2  main.o [1]
      .data            inited   0x1fffec76     0x1  main.o [1]
      .data            inited   0x1fffec77     0x1  main.o [1]
      .data            inited   0x1fffec78     0x1  main.o [1]
      .data            inited   0x1fffec79     0x1  main.o [1]
      .data            inited   0x1fffec7c     0x4  main.o [1]
      .data            inited   0x1fffec80     0x4  main.o [1]
      .data            inited   0x1fffec84     0x1  main.o [1]
      .data            inited   0x1fffec88     0x4  main.o [1]
      .data            inited   0x1fffec8c     0x4  main.o [1]
      .data            inited   0x1fffec90     0x4  main.o [1]
      .data            inited   0x1fffec94     0x4  main.o [1]
      .data            inited   0x1fffec98     0x2  main.o [1]
      .data            inited   0x1fffec9a     0x2  main.o [1]
      .data            inited   0x1fffec9c     0x2  main.o [1]
      .data            inited   0x1fffeca0     0x4  MKL_adc.o [1]
      .data            inited   0x1fffeca4   0x1bc  MKL_conf.o [1]
      .data            inited   0x1fffee60    0x14  MKL_gpio.o [1]
      .data            inited   0x1fffee74    0x34  MKL_mcg.o [1]
      .data            inited   0x1fffeea8     0x4  MKL_mcg.o [1]
      .data            inited   0x1fffeeac    0x14  MKL_port.o [1]
      .data            inited   0x1fffeec0     0xc  MKL_TPM.o [1]
      .data            inited   0x1fffeecc     0xc  MKL_uart.o [1]
      .data            inited   0x1fffeed8     0x1  mykey.o [1]
      .data            inited   0x1fffeed9     0x1  OV7725.o [1]
      .data            inited   0x1fffeeda     0x1  OV7725.o [1]
      .data            inited   0x1fffeedc    0x64  OV7725.o [1]
      .data            inited   0x1fffef40     0x1  OV7725.o [1]
      .data            inited   0x1fffef44    0x40  xfiles.o [3]
  .bss                          0x1fffef84  0x5cc0  <Block>
    .bss               zero     0x1fffef84   0x140  image_process.o [1]
    .bss               zero     0x1ffff0c4   0xe14  image_process.o [1]
    .bss               zero     0x1ffffed8    0x14  image_process.o [1]
    .bss               zero     0x1ffffeec     0x4  ISR.o [1]
    .bss               zero     0x1ffffef0     0x8  ISR.o [1]
    .bss               zero     0x1ffffef8     0x4  ISR.o [1]
    .bss               zero     0x1ffffefc     0x4  ISR.o [1]
    .bss               zero     0x1fffff00     0x4  ISR.o [1]
    .bss               zero     0x1fffff04     0x4  ISR_FUN.o [1]
    .bss               zero     0x1fffff08    0x14  ISR_FUN.o [1]
    .bss               zero     0x1fffff1c    0x14  ISR_FUN.o [1]
    .bss               zero     0x1fffff30    0x28  ISR_FUN.o [1]
    .bss               zero     0x1fffff58     0x4  main.o [1]
    .bss               zero     0x1fffff5c     0x4  main.o [1]
    .bss               zero     0x1fffff60     0x4  main.o [1]
    .bss               zero     0x1fffff64     0x4  main.o [1]
    .bss               zero     0x1fffff68     0x4  main.o [1]
    .bss               zero     0x1fffff6c     0x4  main.o [1]
    .bss               zero     0x1fffff70     0x4  main.o [1]
    .bss               zero     0x1fffff74     0x4  main.o [1]
    .bss               zero     0x1fffff78    0x38  main.o [1]
    .bss               zero     0x1fffffb0    0x38  main.o [1]
    .bss               zero     0x1fffffe8    0x38  main.o [1]
    .bss               zero     0x20000020    0x38  main.o [1]
    .bss               zero     0x20000058     0x4  main.o [1]
    .bss               zero     0x2000005c     0x4  main.o [1]
    .bss               zero     0x20000060     0x4  main.o [1]
    .bss               zero     0x20000064     0x4  main.o [1]
    .bss               zero     0x20000068     0x4  main.o [1]
    .bss               zero     0x2000006c     0x4  main.o [1]
    .bss               zero     0x20000070     0x4  MKL_wdog.o [1]
    .bss               zero     0x20000074  0x25a8  OV7725.o [1]
    .bss               zero     0x2000261c  0x25a8  OV7725.o [1]
    .bss               zero     0x20004bc4     0x4  OV7725.o [1]
    .bss               zero     0x20004bc8     0x4  system_MKL.o [1]
    .bss               zero     0x20004bcc     0x4  system_MKL.o [1]
    .bss               zero     0x20004bd0     0x4  system_MKL.o [1]
    .bss               zero     0x20004bd4     0x4  system_MKL.o [1]
    .bss               zero     0x20004bd8    0x50  xfiles.o [3]
    .bss               zero     0x20004c28     0x2  LCD.o [1]
    .bss               zero     0x20004c2a     0x2  main.o [1]
    .bss               zero     0x20004c2c     0x2  main.o [1]
    .bss               zero     0x20004c2e     0x1  image_process.o [1]
    .bss               zero     0x20004c2f     0x1  image_process.o [1]
    .bss               zero     0x20004c30     0x1  image_process.o [1]
    .bss               zero     0x20004c31     0x1  image_process.o [1]
    .bss               zero     0x20004c32     0x1  image_process.o [1]
    .bss               zero     0x20004c33     0x1  image_process.o [1]
    .bss               zero     0x20004c34     0x1  ISR.o [1]
    .bss               zero     0x20004c35     0x1  ISR.o [1]
    .bss               zero     0x20004c36     0x1  ISR.o [1]
    .bss               zero     0x20004c37     0x1  ISR.o [1]
    .bss               zero     0x20004c38     0x1  ISR_FUN.o [1]
    .bss               zero     0x20004c39     0x1  ISR_FUN.o [1]
    .bss               zero     0x20004c3a     0x1  main.o [1]
    .bss               zero     0x20004c3b     0x1  main.o [1]
    .bss               zero     0x20004c3c     0x1  main.o [1]
    .bss               zero     0x20004c3d     0x1  main.o [1]
    .bss               zero     0x20004c3e     0x1  main.o [1]
    .bss               zero     0x20004c3f     0x1  main.o [1]
    .bss               zero     0x20004c40     0x1  main.o [1]
  CodeRelocateRam               0x20004c44     0x0  <Block>
  P2 s0                         0x20004c44    0x88  <Init block>
    __DLIB_PERTHREAD   inited   0x20004c44    0x88  localeconv.o [3]
                              - 0x20004ccc  0x68bc


*******************************************************************************
*** INIT TABLE
***

          Address     Size
          -------     ----
Zero (__iar_zero_init3)
    1 destination range, total size 0x5cbd:
          0x1fffef84  0x5cbd



*******************************************************************************
*** MODULE SUMMARY
***

    Module              ro code  ro data  rw data
    ------              -------  -------  -------
D:\Island\6.13稳定进出环\Prj\IAR\Debug\Obj: [1]
    ISR.o                 1 820        9       29
    ISR_FUN.o               900                86
    LCD.o                 2 836    2 051    2 050
    LED.o                    44
    MKL_PIT.o               140       48
    MKL_SysTick.o           100       52
    MKL_TPM.o             1 196       60       12
    MKL_adc.o               512       50        4
    MKL_conf.o               84      540      444
    MKL_dma.o               488       48
    MKL_gpio.o              212       20       20
    MKL_mcg.o               836       56       56
    MKL_port.o              216       20       20
    MKL_uart.o            1 036       12       12
    MKL_wdog.o               32                 4
    OV7725.o                560      264   19 387
    SCCB.o                1 110
    beep.o                  136        4        4
    dial_switch.o           316
    getspeed.o              156
    image_process.o       9 220      100    4 032
    init.o                  776
    main.o                  516       50      336
    misc.o                   80       44
    mpu6050.o               738
    mpuiic.o                560
    myPWM.o                  56
    mykey.o                 196        1        1
    mymath.o                 74
    pid.o                   290
    startup_MKL.o             8
    system_MKL.o            388                16
    vectors.o                      1 040
    ---------------------------------------------
    Total:               25 632    4 469   26 513

command line: [2]
    ---------------------------------------------
    Total:

dl6M_tlf.a: [3]
    div.o                    32
    exit.o                    8
    localeconv.o            104      136      136
    low_level_init.o          4
    printf.o                 36
    putchar.o                16
    xfiles.o                          67      144
    xprintffull_nomb.o    3 818       24
    xprout.o                 22
    xtls.o                    2
    ---------------------------------------------
    Total:                4 042      227      280

m6M_tl.a: [4]
    DblAddSub.o             436
    DblCmpGe.o               50
    DblCmpLe.o               50
    DblDiv.o                194
    DblMul.o                388
    DblToFlt.o               98
    DblToI32.o               82
    FltAddSub.o             288
    FltCmpLe.o               38
    FltMul.o                180
    FltToDbl.o               50
    FltToS32.o               58
    I32ToDbl.o               52
    I32ToFlt.o               54
    xdnorm.o                 68
    xdscale.o               284
    ---------------------------------------------
    Total:                2 370

rt6M_tl.a: [5]
    ABImemcpy.o              92
    ABImemset.o              52
    I32DivModFast.o         224
    I64DivMod.o             106
    I64DivZer.o               2
    IntDivZer.o               2
    cexit.o                  10
    cmain.o                  26
    cstartup_M.o             12
    data_init.o              40
    memchr.o                 24
    strchr.o                 20
    strlen.o                 16
    zero_init3.o             42
    ---------------------------------------------
    Total:                  668

shb_l.a: [6]
    exit.o                   20
    ---------------------------------------------
    Total:                   20

    Gaps                     24                16
    Linker created                    16
-------------------------------------------------
    Grand Total:         32 756    4 712   26 809


*******************************************************************************
*** ENTRY LIST
***

Entry                      Address    Size  Type      Object
-----                      -------    ----  ----      ------
.bss$$Base              0x1fffef84           --   Gb  - Linker created -
.bss$$Limit             0x20004c44           --   Gb  - Linker created -
.data$$Base             0x1fffe410           --   Gb  - Linker created -
.data$$Limit            0x1fffef84           --   Gb  - Linker created -
.data_init$$Base        0x000051dc           --   Gb  - Linker created -
.data_init$$Limit       0x00005d50           --   Gb  - Linker created -
?main                   0x000090ed          Code  Gb  cmain.o [5]
ADCN                    0x1fffeca0     0x4  Data  Gb  MKL_adc.o [1]
ASSERT_FAILED_STR       0x00009054    0x24  Data  Gb  MKL_conf.o [1]
BEEP_Open_once          0x0000660f    0x2a  Code  Gb  beep.o [1]
Beep_ISR                0x00006651    0x26  Code  Gb  beep.o [1]
Beep_Once               0x00006639    0x18  Code  Gb  beep.o [1]
Blue_Start_Flag         0x1fffec79     0x1  Data  Gb  main.o [1]
Brush_Color             0x20004c28     0x2  Data  Gb  LCD.o [1]
CenterlineToDiff        0x00000cad    0x22  Code  Gb  image_process.o [1]
CodeRelocate$$Base      0x00000410           --   Gb  - Linker created -
CodeRelocate$$Limit     0x00000410           --   Gb  - Linker created -
CodeRelocateRam$$Base   0x20004c44           --   Gb  - Linker created -
CodeRelocateRam$$Limit  0x20004c44           --   Gb  - Linker created -
DIFF_DOWN               0x1fffec8c     0x4  Data  Gb  main.o [1]
DIFF_PID_CHANGE_FLAG    0x20004c3e     0x1  Data  Gb  main.o [1]
DIFF_UP                 0x1fffec88     0x4  Data  Gb  main.o [1]
DMA0_IRQHandler         0x00005e99    0x48  Code  Gb  ISR.o [1]
Diff_PID                0x1fffffe8    0x38  Data  Gb  main.o [1]
Diff_PID_Process        0x000072af    0x52  Code  Gb  pid.o [1]
Diff_PID_ave            0x1fffff04     0x4  Data  Gb  ISR_FUN.o [1]
Diff_error              0x20000058     0x4  Data  Gb  main.o [1]
Disp_single_colour      0x00002f15    0x36  Code  Gb  LCD.o [1]
Duty_Motor1             0x1fffff70     0x4  Data  Gb  main.o [1]
Duty_Motor2             0x1fffff74     0x4  Data  Gb  main.o [1]
Elec_Island             0x00000d1b    0x84  Code  Gb  image_process.o [1]
Font8x16                0x1fffe46c   0x800  Data  Gb  LCD.o [1]
GPIOX                   0x1fffee60    0x14  Data  Gb  MKL_gpio.o [1]
Get_speed1              0x000066b5    0x34  Code  Gb  getspeed.o [1]
Get_speed2              0x000066e9    0x34  Code  Gb  getspeed.o [1]
Gyro_Down               0x1fffec94     0x4  Data  Gb  main.o [1]
Gyro_PID                0x20000020    0x38  Data  Gb  main.o [1]
Gyro_Up                 0x1fffec90     0x4  Data  Gb  main.o [1]
IICwriteBit             0x000082ed    0x48  Code  Gb  mpu6050.o [1]
IICwriteBits            0x00008335    0x60  Code  Gb  mpu6050.o [1]
ImageData               0x1fffef84   0x140  Data  Gb  image_process.o [1]
Image_Flag              0x1fffec84     0x1  Data  Gb  main.o [1]
Image_Island_Test       0x00001921   0x314  Code  Gb  image_process.o [1]
Image_Island_Test_Beep  0x1fffe410     0x4  Data  Gb  beep.o [1]
Image_fire              0x20004bc4     0x4  Data  Gb  OV7725.o [1]
Image_fire_Memory1      0x20000074  0x25a8  Data  Gb  OV7725.o [1]
Image_fire_Memory2      0x2000261c  0x25a8  Data  Gb  OV7725.o [1]
Image_hang              0x1ffff0c4   0xe14  Data  Gb  image_process.o [1]
Image_lie               0x1fffe418     0x8  Data  Gb  image_process.o [1]
In_Island               0x00000dc5   0x2aa  Code  Gb  image_process.o [1]
In_Island_center        0x000010ad   0x392  Code  Gb  image_process.o [1]
Island                  0x1fffe420    0x48  Data  Gb  image_process.o [1]
Island_process          0x00000d01    0x1a  Code  Gb  image_process.o [1]
KEY_Scan                0x00008177    0x7e  Code  Gb  mykey.o [1]
Key_Start_Flag          0x20004c3d     0x1  Data  Gb  main.o [1]
Key_status              0x20004c3a     0x1  Data  Gb  main.o [1]
LCD_DISPLAY_FLAG        0x1fffec77     0x1  Data  Gb  main.o [1]
LCD_DrawBigPoint        0x000032f9    0x38  Code  Gb  LCD.o [1]
LCD_DrawPoint           0x000032d5    0x24  Code  Gb  LCD.o [1]
LCD_Draw_Line           0x000031fd    0xd8  Code  Gb  LCD.o [1]
LCD_PORT_init           0x0000281d    0x2c  Code  Gb  LCD.o [1]
LCD_PutChar             0x00002e63    0x1e  Code  Gb  LCD.o [1]
LCD_PutChar8x16         0x00002eb9    0x56  Code  Gb  LCD.o [1]
LCD_PutString           0x00002e81    0x38  Code  Gb  LCD.o [1]
LCD_Put_Int             0x00002f4b   0x24a  Code  Gb  LCD.o [1]
LCD_SetPos              0x00002dfd    0x66  Code  Gb  LCD.o [1]
LCD_init                0x00002849   0x246  Code  Gb  LCD.o [1]
L_AD_Ave                0x1fffff58     0x4  Data  Gb  main.o [1]
LoadInt                 0x0000455f    0x68  Code  Lc  xprintffull_nomb.o [3]
MPU6050_setClockSource  0x000083a7    0x14  Code  Gb  mpu6050.o [1]
MPU6050_setDLPF         0x00008417    0x14  Code  Gb  mpu6050.o [1]
MPU6050_setFullScaleAccelRange
                        0x000083f7    0x20  Code  Gb  mpu6050.o [1]
MPU6050_setFullScaleGyroRange
                        0x000083d7    0x20  Code  Gb  mpu6050.o [1]
MPU6050_setSleepEnabled
                        0x00008395    0x12  Code  Gb  mpu6050.o [1]
MPU6050_set_SMPLRT_DIV  0x000083bb    0x1c  Code  Gb  mpu6050.o [1]
MPU_IIC_Ack             0x000087ff    0x3e  Code  Gb  mpuiic.o [1]
MPU_IIC_Init            0x00008715    0x18  Code  Gb  mpuiic.o [1]
MPU_IIC_NAck            0x0000883d    0x3e  Code  Gb  mpuiic.o [1]
MPU_IIC_Read_Byte       0x000088d7    0x60  Code  Gb  mpuiic.o [1]
MPU_IIC_Send_Byte       0x0000887b    0x5c  Code  Gb  mpuiic.o [1]
MPU_IIC_Start           0x0000872d    0x3e  Code  Gb  mpuiic.o [1]
MPU_IIC_Stop            0x0000876b    0x3e  Code  Gb  mpuiic.o [1]
MPU_IIC_Wait_Ack        0x000087a9    0x56  Code  Gb  mpuiic.o [1]
MPU_Init                0x00008201    0xec  Code  Gb  mpu6050.o [1]
MPU_Read_Byte           0x000084a5    0x3e  Code  Gb  mpu6050.o [1]
MPU_Read_Len            0x00008431    0x28  Code  Gb  mpu6050.o [1]
MPU_Write_Byte          0x00008459    0x4c  Code  Gb  mpu6050.o [1]
MYADC_INIT              0x00006c95    0x10  Code  Gb  MKL_adc.o [1]
Master_Speed            0x1fffec74     0x2  Data  Gb  main.o [1]
Memory_use_Flag         0x1fffeed9     0x1  Data  Gb  OV7725.o [1]
Motor1                  0x1fffff60     0x4  Data  Gb  main.o [1]
Motor1_PID              0x1fffff78    0x38  Data  Gb  main.o [1]
Motor2                  0x1fffff64     0x4  Data  Gb  main.o [1]
Motor2_PID              0x1fffffb0    0x38  Data  Gb  main.o [1]
Motor_enable_Flag       0x1fffec78     0x1  Data  Gb  main.o [1]
Motot1_Init             0x00008105    0x1c  Code  Gb  myPWM.o [1]
Motot2_Init             0x00008121    0x1c  Code  Gb  myPWM.o [1]
NVIC_DisableIRQ         0x00005d5f     0xe  Code  Lc  ISR.o [1]
NVIC_DisableIRQ         0x000084f3     0xe  Code  Lc  OV7725.o [1]
NVIC_EnableIRQ          0x00007bb9     0xe  Code  Lc  init.o [1]
NVIC_EnableIRQ          0x00005d51     0xe  Code  Lc  ISR.o [1]
NVIC_EnableIRQ          0x00003b95     0xe  Code  Lc  MKL_uart.o [1]
NVIC_EnableIRQ          0x000084e5     0xe  Code  Lc  OV7725.o [1]
Out_Island              0x00001541   0x3ac  Code  Gb  image_process.o [1]
Out_Island_Test         0x00001d29   0x346  Code  Gb  image_process.o [1]
Ov7725_Init             0x000085e5    0x12  Code  Gb  OV7725.o [1]
Ov7725_exti_Init        0x00008501    0xc6  Code  Gb  OV7725.o [1]
Ov7725_reg_Init         0x000085f7    0xc4  Code  Gb  OV7725.o [1]
PID_Init                0x00007301    0x3e  Code  Gb  pid.o [1]
PID_process             0x0000721d    0x92  Code  Gb  pid.o [1]
PIT_IRQHandler          0x000061a9   0x22e  Code  Gb  ISR.o [1]
PORTX                   0x1fffeeac    0x14  Data  Gb  MKL_port.o [1]
Parameters_init_CAR     0x00007c91   0x19c  Code  Gb  init.o [1]
R_AD_Ave                0x1fffff5c     0x4  Data  Gb  main.o [1]
Reduct_Flag             0x20004c3c     0x1  Data  Gb  main.o [1]
Region$$Table$$Base     0x0000909c           --   Gb  - Linker created -
Region$$Table$$Limit    0x000090ac           --   Gb  - Linker created -
Reset_Handler           0x00000411          Code  Gb  startup_MKL.o [1]
SCCB_Ack                0x0000755b    0x4e  Code  Lc  SCCB.o [1]
SCCB_GPIO_init          0x00007435    0x28  Code  Gb  SCCB.o [1]
SCCB_NoAck              0x000075a9    0x50  Code  Lc  SCCB.o [1]
SCCB_ReadByte           0x000077ed    0x86  Code  Gb  SCCB.o [1]
SCCB_ReceiveByte        0x00007701    0x8e  Code  Lc  SCCB.o [1]
SCCB_SendByte           0x0000768b    0x6e  Code  Lc  SCCB.o [1]
SCCB_Start              0x0000745d    0xba  Code  Lc  SCCB.o [1]
SCCB_Stop               0x00007517    0x44  Code  Lc  SCCB.o [1]
SCCB_WaitAck            0x000075f9    0x92  Code  Lc  SCCB.o [1]
SCCB_WriteByte          0x000077a5    0x48  Code  Gb  SCCB.o [1]
SCCB_delay              0x0000741d    0x18  Code  Lc  SCCB.o [1]
Send_Image_to_LCD       0x000031a1    0x56  Code  Gb  LCD.o [1]
Slow_Flag               0x20004c3b     0x1  Data  Gb  main.o [1]
Speed_Control           0x00006721    0x98  Code  Gb  ISR_FUN.o [1]
Speed_L_sum             0x1fffff68     0x4  Data  Gb  main.o [1]
Speed_R_sum             0x1fffff6c     0x4  Data  Gb  main.o [1]
Speed_goal1             0x1fffec6c     0x4  Data  Gb  main.o [1]
Speed_goal1_TEMP        0x1fffec7c     0x4  Data  Gb  main.o [1]
Speed_goal2             0x1fffec70     0x4  Data  Gb  main.o [1]
Speed_goal2_TEMP        0x1fffec80     0x4  Data  Gb  main.o [1]
Speed_output            0x000067d5   0x25c  Code  Gb  ISR_FUN.o [1]
Speed_stand             0x20004c2a     0x2  Data  Gb  main.o [1]
Start_line_cnt          0x20004c30     0x1  Data  Gb  image_process.o [1]
Start_line_delay        0x1fffe414     0x2  Data  Gb  image_process.o [1]
Start_line_flag         0x20004c2f     0x1  Data  Gb  image_process.o [1]
Stay2Out_test           0x00002079   0x33e  Code  Gb  image_process.o [1]
Stay_Island             0x0000144d    0xd4  Code  Gb  image_process.o [1]
Switch_Status           0x20004c2c     0x2  Data  Gb  main.o [1]
System_Init             0x00007bc7    0xc0  Code  Gb  init.o [1]
TPMN                    0x1fffeec0     0xc  Data  Gb  MKL_TPM.o [1]
Test_Far_Lie            0x00001c45    0xdc  Code  Gb  image_process.o [1]
TimeCnt_Start_Reduct_Flag
                        0x1fffe468     0x1  Data  Gb  ISR.o [1]
Time_1ms                0x20000060     0x4  Data  Gb  main.o [1]
UARTN                   0x1fffeecc     0xc  Data  Gb  MKL_uart.o [1]
USART1_IRQHandler       0x00005f29   0x22e  Code  Gb  ISR.o [1]
VSYNC_IRQ               0x00005de1    0xb8  Code  Gb  ISR.o [1]
Wait_Next_Island        0x000023c1    0xba  Code  Gb  image_process.o [1]
Wait_Next_center        0x00002489   0x388  Code  Gb  image_process.o [1]
_1000ms_cnt             0x2000006c     0x4  Data  Gb  main.o [1]
_GenldFullNoMb          0x00004b81   0x2d6  Code  Lc  xprintffull_nomb.o [3]
_LdtobFullNoMb          0x000046f9   0x474  Code  Lc  xprintffull_nomb.o [3]
_LitobFullNoMb          0x000045c7   0x12e  Code  Lc  xprintffull_nomb.o [3]
_Locale_aeabi_lconv     0x20004c94    0x38  Data  Gb  localeconv.o [3]
_Locale_lconv           0x20004c44    0x50  Data  Gb  localeconv.o [3]
_PrintfFullNoMb         0x00003fa1   0x5be  Code  Gb  xprintffull_nomb.o [3]
_Prout                  0x00009165    0x16  Code  Gb  xprout.o [3]
_PutcharsFullNoMb       0x00004e5b    0x30  Code  Lc  xprintffull_nomb.o [3]
__BOOT_STACK_ADDRESS {Abs}
                        0x20005ff8           --   Gb  command line/config [2]
__VECTOR_RAM {Abs}      0x1fffe000           --   Gb  command line/config [2]
__VECTOR_TABLE {Abs}    0x00000000           --   Gb  command line/config [2]
__aeabi_cdcmple         0x00004fd1          Code  Gb  DblCmpLe.o [4]
__aeabi_cdrcmple        0x00005003          Code  Gb  DblCmpGe.o [4]
__aeabi_cfcmple         0x000073f5          Code  Gb  FltCmpLe.o [4]
__aeabi_d2f             0x000071bb          Code  Gb  DblToFlt.o [4]
__aeabi_d2iz            0x00003531          Code  Gb  DblToI32.o [4]
__aeabi_d2uiz           0x00003555          Code  Gb  DblToI32.o [4]
__aeabi_dadd            0x00003707          Code  Gb  DblAddSub.o [4]
__aeabi_ddiv            0x00003445          Code  Gb  DblDiv.o [4]
__aeabi_dmul            0x00003583          Code  Gb  DblMul.o [4]
__aeabi_dsub            0x000037cd          Code  Gb  DblAddSub.o [4]
__aeabi_f2d             0x00007189          Code  Gb  FltToDbl.o [4]
__aeabi_f2iz            0x000064a1          Code  Gb  FltToS32.o [4]
__aeabi_fadd            0x000064db          Code  Gb  FltAddSub.o [4]
__aeabi_fmul            0x0000733f          Code  Gb  FltMul.o [4]
__aeabi_fsub            0x0000654b          Code  Gb  FltAddSub.o [4]
__aeabi_i2d             0x00003411          Code  Gb  I32ToDbl.o [4]
__aeabi_i2f             0x00007151          Code  Gb  I32ToFlt.o [4]
__aeabi_idiv            0x0000335d          Code  Gb  I32DivModFast.o [5]
__aeabi_idiv0           0x00003a41          Code  Gb  IntDivZer.o [5]
__aeabi_idivmod         0x0000335d          Code  Gb  I32DivModFast.o [5]
__aeabi_ldiv0           0x000051d9          Code  Gb  I64DivZer.o [5]
__aeabi_memclr4         0x0000649d          Code  Gb  ABImemset.o [5]
__aeabi_memclr8         0x0000649d          Code  Gb  ABImemset.o [5]
__aeabi_memcpy          0x00004f31          Code  Gb  ABImemcpy.o [5]
__aeabi_ui2d            0x00003425          Code  Gb  I32ToDbl.o [4]
__aeabi_ui2f            0x00007169          Code  Gb  I32ToFlt.o [4]
__aeabi_uidiv           0x00003363          Code  Gb  I32DivModFast.o [5]
__aeabi_uidivmod        0x00003363          Code  Gb  I32DivModFast.o [5]
__aeabi_uldivmod        0x00004ec7          Code  Gb  I64DivMod.o [5]
__cmain                 0x000090ed          Code  Gb  cmain.o [5]
__exit                  0x00009121    0x14  Code  Gb  exit.o [6]
__iar_Dnorm             0x00004f8d    0x44  Code  Gb  xdnorm.o [4]
__iar_Dscale            0x00005035   0x11c  Code  Gb  xdscale.o [4]
__iar_Locale_lconv_init
                        0x00005151    0x32  Code  Gb  localeconv.o [3]
__iar_Memchr            0x00004eaf    0x18  Code  Gb  memchr.o [5]
__iar_Memset4_word      0x0000646d          Code  Gb  ABImemset.o [5]
__iar_Stdout            0x1fffef44    0x40  Data  Gb  xfiles.o [3]
__iar_Strchr            0x00004e8b    0x14  Code  Gb  strchr.o [5]
__iar_d2uiz             0x00003559          Code  Gb  DblToI32.o [4]
__iar_data_init3        0x0000902d    0x28  Code  Gb  data_init.o [5]
__iar_dlib_perthread_access
                        0x000051db     0x2  Code  Gb  xtls.o [3]
__iar_program_start     0x000091b1          Code  Gb  cstartup_M.o [5]
__iar_ui2d              0x00003429          Code  Gb  I32ToDbl.o [4]
__iar_ui2f              0x0000716d          Code  Gb  I32ToFlt.o [4]
__iar_zero_init3        0x00003507    0x2a  Code  Gb  zero_init3.o [5]
__low_level_init        0x00009107     0x4  Code  Gb  low_level_init.o [3]
__vector_table          0x00000000   0x410  Data  Gb  vectors.o [1]
_call_main              0x000090f9          Code  Gb  cmain.o [5]
_exit                   0x00009115          Code  Gb  cexit.o [5]
_main                   0x00009103          Code  Gb  cmain.o [5]
adc_init                0x00006aa5   0x138  Code  Gb  MKL_adc.o [1]
adc_once                0x00006bdd    0x5a  Code  Gb  MKL_adc.o [1]
adc_start               0x00006c37    0x4c  Code  Lc  MKL_adc.o [1]
assert_failed           0x00003b1d    0x12  Code  Gb  MKL_conf.o [1]
bus_clk_khz             0x20004bd4     0x4  Data  Gb  system_MKL.o [1]
button_timeout          0x1fffec76     0x1  Data  Gb  main.o [1]
cfgnum                  0x1fffef40     0x1  Data  Gb  OV7725.o [1]
clk_out_init            0x00008db3    0x24  Code  Gb  system_MKL.o [1]
common_startup          0x00008dd7    0x92  Code  Gb  system_MKL.o [1]
core_clk_khz            0x20004bcc     0x4  Data  Gb  system_MKL.o [1]
core_clk_mhz            0x20004bd0     0x4  Data  Gb  system_MKL.o [1]
default_isr             0x00003b45    0x1c  Code  Gb  MKL_conf.o [1]
dial_switch_Init        0x00007f9d    0x94  Code  Gb  dial_switch.o [1]
dial_switch_Scan        0x00008031    0xa2  Code  Gb  dial_switch.o [1]
diff_done_flag          0x20004c2e     0x1  Data  Gb  image_process.o [1]
div                     0x000051b9    0x20  Code  Gb  div.o [3]
dma_portx2buff_init     0x00008945   0x1e8  Code  Gb  MKL_dma.o [1]
dma_repeat              0x00005d6d    0x74  Code  Lc  ISR.o [1]
double_AD               0x00000cd9    0x1e  Code  Gb  image_process.o [1]
exit                    0x0000910b     0x8  Code  Gb  exit.o [3]
fputc                   0x00003b2f    0x14  Code  Gb  MKL_conf.o [1]
get_black_line          0x000006e5   0x33a  Code  Gb  image_process.o [1]
get_three_lie           0x00000a35   0x270  Code  Gb  image_process.o [1]
getspeed1_init          0x00006685    0x18  Code  Gb  getspeed.o [1]
getspeed2_init          0x0000669d    0x18  Code  Gb  getspeed.o [1]
gpio_init               0x00003909    0xce  Code  Gb  MKL_gpio.o [1]
image_process           0x00000419   0x262  Code  Gb  image_process.o [1]
image_run_times         0x20004c3f     0x1  Data  Gb  main.o [1]
img_flag                0x1fffeeda     0x1  Data  Gb  OV7725.o [1]
localeconv              0x00005183    0x18  Code  Gb  localeconv.o [3]
main                    0x00008b2d   0x204  Code  Gb  main.o [1]
mcg_cfg                 0x1fffee74    0x34  Data  Gb  MKL_mcg.o [1]
mcg_div                 0x1fffeea8     0x4  Data  Gb  MKL_mcg.o [1]
mcg_div_count           0x00007875   0x222  Code  Gb  MKL_mcg.o [1]
min_u8_index            0x000038bd    0x30  Code  Gb  mymath.o [1]
myBEEP_Init             0x000065fd    0x12  Code  Gb  beep.o [1]
myKEY_Init              0x0000813d    0x3a  Code  Gb  mykey.o [1]
myLED_Init              0x000080d9    0x2c  Code  Gb  LED.o [1]
obuf                    0x20004bd8    0x50  Data  Lc  xfiles.o [3]
ov7725_get_img          0x000085c7    0x1e  Code  Gb  OV7725.o [1]
ov7727_reg              0x1fffeedc    0x64  Data  Gb  OV7725.o [1]
pit_init                0x00007ec1    0x7a  Code  Gb  MKL_PIT.o [1]
pll_clk_mhz             0x20004bc8     0x4  Data  Gb  system_MKL.o [1]
pll_init                0x00007aa5    0xc6  Code  Gb  MKL_mcg.o [1]
port_init               0x00003a45    0x50  Code  Gb  MKL_port.o [1]
port_init_NoALT         0x00003a95    0x7a  Code  Gb  MKL_port.o [1]
power_s16               0x000038ed    0x1a  Code  Gb  mymath.o [1]
printf                  0x00003b71    0x24  Code  Gb  printf.o [3]
putchar                 0x0000917d    0x10  Code  Gb  putchar.o [3]
road_filter_flag        0x20004c31     0x1  Data  Gb  image_process.o [1]
set_vector_handler      0x00007f6d    0x24  Code  Gb  misc.o [1]
stand_AD                0x1fffec9c     0x2  Data  Gb  main.o [1]
stand_AD_L              0x1fffec98     0x2  Data  Gb  main.o [1]
stand_AD_R              0x1fffec9a     0x2  Data  Gb  main.o [1]
stand_d                 0x20000068     0x4  Data  Gb  main.o [1]
stand_half_k            0x2000005c     0x4  Data  Gb  main.o [1]
stand_p                 0x20000064     0x4  Data  Gb  main.o [1]
start                   0x00008d31    0x18  Code  Gb  system_MKL.o [1]
start_check             0x00003b43     0x2  Code  Gb  MKL_conf.o [1]
strlen                  0x00004e9f    0x10  Code  Gb  strlen.o [5]
sysinit                 0x00008d49    0x6a  Code  Gb  system_MKL.o [1]
systick_delay           0x000039dd    0x38  Code  Gb  MKL_SysTick.o [1]
systick_delay_ms        0x00003a15    0x18  Code  Gb  MKL_SysTick.o [1]
tanzhen                 0x20004c40     0x1  Data  Gb  main.o [1]
tpm_port_mux            0x00006ca5    0xf4  Code  Gb  MKL_TPM.o [1]
tpm_pulse_clean         0x0000710f    0x10  Code  Gb  MKL_TPM.o [1]
tpm_pulse_get           0x0000711f    0x10  Code  Gb  MKL_TPM.o [1]
tpm_pulse_init          0x00007015    0xfa  Code  Gb  MKL_TPM.o [1]
tpm_pwm_duty            0x00006f15    0xe4  Code  Gb  MKL_TPM.o [1]
tpm_pwm_init            0x00006d99   0x178  Code  Gb  MKL_TPM.o [1]
uart_init               0x00003ba3   0x2c0  Code  Gb  MKL_uart.o [1]
uart_putchar            0x00003f1d    0x34  Code  Gb  MKL_uart.o [1]
uart_querychar          0x00003e71    0x42  Code  Gb  MKL_uart.o [1]
uart_querystr           0x00003ec1    0x4a  Code  Gb  MKL_uart.o [1]
uart_rx_irq_en          0x00003f5d    0x2c  Code  Gb  MKL_uart.o [1]
vector_str              0x1fffeca4   0x1bc  Data  Gb  MKL_conf.o [1]
wdog_cfg                0x20000070     0x4  Data  Lc  MKL_wdog.o [1]
wdog_disable            0x00008eb5    0x16  Code  Gb  MKL_wdog.o [1]
write_command           0x00002a99   0x1a4  Code  Gb  LCD.o [1]
write_data              0x00002c3d   0x1a4  Code  Gb  LCD.o [1]
write_vtor              0x00007f4d    0x20  Code  Gb  misc.o [1]
write_word              0x00002de5    0x18  Code  Gb  LCD.o [1]


[1] = D:\Island\6.13稳定进出环\Prj\IAR\Debug\Obj
[2] = command line
[3] = dl6M_tlf.a
[4] = m6M_tl.a
[5] = rt6M_tl.a
[6] = shb_l.a

  32 756 bytes of readonly  code memory
   4 712 bytes of readonly  data memory
  26 809 bytes of readwrite data memory

Errors: none
Warnings: none
