###############################################################################
#
# IAR ELF Linker V7.30.1.7746/W32 for ARM                 27/Jun/2018  14:13:37
# Copyright 2007-2014 IAR Systems AB.
#
#    Output file  =  D:\Island\6.13稳定进出环\Prj\IAR\Debug\Exe\VCAN_KL.out
#    Map file     =  D:\Island\6.13稳定进出环\Prj\IAR\Debug\List\VCAN_KL.map
#    Command line =  
#        D:\Island\6.13稳定进出环\Prj\IAR\Debug\Obj\beep.o
#        D:\Island\6.13稳定进出环\Prj\IAR\Debug\Obj\delay.o
#        D:\Island\6.13稳定进出环\Prj\IAR\Debug\Obj\dial_switch.o
#        D:\Island\6.13稳定进出环\Prj\IAR\Debug\Obj\filter.o
#        D:\Island\6.13稳定进出环\Prj\IAR\Debug\Obj\getspeed.o
#        D:\Island\6.13稳定进出环\Lib\CMSIS\iar_cortexM0plusl_math.a
#        D:\Island\6.13稳定进出环\Prj\IAR\Debug\Obj\image2.o
#        D:\Island\6.13稳定进出环\Prj\IAR\Debug\Obj\image_process.o
#        D:\Island\6.13稳定进出环\Prj\IAR\Debug\Obj\imu.o
#        D:\Island\6.13稳定进出环\Prj\IAR\Debug\Obj\init.o
#        D:\Island\6.13稳定进出环\Prj\IAR\Debug\Obj\ISR.o
#        D:\Island\6.13稳定进出环\Prj\IAR\Debug\Obj\ISR_FUN.o
#        D:\Island\6.13稳定进出环\Prj\IAR\Debug\Obj\LCD.o
#        D:\Island\6.13稳定进出环\Prj\IAR\Debug\Obj\LED.o
#        D:\Island\6.13稳定进出环\Prj\IAR\Debug\Obj\main.o
#        D:\Island\6.13稳定进出环\Prj\IAR\Debug\Obj\misc.o
#        D:\Island\6.13稳定进出环\Prj\IAR\Debug\Obj\MKL_adc.o
#        D:\Island\6.13稳定进出环\Prj\IAR\Debug\Obj\MKL_conf.o
#        D:\Island\6.13稳定进出环\Prj\IAR\Debug\Obj\MKL_dac.o
#        D:\Island\6.13稳定进出环\Prj\IAR\Debug\Obj\MKL_dma.o
#        D:\Island\6.13稳定进出环\Prj\IAR\Debug\Obj\MKL_flash.o
#        D:\Island\6.13稳定进出环\Prj\IAR\Debug\Obj\MKL_gpio.o
#        D:\Island\6.13稳定进出环\Prj\IAR\Debug\Obj\MKL_i2c.o
#        D:\Island\6.13稳定进出环\Prj\IAR\Debug\Obj\MKL_it.o
#        D:\Island\6.13稳定进出环\Prj\IAR\Debug\Obj\MKL_lptmr.o
#        D:\Island\6.13稳定进出环\Prj\IAR\Debug\Obj\MKL_mcg.o
#        D:\Island\6.13稳定进出环\Prj\IAR\Debug\Obj\MKL_PIT.o
#        D:\Island\6.13稳定进出环\Prj\IAR\Debug\Obj\MKL_port.o
#        D:\Island\6.13稳定进出环\Prj\IAR\Debug\Obj\MKL_spi.o
#        D:\Island\6.13稳定进出环\Prj\IAR\Debug\Obj\MKL_SysTick.o
#        D:\Island\6.13稳定进出环\Prj\IAR\Debug\Obj\MKL_TPM.o
#        D:\Island\6.13稳定进出环\Prj\IAR\Debug\Obj\MKL_uart.o
#        D:\Island\6.13稳定进出环\Prj\IAR\Debug\Obj\MKL_wdog.o
#        D:\Island\6.13稳定进出环\Prj\IAR\Debug\Obj\mpu6050.o
#        D:\Island\6.13稳定进出环\Prj\IAR\Debug\Obj\mpuiic.o
#        D:\Island\6.13稳定进出环\Prj\IAR\Debug\Obj\mykey.o
#        D:\Island\6.13稳定进出环\Prj\IAR\Debug\Obj\mymath.o
#        D:\Island\6.13稳定进出环\Prj\IAR\Debug\Obj\myPWM.o
#        D:\Island\6.13稳定进出环\Prj\IAR\Debug\Obj\OV7725.o
#        D:\Island\6.13稳定进出环\Prj\IAR\Debug\Obj\pid.o
#        D:\Island\6.13稳定进出环\Prj\IAR\Debug\Obj\SCCB.o
#        D:\Island\6.13稳定进出环\Prj\IAR\Debug\Obj\startup_MKL.o
#        D:\Island\6.13稳定进出环\Prj\IAR\Debug\Obj\system_MKL.o
#        D:\Island\6.13稳定进出环\Prj\IAR\Debug\Obj\vectors.o -o
#        D:\Island\6.13稳定进出环\Prj\IAR\Debug\Exe\VCAN_KL.out --map
#        D:\Island\6.13稳定进出环\Prj\IAR\Debug\List\VCAN_KL.map --config
#        "D:\Island\6.13稳定进出环\Prj\IAR\config files\256KB_Pflash.icf"
#        --semihosting --entry __iar_program_start --vfe
#
###############################################################################

*******************************************************************************
*** RUNTIME MODEL ATTRIBUTES
***

CppFlavor       = *
__SystemLibrary = DLib


*******************************************************************************
*** PLACEMENT SUMMARY
***

"A1":  place at 0x00000000 { ro section .intvec };
"A2":  place at 0x00000410 { ro section .noinit };
"P1":  place in [from 0x00000000 to 0x00040000] { ro, block CodeRelocate };
"P2":  place in [from 0x1fffe410 to 0x20006000] {
          rw, block CodeRelocateRam, block CSTACK, block HEAP };

  Section              Kind        Address    Size  Object
  -------              ----        -------    ----  ------
"A1":                                        0x410
  .intvec              const    0x00000000   0x410  vectors.o [1]
                              - 0x00000410   0x410

"P1", part 1 of 2:                             0x0
  .rodata              const    0x00000410     0x0  zero_init3.o [5]
  CodeRelocate                  0x00000410     0x0  <Block>

"A2":                                          0x8
  .noinit              ro code  0x00000410     0x8  startup_MKL.o [1]
                              - 0x00000418     0x8

"P1", part 2 of 2:                          0x9f80
  .text                ro code  0x00000418  0x3500  image_process.o [1]
  .text                ro code  0x00003918   0xb14  LCD.o [1]
  .text                ro code  0x0000442c    0xe0  I32DivModFast.o [5]
  .text                ro code  0x0000450c    0x34  I32ToDbl.o [4]
  .text                ro code  0x00004540    0xc2  DblDiv.o [4]
  .text                ro code  0x00004602    0x2a  zero_init3.o [5]
  .text                ro code  0x0000462c    0x52  DblToI32.o [4]
  .text                ro code  0x0000467e   0x184  DblMul.o [4]
  .text                ro code  0x00004802   0x1b4  DblAddSub.o [4]
  .text                ro code  0x000049b8    0x7e  mymath.o [1]
  .text                ro code  0x00004a38    0x88  beep.o [1]
  .text                ro code  0x00004ac0    0xd4  MKL_gpio.o [1]
  .text                ro code  0x00004b94    0x64  MKL_SysTick.o [1]
  .text                ro code  0x00004bf8     0x2  IntDivZer.o [5]
  .text                ro code  0x00004bfc    0xd8  MKL_port.o [1]
  .text                ro code  0x00004cd4    0x54  MKL_conf.o [1]
  .text                ro code  0x00004d28    0x24  printf.o [3]
  .text                ro code  0x00004d4c   0x40c  MKL_uart.o [1]
  .text                ro code  0x00005158   0xeea  xprintffull_nomb.o [3]
  .text                ro code  0x00006042    0x14  strchr.o [5]
  .text                ro code  0x00006056    0x10  strlen.o [5]
  .text                ro code  0x00006066    0x18  memchr.o [5]
  .text                ro code  0x0000607e    0x6a  I64DivMod.o [5]
  .text                ro code  0x000060e8    0x5c  ABImemcpy.o [5]
  .text                ro code  0x00006144    0x44  xdnorm.o [4]
  .text                ro code  0x00006188    0x32  DblCmpLe.o [4]
  .text                ro code  0x000061ba    0x32  DblCmpGe.o [4]
  .text                ro code  0x000061ec   0x11c  xdscale.o [4]
  .text                ro code  0x00006308    0x68  localeconv.o [3]
  .text                ro code  0x00006370    0x20  div.o [3]
  .text                ro code  0x00006390     0x2  I64DivZer.o [5]
  .text                ro code  0x00006392     0x2  xtls.o [3]
  .data_init                    0x00006394   0xb80  <Block>
    Initializer bytes  ro data  0x00006394   0xb80  <for .data-1>
  .text                ro code  0x00006f14   0x71c  ISR.o [1]
  .text                ro code  0x00007630    0x34  ABImemset.o [5]
  .text                ro code  0x00007664    0x3a  FltToS32.o [4]
  .text                ro code  0x0000769e   0x120  FltAddSub.o [4]
  .text                ro code  0x000077c0    0x9c  getspeed.o [1]
  .text                ro code  0x0000785c   0x384  ISR_FUN.o [1]
  .text                ro code  0x00007be0   0x200  MKL_adc.o [1]
  .text                ro code  0x00007de0   0x4ac  MKL_TPM.o [1]
  .text                ro code  0x0000828c    0x36  I32ToFlt.o [4]
  .text                ro code  0x000082c4    0x32  FltToDbl.o [4]
  .text                ro code  0x000082f6    0x62  DblToFlt.o [4]
  .text                ro code  0x00008358   0x122  pid.o [1]
  .text                ro code  0x0000847a    0xb4  FltMul.o [4]
  .text                ro code  0x00008530    0x26  FltCmpLe.o [4]
  .text                ro code  0x00008558   0x456  SCCB.o [1]
  .text                ro code  0x000089b0   0x344  MKL_mcg.o [1]
  .text                ro code  0x00008cf4   0x308  init.o [1]
  .text                ro code  0x00008ffc    0x8c  MKL_PIT.o [1]
  .text                ro code  0x00009088    0x50  misc.o [1]
  .text                ro code  0x000090d8   0x13c  dial_switch.o [1]
  .text                ro code  0x00009214    0x2c  LED.o [1]
  .text                ro code  0x00009240    0x38  myPWM.o [1]
  .text                ro code  0x00009278    0xc4  mykey.o [1]
  .text                ro code  0x0000933c   0x2e2  mpu6050.o [1]
  .text                ro code  0x00009620   0x230  OV7725.o [1]
  .text                ro code  0x00009850   0x230  mpuiic.o [1]
  .text                ro code  0x00009a80   0x1e8  MKL_dma.o [1]
  .text                ro code  0x00009c68   0x204  main.o [1]
  .text                ro code  0x00009e6c   0x184  system_MKL.o [1]
  .text                ro code  0x00009ff0    0x20  MKL_wdog.o [1]
  .rodata              const    0x0000a010    0x3c  MKL_conf.o [1]
  .rodata              const    0x0000a04c    0x34  MKL_SysTick.o [1]
  .rodata              const    0x0000a080    0x30  MKL_dma.o [1]
  .rodata              const    0x0000a0b0    0x30  MKL_PIT.o [1]
  .rodata              const    0x0000a0e0    0x30  MKL_TPM.o [1]
  .rodata              const    0x0000a110    0x2c  misc.o [1]
  .rodata              const    0x0000a13c    0x2c  MKL_adc.o [1]
  .text                ro code  0x0000a168    0x28  data_init.o [5]
  .rodata              const    0x0000a190    0x24  MKL_conf.o [1]
  .rodata              const    0x0000a1b4    0x24  OV7725.o [1]
  .iar.init_table      const    0x0000a1d8    0x10  - Linker created -
  .rodata              const    0x0000a1e8    0x20  OV7725.o [1]
  .rodata              const    0x0000a208    0x20  OV7725.o [1]
  .text                ro code  0x0000a228    0x1a  cmain.o [5]
  .text                ro code  0x0000a242     0x4  low_level_init.o [3]
  .text                ro code  0x0000a246     0x8  exit.o [3]
  .text                ro code  0x0000a250     0xa  cexit.o [5]
  .text                ro code  0x0000a25c    0x14  exit.o [6]
  .rodata              const    0x0000a270    0x18  OV7725.o [1]
  .rodata              const    0x0000a288    0x18  xprintffull_nomb.o [3]
  .text                ro code  0x0000a2a0    0x16  xprout.o [3]
  .text                ro code  0x0000a2b8    0x10  putchar.o [3]
  .rodata              const    0x0000a2c8    0x14  OV7725.o [1]
  .rodata              const    0x0000a2dc    0x10  OV7725.o [1]
  .text                ro code  0x0000a2ec     0xc  cstartup_M.o [5]
  .rodata              const    0x0000a2f8     0x8  image_process.o [1]
  .rodata              const    0x0000a300     0x8  image_process.o [1]
  .rodata              const    0x0000a308     0x8  ISR.o [1]
  Initializer bytes    ro data  0x0000a310    0x88  <for P2 s0>
                              - 0x0000a398  0x9f80

"P2":                                       0x68dc
  .data                         0x1fffe410   0xb80  <Block>
    .data-1                     0x1fffe410   0xb80  <Init block>
      .data            inited   0x1fffe410     0x4  beep.o [1]
      .data            inited   0x1fffe414     0x2  image_process.o [1]
      .data            inited   0x1fffe418     0x8  image_process.o [1]
      .data            inited   0x1fffe420    0x48  image_process.o [1]
      .data            inited   0x1fffe468     0xc  image_process.o [1]
      .data            inited   0x1fffe474     0x1  ISR.o [1]
      .data            inited   0x1fffe478   0x800  LCD.o [1]
      .data            inited   0x1fffec78     0x4  main.o [1]
      .data            inited   0x1fffec7c     0x4  main.o [1]
      .data            inited   0x1fffec80     0x2  main.o [1]
      .data            inited   0x1fffec82     0x1  main.o [1]
      .data            inited   0x1fffec83     0x1  main.o [1]
      .data            inited   0x1fffec84     0x1  main.o [1]
      .data            inited   0x1fffec85     0x1  main.o [1]
      .data            inited   0x1fffec88     0x4  main.o [1]
      .data            inited   0x1fffec8c     0x4  main.o [1]
      .data            inited   0x1fffec90     0x1  main.o [1]
      .data            inited   0x1fffec94     0x4  main.o [1]
      .data            inited   0x1fffec98     0x4  main.o [1]
      .data            inited   0x1fffec9c     0x4  main.o [1]
      .data            inited   0x1fffeca0     0x4  main.o [1]
      .data            inited   0x1fffeca4     0x2  main.o [1]
      .data            inited   0x1fffeca6     0x2  main.o [1]
      .data            inited   0x1fffeca8     0x2  main.o [1]
      .data            inited   0x1fffecac     0x4  MKL_adc.o [1]
      .data            inited   0x1fffecb0   0x1bc  MKL_conf.o [1]
      .data            inited   0x1fffee6c    0x14  MKL_gpio.o [1]
      .data            inited   0x1fffee80    0x34  MKL_mcg.o [1]
      .data            inited   0x1fffeeb4     0x4  MKL_mcg.o [1]
      .data            inited   0x1fffeeb8    0x14  MKL_port.o [1]
      .data            inited   0x1fffeecc     0xc  MKL_TPM.o [1]
      .data            inited   0x1fffeed8     0xc  MKL_uart.o [1]
      .data            inited   0x1fffeee4     0x1  mykey.o [1]
      .data            inited   0x1fffeee5     0x1  OV7725.o [1]
      .data            inited   0x1fffeee6     0x1  OV7725.o [1]
      .data            inited   0x1fffeee8    0x64  OV7725.o [1]
      .data            inited   0x1fffef4c     0x1  OV7725.o [1]
      .data            inited   0x1fffef50    0x40  xfiles.o [3]
  .bss                          0x1fffef90  0x5cd4  <Block>
    .bss               zero     0x1fffef90   0x140  image_process.o [1]
    .bss               zero     0x1ffff0d0   0xe14  image_process.o [1]
    .bss               zero     0x1ffffee4    0x14  image_process.o [1]
    .bss               zero     0x1ffffef8    0x14  image_process.o [1]
    .bss               zero     0x1fffff0c     0x4  ISR.o [1]
    .bss               zero     0x1fffff10     0x8  ISR.o [1]
    .bss               zero     0x1fffff18     0x4  ISR.o [1]
    .bss               zero     0x1fffff1c     0x4  ISR.o [1]
    .bss               zero     0x1fffff20     0x4  ISR.o [1]
    .bss               zero     0x1fffff24     0x4  ISR_FUN.o [1]
    .bss               zero     0x1fffff28    0x14  ISR_FUN.o [1]
    .bss               zero     0x1fffff3c    0x14  ISR_FUN.o [1]
    .bss               zero     0x1fffff50    0x28  ISR_FUN.o [1]
    .bss               zero     0x1fffff78     0x4  main.o [1]
    .bss               zero     0x1fffff7c     0x4  main.o [1]
    .bss               zero     0x1fffff80     0x4  main.o [1]
    .bss               zero     0x1fffff84     0x4  main.o [1]
    .bss               zero     0x1fffff88     0x4  main.o [1]
    .bss               zero     0x1fffff8c     0x4  main.o [1]
    .bss               zero     0x1fffff90     0x4  main.o [1]
    .bss               zero     0x1fffff94     0x4  main.o [1]
    .bss               zero     0x1fffff98    0x38  main.o [1]
    .bss               zero     0x1fffffd0    0x38  main.o [1]
    .bss               zero     0x20000008    0x38  main.o [1]
    .bss               zero     0x20000040    0x38  main.o [1]
    .bss               zero     0x20000078     0x4  main.o [1]
    .bss               zero     0x2000007c     0x4  main.o [1]
    .bss               zero     0x20000080     0x4  main.o [1]
    .bss               zero     0x20000084     0x4  main.o [1]
    .bss               zero     0x20000088     0x4  main.o [1]
    .bss               zero     0x2000008c     0x4  main.o [1]
    .bss               zero     0x20000090     0x4  MKL_wdog.o [1]
    .bss               zero     0x20000094  0x25a8  OV7725.o [1]
    .bss               zero     0x2000263c  0x25a8  OV7725.o [1]
    .bss               zero     0x20004be4     0x4  OV7725.o [1]
    .bss               zero     0x20004be8     0x4  system_MKL.o [1]
    .bss               zero     0x20004bec     0x4  system_MKL.o [1]
    .bss               zero     0x20004bf0     0x4  system_MKL.o [1]
    .bss               zero     0x20004bf4     0x4  system_MKL.o [1]
    .bss               zero     0x20004bf8    0x50  xfiles.o [3]
    .bss               zero     0x20004c48     0x2  LCD.o [1]
    .bss               zero     0x20004c4a     0x2  main.o [1]
    .bss               zero     0x20004c4c     0x2  main.o [1]
    .bss               zero     0x20004c4e     0x1  image_process.o [1]
    .bss               zero     0x20004c4f     0x1  image_process.o [1]
    .bss               zero     0x20004c50     0x1  image_process.o [1]
    .bss               zero     0x20004c51     0x1  image_process.o [1]
    .bss               zero     0x20004c52     0x1  image_process.o [1]
    .bss               zero     0x20004c53     0x1  image_process.o [1]
    .bss               zero     0x20004c54     0x1  image_process.o [1]
    .bss               zero     0x20004c55     0x1  ISR.o [1]
    .bss               zero     0x20004c56     0x1  ISR.o [1]
    .bss               zero     0x20004c57     0x1  ISR.o [1]
    .bss               zero     0x20004c58     0x1  ISR.o [1]
    .bss               zero     0x20004c59     0x1  ISR_FUN.o [1]
    .bss               zero     0x20004c5a     0x1  ISR_FUN.o [1]
    .bss               zero     0x20004c5b     0x1  main.o [1]
    .bss               zero     0x20004c5c     0x1  main.o [1]
    .bss               zero     0x20004c5d     0x1  main.o [1]
    .bss               zero     0x20004c5e     0x1  main.o [1]
    .bss               zero     0x20004c5f     0x1  main.o [1]
    .bss               zero     0x20004c60     0x1  main.o [1]
    .bss               zero     0x20004c61     0x1  main.o [1]
  CodeRelocateRam               0x20004c64     0x0  <Block>
  P2 s0                         0x20004c64    0x88  <Init block>
    __DLIB_PERTHREAD   inited   0x20004c64    0x88  localeconv.o [3]
                              - 0x20004cec  0x68dc


*******************************************************************************
*** INIT TABLE
***

          Address     Size
          -------     ----
Zero (__iar_zero_init3)
    1 destination range, total size 0x5cd2:
          0x1fffef90  0x5cd2



*******************************************************************************
*** MODULE SUMMARY
***

    Module              ro code  ro data  rw data
    ------              -------  -------  -------
D:\Island\6.13稳定进出环\Prj\IAR\Debug\Obj: [1]
    ISR.o                 1 820        9       29
    ISR_FUN.o               900                86
    LCD.o                 2 836    2 051    2 050
    LED.o                    44
    MKL_PIT.o               140       48
    MKL_SysTick.o           100       52
    MKL_TPM.o             1 196       60       12
    MKL_adc.o               512       50        4
    MKL_conf.o               84      540      444
    MKL_dma.o               488       48
    MKL_gpio.o              212       20       20
    MKL_mcg.o               836       56       56
    MKL_port.o              216       20       20
    MKL_uart.o            1 036       12       12
    MKL_wdog.o               32                 4
    OV7725.o                560      264   19 387
    SCCB.o                1 110
    beep.o                  136        4        4
    dial_switch.o           316
    getspeed.o              156
    image_process.o      13 568      112    4 065
    init.o                  776
    main.o                  516       50      336
    misc.o                   80       44
    mpu6050.o               738
    mpuiic.o                560
    myPWM.o                  56
    mykey.o                 196        1        1
    mymath.o                126
    pid.o                   290
    startup_MKL.o             8
    system_MKL.o            388                16
    vectors.o                      1 040
    ---------------------------------------------
    Total:               30 032    4 481   26 546

command line: [2]
    ---------------------------------------------
    Total:

dl6M_tlf.a: [3]
    div.o                    32
    exit.o                    8
    localeconv.o            104      136      136
    low_level_init.o          4
    printf.o                 36
    putchar.o                16
    xfiles.o                          67      144
    xprintffull_nomb.o    3 818       24
    xprout.o                 22
    xtls.o                    2
    ---------------------------------------------
    Total:                4 042      227      280

m6M_tl.a: [4]
    DblAddSub.o             436
    DblCmpGe.o               50
    DblCmpLe.o               50
    DblDiv.o                194
    DblMul.o                388
    DblToFlt.o               98
    DblToI32.o               82
    FltAddSub.o             288
    FltCmpLe.o               38
    FltMul.o                180
    FltToDbl.o               50
    FltToS32.o               58
    I32ToDbl.o               52
    I32ToFlt.o               54
    xdnorm.o                 68
    xdscale.o               284
    ---------------------------------------------
    Total:                2 370

rt6M_tl.a: [5]
    ABImemcpy.o              92
    ABImemset.o              52
    I32DivModFast.o         224
    I64DivMod.o             106
    I64DivZer.o               2
    IntDivZer.o               2
    cexit.o                  10
    cmain.o                  26
    cstartup_M.o             12
    data_init.o              40
    memchr.o                 24
    strchr.o                 20
    strlen.o                 16
    zero_init3.o             42
    ---------------------------------------------
    Total:                  668

shb_l.a: [6]
    exit.o                   20
    ---------------------------------------------
    Total:                   20

    Gaps                     24                16
    Linker created                    16
-------------------------------------------------
    Grand Total:         37 156    4 724   26 842


*******************************************************************************
*** ENTRY LIST
***

Entry                      Address    Size  Type      Object
-----                      -------    ----  ----      ------
.bss$$Base              0x1fffef90           --   Gb  - Linker created -
.bss$$Limit             0x20004c64           --   Gb  - Linker created -
.data$$Base             0x1fffe410           --   Gb  - Linker created -
.data$$Limit            0x1fffef90           --   Gb  - Linker created -
.data_init$$Base        0x00006394           --   Gb  - Linker created -
.data_init$$Limit       0x00006f14           --   Gb  - Linker created -
?main                   0x0000a229          Code  Gb  cmain.o [5]
ADCN                    0x1fffecac     0x4  Data  Gb  MKL_adc.o [1]
ASSERT_FAILED_STR       0x0000a190    0x24  Data  Gb  MKL_conf.o [1]
BEEP_Open_once          0x00004a4b    0x2a  Code  Gb  beep.o [1]
Beep_ISR                0x00004a8d    0x26  Code  Gb  beep.o [1]
Beep_Once               0x00004a75    0x18  Code  Gb  beep.o [1]
Blue_Start_Flag         0x1fffec85     0x1  Data  Gb  main.o [1]
Brush_Color             0x20004c48     0x2  Data  Gb  LCD.o [1]
CenterlineToDiff        0x00000cb1    0x22  Code  Gb  image_process.o [1]
CodeRelocate$$Base      0x00000410           --   Gb  - Linker created -
CodeRelocate$$Limit     0x00000410           --   Gb  - Linker created -
CodeRelocateRam$$Base   0x20004c64           --   Gb  - Linker created -
CodeRelocateRam$$Limit  0x20004c64           --   Gb  - Linker created -
Cross                   0x1fffe468     0xc  Data  Gb  image_process.o [1]
Cross_center_test       0x000031c5   0x348  Code  Gb  image_process.o [1]
Cross_curve_test        0x00002cb5   0x504  Code  Gb  image_process.o [1]
Cross_pre_test          0x00003515   0x354  Code  Gb  image_process.o [1]
Cross_process           0x00002871    0x26  Code  Gb  image_process.o [1]
DIFF_DOWN               0x1fffec98     0x4  Data  Gb  main.o [1]
DIFF_PID_CHANGE_FLAG    0x20004c5f     0x1  Data  Gb  main.o [1]
DIFF_UP                 0x1fffec94     0x4  Data  Gb  main.o [1]
DMA0_IRQHandler         0x0000705d    0x48  Code  Gb  ISR.o [1]
Diff_PID                0x20000008    0x38  Data  Gb  main.o [1]
Diff_PID_Process        0x000083eb    0x52  Code  Gb  pid.o [1]
Diff_PID_ave            0x1fffff24     0x4  Data  Gb  ISR_FUN.o [1]
Diff_error              0x20000078     0x4  Data  Gb  main.o [1]
Disp_single_colour      0x00004011    0x36  Code  Gb  LCD.o [1]
Duty_Motor1             0x1fffff90     0x4  Data  Gb  main.o [1]
Duty_Motor2             0x1fffff94     0x4  Data  Gb  main.o [1]
Elec_Island             0x00000d6f    0x84  Code  Gb  image_process.o [1]
Font8x16                0x1fffe478   0x800  Data  Gb  LCD.o [1]
GPIOX                   0x1fffee6c    0x14  Data  Gb  MKL_gpio.o [1]
Get_speed1              0x000077f1    0x34  Code  Gb  getspeed.o [1]
Get_speed2              0x00007825    0x34  Code  Gb  getspeed.o [1]
Gyro_Down               0x1fffeca0     0x4  Data  Gb  main.o [1]
Gyro_PID                0x20000040    0x38  Data  Gb  main.o [1]
Gyro_Up                 0x1fffec9c     0x4  Data  Gb  main.o [1]
IICwriteBit             0x00009429    0x48  Code  Gb  mpu6050.o [1]
IICwriteBits            0x00009471    0x60  Code  Gb  mpu6050.o [1]
ImageData               0x1fffef90   0x140  Data  Gb  image_process.o [1]
Image_Flag              0x1fffec90     0x1  Data  Gb  main.o [1]
Image_Island_Test       0x00001979   0x314  Code  Gb  image_process.o [1]
Image_Island_Test_Beep  0x1fffe410     0x4  Data  Gb  beep.o [1]
Image_fire              0x20004be4     0x4  Data  Gb  OV7725.o [1]
Image_fire_Memory1      0x20000094  0x25a8  Data  Gb  OV7725.o [1]
Image_fire_Memory2      0x2000263c  0x25a8  Data  Gb  OV7725.o [1]
Image_hang              0x1ffff0d0   0xe14  Data  Gb  image_process.o [1]
Image_lie               0x1fffe418     0x8  Data  Gb  image_process.o [1]
In_Cross                0x000028d5   0x3ac  Code  Gb  image_process.o [1]
In_Cross_test           0x00002897    0x34  Code  Gb  image_process.o [1]
In_Island               0x00000e1d   0x2aa  Code  Gb  image_process.o [1]
In_Island_center        0x00001105   0x392  Code  Gb  image_process.o [1]
Island                  0x1fffe420    0x48  Data  Gb  image_process.o [1]
Island_process          0x00000d55    0x1a  Code  Gb  image_process.o [1]
KEY_Scan                0x000092b3    0x7e  Code  Gb  mykey.o [1]
Key_Start_Flag          0x20004c5e     0x1  Data  Gb  main.o [1]
Key_status              0x20004c5b     0x1  Data  Gb  main.o [1]
LCD_DISPLAY_FLAG        0x1fffec83     0x1  Data  Gb  main.o [1]
LCD_DrawBigPoint        0x000043f5    0x38  Code  Gb  LCD.o [1]
LCD_DrawPoint           0x000043d1    0x24  Code  Gb  LCD.o [1]
LCD_Draw_Line           0x000042f9    0xd8  Code  Gb  LCD.o [1]
LCD_PORT_init           0x00003919    0x2c  Code  Gb  LCD.o [1]
LCD_PutChar             0x00003f5f    0x1e  Code  Gb  LCD.o [1]
LCD_PutChar8x16         0x00003fb5    0x56  Code  Gb  LCD.o [1]
LCD_PutString           0x00003f7d    0x38  Code  Gb  LCD.o [1]
LCD_Put_Int             0x00004047   0x24a  Code  Gb  LCD.o [1]
LCD_SetPos              0x00003ef9    0x66  Code  Gb  LCD.o [1]
LCD_init                0x00003945   0x246  Code  Gb  LCD.o [1]
L_AD_Ave                0x1fffff78     0x4  Data  Gb  main.o [1]
LoadInt                 0x00005717    0x68  Code  Lc  xprintffull_nomb.o [3]
MPU6050_setClockSource  0x000094e3    0x14  Code  Gb  mpu6050.o [1]
MPU6050_setDLPF         0x00009553    0x14  Code  Gb  mpu6050.o [1]
MPU6050_setFullScaleAccelRange
                        0x00009533    0x20  Code  Gb  mpu6050.o [1]
MPU6050_setFullScaleGyroRange
                        0x00009513    0x20  Code  Gb  mpu6050.o [1]
MPU6050_setSleepEnabled
                        0x000094d1    0x12  Code  Gb  mpu6050.o [1]
MPU6050_set_SMPLRT_DIV  0x000094f7    0x1c  Code  Gb  mpu6050.o [1]
MPU_IIC_Ack             0x0000993b    0x3e  Code  Gb  mpuiic.o [1]
MPU_IIC_Init            0x00009851    0x18  Code  Gb  mpuiic.o [1]
MPU_IIC_NAck            0x00009979    0x3e  Code  Gb  mpuiic.o [1]
MPU_IIC_Read_Byte       0x00009a13    0x60  Code  Gb  mpuiic.o [1]
MPU_IIC_Send_Byte       0x000099b7    0x5c  Code  Gb  mpuiic.o [1]
MPU_IIC_Start           0x00009869    0x3e  Code  Gb  mpuiic.o [1]
MPU_IIC_Stop            0x000098a7    0x3e  Code  Gb  mpuiic.o [1]
MPU_IIC_Wait_Ack        0x000098e5    0x56  Code  Gb  mpuiic.o [1]
MPU_Init                0x0000933d    0xec  Code  Gb  mpu6050.o [1]
MPU_Read_Byte           0x000095e1    0x3e  Code  Gb  mpu6050.o [1]
MPU_Read_Len            0x0000956d    0x28  Code  Gb  mpu6050.o [1]
MPU_Write_Byte          0x00009595    0x4c  Code  Gb  mpu6050.o [1]
MYADC_INIT              0x00007dd1    0x10  Code  Gb  MKL_adc.o [1]
Master_Speed            0x1fffec80     0x2  Data  Gb  main.o [1]
Memory_use_Flag         0x1fffeee5     0x1  Data  Gb  OV7725.o [1]
Motor1                  0x1fffff80     0x4  Data  Gb  main.o [1]
Motor1_PID              0x1fffff98    0x38  Data  Gb  main.o [1]
Motor2                  0x1fffff84     0x4  Data  Gb  main.o [1]
Motor2_PID              0x1fffffd0    0x38  Data  Gb  main.o [1]
Motor_enable_Flag       0x1fffec84     0x1  Data  Gb  main.o [1]
Motot1_Init             0x00009241    0x1c  Code  Gb  myPWM.o [1]
Motot2_Init             0x0000925d    0x1c  Code  Gb  myPWM.o [1]
NVIC_DisableIRQ         0x00006f23     0xe  Code  Lc  ISR.o [1]
NVIC_DisableIRQ         0x0000962f     0xe  Code  Lc  OV7725.o [1]
NVIC_EnableIRQ          0x00008cf5     0xe  Code  Lc  init.o [1]
NVIC_EnableIRQ          0x00006f15     0xe  Code  Lc  ISR.o [1]
NVIC_EnableIRQ          0x00004d4d     0xe  Code  Lc  MKL_uart.o [1]
NVIC_EnableIRQ          0x00009621     0xe  Code  Lc  OV7725.o [1]
Out_Island              0x00001599   0x3ac  Code  Gb  image_process.o [1]
Out_Island_Test         0x00001d81   0x346  Code  Gb  image_process.o [1]
Ov7725_Init             0x00009721    0x12  Code  Gb  OV7725.o [1]
Ov7725_exti_Init        0x0000963d    0xc6  Code  Gb  OV7725.o [1]
Ov7725_reg_Init         0x00009733    0xc4  Code  Gb  OV7725.o [1]
PID_Init                0x0000843d    0x3e  Code  Gb  pid.o [1]
PID_process             0x00008359    0x92  Code  Gb  pid.o [1]
PIT_IRQHandler          0x0000736d   0x22e  Code  Gb  ISR.o [1]
PORTX                   0x1fffeeb8    0x14  Data  Gb  MKL_port.o [1]
Parameters_init_CAR     0x00008dcd   0x19c  Code  Gb  init.o [1]
R_AD_Ave                0x1fffff7c     0x4  Data  Gb  main.o [1]
Reduct_Flag             0x20004c5d     0x1  Data  Gb  main.o [1]
Region$$Table$$Base     0x0000a1d8           --   Gb  - Linker created -
Region$$Table$$Limit    0x0000a1e8           --   Gb  - Linker created -
Reset_Handler           0x00000411          Code  Gb  startup_MKL.o [1]
SCCB_Ack                0x00008697    0x4e  Code  Lc  SCCB.o [1]
SCCB_GPIO_init          0x00008571    0x28  Code  Gb  SCCB.o [1]
SCCB_NoAck              0x000086e5    0x50  Code  Lc  SCCB.o [1]
SCCB_ReadByte           0x00008929    0x86  Code  Gb  SCCB.o [1]
SCCB_ReceiveByte        0x0000883d    0x8e  Code  Lc  SCCB.o [1]
SCCB_SendByte           0x000087c7    0x6e  Code  Lc  SCCB.o [1]
SCCB_Start              0x00008599    0xba  Code  Lc  SCCB.o [1]
SCCB_Stop               0x00008653    0x44  Code  Lc  SCCB.o [1]
SCCB_WaitAck            0x00008735    0x92  Code  Lc  SCCB.o [1]
SCCB_WriteByte          0x000088e1    0x48  Code  Gb  SCCB.o [1]
SCCB_delay              0x00008559    0x18  Code  Lc  SCCB.o [1]
Send_Image_to_LCD       0x0000429d    0x56  Code  Gb  LCD.o [1]
Slow_Flag               0x20004c5c     0x1  Data  Gb  main.o [1]
Speed_Control           0x0000785d    0x98  Code  Gb  ISR_FUN.o [1]
Speed_L_sum             0x1fffff88     0x4  Data  Gb  main.o [1]
Speed_R_sum             0x1fffff8c     0x4  Data  Gb  main.o [1]
Speed_goal1             0x1fffec78     0x4  Data  Gb  main.o [1]
Speed_goal1_TEMP        0x1fffec88     0x4  Data  Gb  main.o [1]
Speed_goal2             0x1fffec7c     0x4  Data  Gb  main.o [1]
Speed_goal2_TEMP        0x1fffec8c     0x4  Data  Gb  main.o [1]
Speed_output            0x00007911   0x25c  Code  Gb  ISR_FUN.o [1]
Speed_stand             0x20004c4a     0x2  Data  Gb  main.o [1]
Start_line_cnt          0x20004c50     0x1  Data  Gb  image_process.o [1]
Start_line_delay        0x1fffe414     0x2  Data  Gb  image_process.o [1]
Start_line_flag         0x20004c4f     0x1  Data  Gb  image_process.o [1]
Stay2Out_test           0x000020d1   0x33e  Code  Gb  image_process.o [1]
Stay_Island             0x000014a5    0xd4  Code  Gb  image_process.o [1]
Str_Cross               0x0000386d    0x90  Code  Gb  image_process.o [1]
Str_Cross_Test          0x00000cdd    0x50  Code  Gb  image_process.o [1]
Switch_Status           0x20004c4c     0x2  Data  Gb  main.o [1]
System_Init             0x00008d03    0xc0  Code  Gb  init.o [1]
TPMN                    0x1fffeecc     0xc  Data  Gb  MKL_TPM.o [1]
Test_Far_Lie            0x00001c9d    0xdc  Code  Gb  image_process.o [1]
TimeCnt_Start_Reduct_Flag
                        0x1fffe474     0x1  Data  Gb  ISR.o [1]
Time_1ms                0x20000080     0x4  Data  Gb  main.o [1]
UARTN                   0x1fffeed8     0xc  Data  Gb  MKL_uart.o [1]
USART1_IRQHandler       0x000070ed   0x22e  Code  Gb  ISR.o [1]
VSYNC_IRQ               0x00006fa5    0xb8  Code  Gb  ISR.o [1]
Wait_Next_Island        0x00002419    0xba  Code  Gb  image_process.o [1]
Wait_Next_center        0x000024e1   0x388  Code  Gb  image_process.o [1]
_1000ms_cnt             0x2000008c     0x4  Data  Gb  main.o [1]
_GenldFullNoMb          0x00005d39   0x2d6  Code  Lc  xprintffull_nomb.o [3]
_LdtobFullNoMb          0x000058b1   0x474  Code  Lc  xprintffull_nomb.o [3]
_LitobFullNoMb          0x0000577f   0x12e  Code  Lc  xprintffull_nomb.o [3]
_Locale_aeabi_lconv     0x20004cb4    0x38  Data  Gb  localeconv.o [3]
_Locale_lconv           0x20004c64    0x50  Data  Gb  localeconv.o [3]
_PrintfFullNoMb         0x00005159   0x5be  Code  Gb  xprintffull_nomb.o [3]
_Prout                  0x0000a2a1    0x16  Code  Gb  xprout.o [3]
_PutcharsFullNoMb       0x00006013    0x30  Code  Lc  xprintffull_nomb.o [3]
__BOOT_STACK_ADDRESS {Abs}
                        0x20005ff8           --   Gb  command line/config [2]
__VECTOR_RAM {Abs}      0x1fffe000           --   Gb  command line/config [2]
__VECTOR_TABLE {Abs}    0x00000000           --   Gb  command line/config [2]
__aeabi_cdcmple         0x00006189          Code  Gb  DblCmpLe.o [4]
__aeabi_cdrcmple        0x000061bb          Code  Gb  DblCmpGe.o [4]
__aeabi_cfcmple         0x00008531          Code  Gb  FltCmpLe.o [4]
__aeabi_d2f             0x000082f7          Code  Gb  DblToFlt.o [4]
__aeabi_d2iz            0x0000462d          Code  Gb  DblToI32.o [4]
__aeabi_d2uiz           0x00004651          Code  Gb  DblToI32.o [4]
__aeabi_dadd            0x00004803          Code  Gb  DblAddSub.o [4]
__aeabi_ddiv            0x00004541          Code  Gb  DblDiv.o [4]
__aeabi_dmul            0x0000467f          Code  Gb  DblMul.o [4]
__aeabi_dsub            0x000048c9          Code  Gb  DblAddSub.o [4]
__aeabi_f2d             0x000082c5          Code  Gb  FltToDbl.o [4]
__aeabi_f2iz            0x00007665          Code  Gb  FltToS32.o [4]
__aeabi_fadd            0x0000769f          Code  Gb  FltAddSub.o [4]
__aeabi_fmul            0x0000847b          Code  Gb  FltMul.o [4]
__aeabi_fsub            0x0000770f          Code  Gb  FltAddSub.o [4]
__aeabi_i2d             0x0000450d          Code  Gb  I32ToDbl.o [4]
__aeabi_i2f             0x0000828d          Code  Gb  I32ToFlt.o [4]
__aeabi_idiv            0x00004459          Code  Gb  I32DivModFast.o [5]
__aeabi_idiv0           0x00004bf9          Code  Gb  IntDivZer.o [5]
__aeabi_idivmod         0x00004459          Code  Gb  I32DivModFast.o [5]
__aeabi_ldiv0           0x00006391          Code  Gb  I64DivZer.o [5]
__aeabi_memclr4         0x00007661          Code  Gb  ABImemset.o [5]
__aeabi_memclr8         0x00007661          Code  Gb  ABImemset.o [5]
__aeabi_memcpy          0x000060e9          Code  Gb  ABImemcpy.o [5]
__aeabi_ui2d            0x00004521          Code  Gb  I32ToDbl.o [4]
__aeabi_ui2f            0x000082a5          Code  Gb  I32ToFlt.o [4]
__aeabi_uidiv           0x0000445f          Code  Gb  I32DivModFast.o [5]
__aeabi_uidivmod        0x0000445f          Code  Gb  I32DivModFast.o [5]
__aeabi_uldivmod        0x0000607f          Code  Gb  I64DivMod.o [5]
__cmain                 0x0000a229          Code  Gb  cmain.o [5]
__exit                  0x0000a25d    0x14  Code  Gb  exit.o [6]
__iar_Dnorm             0x00006145    0x44  Code  Gb  xdnorm.o [4]
__iar_Dscale            0x000061ed   0x11c  Code  Gb  xdscale.o [4]
__iar_Locale_lconv_init
                        0x00006309    0x32  Code  Gb  localeconv.o [3]
__iar_Memchr            0x00006067    0x18  Code  Gb  memchr.o [5]
__iar_Memset4_word      0x00007631          Code  Gb  ABImemset.o [5]
__iar_Stdout            0x1fffef50    0x40  Data  Gb  xfiles.o [3]
__iar_Strchr            0x00006043    0x14  Code  Gb  strchr.o [5]
__iar_d2uiz             0x00004655          Code  Gb  DblToI32.o [4]
__iar_data_init3        0x0000a169    0x28  Code  Gb  data_init.o [5]
__iar_dlib_perthread_access
                        0x00006393     0x2  Code  Gb  xtls.o [3]
__iar_program_start     0x0000a2ed          Code  Gb  cstartup_M.o [5]
__iar_ui2d              0x00004525          Code  Gb  I32ToDbl.o [4]
__iar_ui2f              0x000082a9          Code  Gb  I32ToFlt.o [4]
__iar_zero_init3        0x00004603    0x2a  Code  Gb  zero_init3.o [5]
__low_level_init        0x0000a243     0x4  Code  Gb  low_level_init.o [3]
__vector_table          0x00000000   0x410  Data  Gb  vectors.o [1]
_call_main              0x0000a235          Code  Gb  cmain.o [5]
_exit                   0x0000a251          Code  Gb  cexit.o [5]
_main                   0x0000a23f          Code  Gb  cmain.o [5]
adc_init                0x00007be1   0x138  Code  Gb  MKL_adc.o [1]
adc_once                0x00007d19    0x5a  Code  Gb  MKL_adc.o [1]
adc_start               0x00007d73    0x4c  Code  Lc  MKL_adc.o [1]
assert_failed           0x00004cd5    0x12  Code  Gb  MKL_conf.o [1]
bus_clk_khz             0x20004bf4     0x4  Data  Gb  system_MKL.o [1]
button_timeout          0x1fffec82     0x1  Data  Gb  main.o [1]
cfgnum                  0x1fffef4c     0x1  Data  Gb  OV7725.o [1]
clk_out_init            0x00009eef    0x24  Code  Gb  system_MKL.o [1]
common_startup          0x00009f13    0x92  Code  Gb  system_MKL.o [1]
core_clk_khz            0x20004bec     0x4  Data  Gb  system_MKL.o [1]
core_clk_mhz            0x20004bf0     0x4  Data  Gb  system_MKL.o [1]
default_isr             0x00004cfd    0x1c  Code  Gb  MKL_conf.o [1]
dial_switch_Init        0x000090d9    0x94  Code  Gb  dial_switch.o [1]
dial_switch_Scan        0x0000916d    0xa2  Code  Gb  dial_switch.o [1]
diff_done_flag          0x20004c4e     0x1  Data  Gb  image_process.o [1]
div                     0x00006371    0x20  Code  Gb  div.o [3]
dma_portx2buff_init     0x00009a81   0x1e8  Code  Gb  MKL_dma.o [1]
dma_repeat              0x00006f31    0x74  Code  Lc  ISR.o [1]
double_AD               0x00000d2d    0x1e  Code  Gb  image_process.o [1]
exit                    0x0000a247     0x8  Code  Gb  exit.o [3]
fputc                   0x00004ce7    0x14  Code  Gb  MKL_conf.o [1]
get_black_line          0x000006e9   0x33a  Code  Gb  image_process.o [1]
get_three_lie           0x00000a39   0x270  Code  Gb  image_process.o [1]
getspeed1_init          0x000077c1    0x18  Code  Gb  getspeed.o [1]
getspeed2_init          0x000077d9    0x18  Code  Gb  getspeed.o [1]
gpio_init               0x00004ac1    0xce  Code  Gb  MKL_gpio.o [1]
image_process           0x00000419   0x266  Code  Gb  image_process.o [1]
image_run_times         0x20004c60     0x1  Data  Gb  main.o [1]
img_flag                0x1fffeee6     0x1  Data  Gb  OV7725.o [1]
localeconv              0x0000633b    0x18  Code  Gb  localeconv.o [3]
main                    0x00009c69   0x204  Code  Gb  main.o [1]
mcg_cfg                 0x1fffee80    0x34  Data  Gb  MKL_mcg.o [1]
mcg_div                 0x1fffeeb4     0x4  Data  Gb  MKL_mcg.o [1]
mcg_div_count           0x000089b1   0x222  Code  Gb  MKL_mcg.o [1]
min_u8_index            0x000049b9    0x30  Code  Gb  mymath.o [1]
myBEEP_Init             0x00004a39    0x12  Code  Gb  beep.o [1]
myKEY_Init              0x00009279    0x3a  Code  Gb  mykey.o [1]
myLED_Init              0x00009215    0x2c  Code  Gb  LED.o [1]
obuf                    0x20004bf8    0x50  Data  Lc  xfiles.o [3]
ov7725_get_img          0x00009703    0x1e  Code  Gb  OV7725.o [1]
ov7727_reg              0x1fffeee8    0x64  Data  Gb  OV7725.o [1]
pit_init                0x00008ffd    0x7a  Code  Gb  MKL_PIT.o [1]
pll_clk_mhz             0x20004be8     0x4  Data  Gb  system_MKL.o [1]
pll_init                0x00008be1    0xc6  Code  Gb  MKL_mcg.o [1]
port_init               0x00004bfd    0x50  Code  Gb  MKL_port.o [1]
port_init_NoALT         0x00004c4d    0x7a  Code  Gb  MKL_port.o [1]
power_s16               0x000049e9    0x1a  Code  Gb  mymath.o [1]
printf                  0x00004d29    0x24  Code  Gb  printf.o [3]
putchar                 0x0000a2b9    0x10  Code  Gb  putchar.o [3]
road_filter_flag        0x20004c51     0x1  Data  Gb  image_process.o [1]
set_vector_handler      0x000090a9    0x24  Code  Gb  misc.o [1]
stand_AD                0x1fffeca8     0x2  Data  Gb  main.o [1]
stand_AD_L              0x1fffeca4     0x2  Data  Gb  main.o [1]
stand_AD_R              0x1fffeca6     0x2  Data  Gb  main.o [1]
stand_d                 0x20000088     0x4  Data  Gb  main.o [1]
stand_half_k            0x2000007c     0x4  Data  Gb  main.o [1]
stand_p                 0x20000084     0x4  Data  Gb  main.o [1]
start                   0x00009e6d    0x18  Code  Gb  system_MKL.o [1]
start_check             0x00004cfb     0x2  Code  Gb  MKL_conf.o [1]
strlen                  0x00006057    0x10  Code  Gb  strlen.o [5]
sum_point               0x00004a03    0x34  Code  Gb  mymath.o [1]
sysinit                 0x00009e85    0x6a  Code  Gb  system_MKL.o [1]
systick_delay           0x00004b95    0x38  Code  Gb  MKL_SysTick.o [1]
systick_delay_ms        0x00004bcd    0x18  Code  Gb  MKL_SysTick.o [1]
tanzhen                 0x20004c61     0x1  Data  Gb  main.o [1]
tpm_port_mux            0x00007de1    0xf4  Code  Gb  MKL_TPM.o [1]
tpm_pulse_clean         0x0000824b    0x10  Code  Gb  MKL_TPM.o [1]
tpm_pulse_get           0x0000825b    0x10  Code  Gb  MKL_TPM.o [1]
tpm_pulse_init          0x00008151    0xfa  Code  Gb  MKL_TPM.o [1]
tpm_pwm_duty            0x00008051    0xe4  Code  Gb  MKL_TPM.o [1]
tpm_pwm_init            0x00007ed5   0x178  Code  Gb  MKL_TPM.o [1]
uart_init               0x00004d5b   0x2c0  Code  Gb  MKL_uart.o [1]
uart_putchar            0x000050d5    0x34  Code  Gb  MKL_uart.o [1]
uart_querychar          0x00005029    0x42  Code  Gb  MKL_uart.o [1]
uart_querystr           0x00005079    0x4a  Code  Gb  MKL_uart.o [1]
uart_rx_irq_en          0x00005115    0x2c  Code  Gb  MKL_uart.o [1]
vector_str              0x1fffecb0   0x1bc  Data  Gb  MKL_conf.o [1]
wdog_cfg                0x20000090     0x4  Data  Lc  MKL_wdog.o [1]
wdog_disable            0x00009ff1    0x16  Code  Gb  MKL_wdog.o [1]
write_command           0x00003b95   0x1a4  Code  Gb  LCD.o [1]
write_data              0x00003d39   0x1a4  Code  Gb  LCD.o [1]
write_vtor              0x00009089    0x20  Code  Gb  misc.o [1]
write_word              0x00003ee1    0x18  Code  Gb  LCD.o [1]


[1] = D:\Island\6.13稳定进出环\Prj\IAR\Debug\Obj
[2] = command line
[3] = dl6M_tlf.a
[4] = m6M_tl.a
[5] = rt6M_tl.a
[6] = shb_l.a

  37 156 bytes of readonly  code memory
   4 724 bytes of readonly  data memory
  26 842 bytes of readwrite data memory

Errors: none
Warnings: none
